Archive member included to satisfy reference by file (symbol)

app/libapp.a(main.c.obj)      (--whole-archive)
app/libapp.a(MI_Tech_API.c.obj)
                              (--whole-archive)
zephyr/libzephyr.a(cbprintf.c.obj)
                              (--whole-archive)
zephyr/libzephyr.a(cbprintf_packaged.c.obj)
                              (--whole-archive)
zephyr/libzephyr.a(crc32c_sw.c.obj)
                              (--whole-archive)
zephyr/libzephyr.a(crc32_sw.c.obj)
                              (--whole-archive)
zephyr/libzephyr.a(crc16_sw.c.obj)
                              (--whole-archive)
zephyr/libzephyr.a(crc8_sw.c.obj)
                              (--whole-archive)
zephyr/libzephyr.a(crc7_sw.c.obj)
                              (--whole-archive)
zephyr/libzephyr.a(dec.c.obj)
                              (--whole-archive)
zephyr/libzephyr.a(fdtable.c.obj)
                              (--whole-archive)
zephyr/libzephyr.a(hex.c.obj)
                              (--whole-archive)
zephyr/libzephyr.a(notify.c.obj)
                              (--whole-archive)
zephyr/libzephyr.a(printk.c.obj)
                              (--whole-archive)
zephyr/libzephyr.a(onoff.c.obj)
                              (--whole-archive)
zephyr/libzephyr.a(rb.c.obj)  (--whole-archive)
zephyr/libzephyr.a(sem.c.obj)
                              (--whole-archive)
zephyr/libzephyr.a(thread_entry.c.obj)
                              (--whole-archive)
zephyr/libzephyr.a(timeutil.c.obj)
                              (--whole-archive)
zephyr/libzephyr.a(heap.c.obj)
                              (--whole-archive)
zephyr/libzephyr.a(heap-validate.c.obj)
                              (--whole-archive)
zephyr/libzephyr.a(bitarray.c.obj)
                              (--whole-archive)
zephyr/libzephyr.a(cbprintf_complete.c.obj)
                              (--whole-archive)
zephyr/libzephyr.a(assert.c.obj)
                              (--whole-archive)
zephyr/libzephyr.a(mpsc_pbuf.c.obj)
                              (--whole-archive)
zephyr/libzephyr.a(reboot.c.obj)
                              (--whole-archive)
zephyr/libzephyr.a(configs.c.obj)
                              (--whole-archive)
zephyr/libzephyr.a(soc.c.obj)
                              (--whole-archive)
zephyr/libzephyr.a(power.c.obj)
                              (--whole-archive)
zephyr/libzephyr.a(validate_base_addresses.c.obj)
                              (--whole-archive)
zephyr/libzephyr.a(validate_enabled_instances.c.obj)
                              (--whole-archive)
zephyr/libzephyr.a(log_list.c.obj)
                              (--whole-archive)
zephyr/libzephyr.a(log_core.c.obj)
                              (--whole-archive)
zephyr/libzephyr.a(log_msg.c.obj)
                              (--whole-archive)
zephyr/libzephyr.a(log_output.c.obj)
                              (--whole-archive)
zephyr/libzephyr.a(log_backend_rtt.c.obj)
                              (--whole-archive)
zephyr/libzephyr.a(nvs.c.obj)
                              (--whole-archive)
zephyr/libzephyr.a(rpmsg_backend.c.obj)
                              (--whole-archive)
zephyr/libzephyr.a(rpmsg_service.c.obj)
                              (--whole-archive)
zephyr/libzephyr.a(addr_utils.c.obj)
                              (--whole-archive)
zephyr/libzephyr.a(flash_map.c.obj)
                              (--whole-archive)
zephyr/libzephyr.a(settings_store.c.obj)
                              (--whole-archive)
zephyr/libzephyr.a(settings.c.obj)
                              (--whole-archive)
zephyr/libzephyr.a(settings_init.c.obj)
                              (--whole-archive)
zephyr/libzephyr.a(settings_line.c.obj)
                              (--whole-archive)
zephyr/libzephyr.a(settings_nvs.c.obj)
                              (--whole-archive)
zephyr/libzephyr.a(power.c.obj)
                              (--whole-archive)
zephyr/libzephyr.a(pm_ctrl.c.obj)
                              (--whole-archive)
zephyr/libzephyr.a(policy_residency.c.obj)
                              (--whole-archive)
zephyr/libzephyr.a(uart_console.c.obj)
                              (--whole-archive)
zephyr/libzephyr.a(clock_control_nrf.c.obj)
                              (--whole-archive)
zephyr/libzephyr.a(rpmsg.c.obj)
                              (--whole-archive)
zephyr/libzephyr.a(rpmsg_nrf53.c.obj)
                              (--whole-archive)
zephyr/libzephyr.a(sys_clock_init.c.obj)
                              (--whole-archive)
zephyr/libzephyr.a(nrf_rtc_timer.c.obj)
                              (--whole-archive)
zephyr/libzephyr.a(gatt_dm.c.obj)
                              (--whole-archive)
zephyr/libzephyr.a(scan.c.obj)
                              (--whole-archive)
zephyr/libzephyr.a(nus_client.c.obj)
                              (--whole-archive)
zephyr/libzephyr.a(secure_services_ns.c.obj)
                              (--whole-archive)
[...]
Memory Configuration

Name             Origin             Length             Attributes
FLASH            0x00010000         0x000ee000         xr
SRAM             0x20008000         0x00068000         xw
SRAM1            0x21000000         0x00010000         rw
IDT_LIST         0x20070000         0x00000800         xw
*default*        0x00000000         0xffffffff

Linker script and memory map

LOAD zephyr/CMakeFiles/zephyr_final.dir/misc/empty_file.c.obj
LOAD zephyr/CMakeFiles/zephyr_final.dir/isr_tables.c.obj
LOAD zephyr/CMakeFiles/zephyr_final.dir/dev_handles.c.obj
                0x00000020                _region_min_align = 0x20

.rel.plt        0x00010000        0x0
 *(SORT_BY_ALIGNMENT(.rel.plt))
                [!provide]                PROVIDE (__rel_iplt_start = .)
 *(SORT_BY_ALIGNMENT(.rel.iplt))
 .rel.iplt      0x00010000        0x0 zephyr/CMakeFiles/zephyr_final.dir/isr_tables.c.obj
                [!provide]                PROVIDE (__rel_iplt_end = .)

.rela.plt       0x00000000        0x0
 *(SORT_BY_ALIGNMENT(.rela.plt))
                [!provide]                PROVIDE (__rela_iplt_start = .)
 *(SORT_BY_ALIGNMENT(.rela.iplt))
                [!provide]                PROVIDE (__rela_iplt_end = .)

.rel.dyn
 *(SORT_BY_ALIGNMENT(.rel.*))

.rela.dyn
 *(SORT_BY_ALIGNMENT(.rela.*))

/DISCARD/
 *(SORT_BY_ALIGNMENT(.plt))
 *(SORT_BY_ALIGNMENT(.iplt))
 *(SORT_BY_ALIGNMENT(.got.plt))
 *(SORT_BY_ALIGNMENT(.igot.plt))
 *(SORT_BY_ALIGNMENT(.got))
 *(SORT_BY_ALIGNMENT(.igot))
 *(SORT_BY_ALIGNMENT(.irq_info*))
 *(SORT_BY_ALIGNMENT(.intList*))
 *(SORT_BY_ALIGNMENT(.note.GNU-stack))
                0x00010000                _image_rom_start = 0x10000

rom_start       0x00010000      0x23c
                0x00000000                . = 0x0
                0x00000000                . = ALIGN (0x4)
                0x00000000                . = ALIGN (0x80)
                0x00000000                . = ALIGN (0x200)
                0x00010000                _vector_start = .
 *(SORT_BY_ALIGNMENT(.exc_vector_table))
 *(SORT_BY_ALIGNMENT(.exc_vector_table.*))
 .exc_vector_table._vector_table_section
                0x00010000       0x40 zephyr/arch/arch/arm/core/aarch32/cortex_m/libarch__arm__core__aarch32__cortex_m.a(vector_table.S.obj)
                0x00010000                _vector_table
 *(SORT_BY_ALIGNMENT(.gnu.linkonce.irq_vector_table*))
 .gnu.linkonce.irq_vector_table
                0x00010040      0x114 zephyr/CMakeFiles/zephyr_final.dir/isr_tables.c.obj
                0x00010040                _irq_vector_table
 *(SORT_BY_ALIGNMENT(.vectors))
                0x00010154                _vector_end = .
                0x00000200                . = 0x200
 *fill*         0x00010154       0xac 
                0x00010200                _fw_info_start = .
 *(SORT_BY_NAME(SORT_BY_ALIGNMENT(.firmware_info*)))
 .firmware_info
                0x00010200       0x3c modules/nrf/subsys/fw_info/lib..__nrf__subsys__fw_info.a(fw_info.c.obj)
                0x00010200                m_firmware_info
                0x0000003c                _fw_info_size = ABSOLUTE ((. - _fw_info_start))

text            0x00010240    0x1ba1e
                0x00010240                _image_text_start = .
 *(SORT_BY_ALIGNMENT(.text))
 .text          0x00010240       0x30 c:/nordicsemi/v1.6.1/toolchain/opt/bin/../lib/gcc/arm-none-eabi/9.2.1/thumb/v8-m.main/nofp\libgcc.a(_aeabi_uldivmod.o)
                0x00010240                __aeabi_uldivmod
 .text          0x00010270      0x2c8 c:/nordicsemi/v1.6.1/toolchain/opt/bin/../lib/gcc/arm-none-eabi/9.2.1/thumb/v8-m.main/nofp\libgcc.a(_udivmoddi4.o)
                0x00010270                __udivmoddi4
 .text          0x00010538        0x4 c:/nordicsemi/v1.6.1/toolchain/opt/bin/../lib/gcc/arm-none-eabi/9.2.1/thumb/v8-m.main/nofp\libgcc.a(_dvmd_tls.o)
                0x00010538                __aeabi_idiv0
                0x00010538                __aeabi_ldiv0
 *(SORT_BY_ALIGNMENT(.text.*))
 *fill*         0x0001053c        0x4 
 .text.bt_init  0x00010540      0x528 zephyr/subsys/bluetooth/host/libsubsys__bluetooth__host.a(hci_core.c.obj)
 .text.discovery_error
                0x00010a68       0x20 app/libapp.a(main.c.obj)
 .text.discovery_service_not_found
                0x00010a88       0x20 app/libapp.a(main.c.obj)
 .text.scan_connecting_error
                0x00010aa8       0x20 app/libapp.a(main.c.obj)
 .text.discovery_complete
                0x00010ac8       0x40 app/libapp.a(main.c.obj)
 .text.scan_connecting
                0x00010b08       0x14 app/libapp.a(main.c.obj)
 .text.exchange_func
                0x00010b1c       0x30 app/libapp.a(main.c.obj)
 .text.nus_client_init
                0x00010b4c       0x60 app/libapp.a(main.c.obj)
 .text.scan_init
                0x00010bac       0xa4 app/libapp.a(main.c.obj)
 .text.gatt_discover.part.0
                0x00010c50       0x64 app/libapp.a(main.c.obj)
 .text.bt_addr_le_to_str.constprop.0
                0x00010cb4       0x78 app/libapp.a(main.c.obj)
 .text.pairing_confirm
                0x00010d2c       0x44 app/libapp.a(main.c.obj)
 .text.connected
                0x00010d70       0xec app/libapp.a(main.c.obj)
 .text.disconnected
                0x00010e5c       0x70 app/libapp.a(main.c.obj)
 .text.auth_cancel
                0x00010ecc       0x3c app/libapp.a(main.c.obj)
 .text.pairing_complete
                0x00010f08       0x40 app/libapp.a(main.c.obj)
 .text.pairing_failed
                0x00010f48       0x40 app/libapp.a(main.c.obj)
 .text.scan_filter_match
                0x00010f88       0x54 app/libapp.a(main.c.obj)
 .text.ble_data_sent
                0x00010fdc       0x40 app/libapp.a(main.c.obj)
 .text.ble_data_received
                0x0001101c       0xa8 app/libapp.a(main.c.obj)
 .text.uart_work_handler
                0x000110c4       0x60 app/libapp.a(main.c.obj)
 .text.uart_init
                0x00011124       0x88 app/libapp.a(main.c.obj)
 .text.security_changed
                0x000111ac       0x78 app/libapp.a(main.c.obj)
 .text.uart_cb  0x00011224      0x1c4 app/libapp.a(main.c.obj)
 .text.main     0x000113e8      0x144 app/libapp.a(main.c.obj)
                0x000113e8                main
 .text.crc8_ccitt
                0x0001152c       0x30 zephyr/libzephyr.a(crc8_sw.c.obj)
                0x0001152c                crc8_ccitt
 .text.sys_notify_finalize
                0x0001155c       0x60 zephyr/libzephyr.a(notify.c.obj)
                0x0001155c                sys_notify_finalize
 .text.char_out
                0x000115bc       0x10 zephyr/libzephyr.a(printk.c.obj)
 .text.__printk_hook_install
                0x000115cc        0xc zephyr/libzephyr.a(printk.c.obj)
                0x000115cc                __printk_hook_install
 .text.vprintk  0x000115d8       0x1c zephyr/libzephyr.a(printk.c.obj)
                0x000115d8                vprintk
 .text.vsnprintk
                0x000115f4       0x28 zephyr/libzephyr.a(printk.c.obj)
                0x000115f4                vsnprintk
 .text.process_event
                0x0001161c      0x3f4 zephyr/libzephyr.a(onoff.c.obj)
 .text.transition_complete
                0x00011a10       0x64 zephyr/libzephyr.a(onoff.c.obj)
 .text.onoff_request
                0x00011a74      0x130 zephyr/libzephyr.a(onoff.c.obj)
                0x00011a74                onoff_request
 .text.sys_heap_free
                0x00011ba4       0xac zephyr/libzephyr.a(heap.c.obj)
                0x00011ba4                sys_heap_free
 .text.sys_heap_aligned_alloc
                0x00011c50      0x11c zephyr/libzephyr.a(heap.c.obj)
                0x00011c50                sys_heap_aligned_alloc
 .text.sys_heap_init
                0x00011d6c      0x13c zephyr/libzephyr.a(heap.c.obj)
                0x00011d6c                sys_heap_init
 .text.cbvprintf
                0x00011ea8      0x780 zephyr/libzephyr.a(cbprintf_complete.c.obj)
                0x00011ea8                cbvprintf
 .text.arch_busy_wait
                0x00012628       0x24 zephyr/libzephyr.a(soc.c.obj)
                0x00012628                arch_busy_wait
 .text.enable_logger
                0x0001264c       0x5c zephyr/libzephyr.a(log_core.c.obj)
 .text.log_process_thread_timer_expiry_fn
                0x000126a8        0xc zephyr/libzephyr.a(log_core.c.obj)
 .text.z_log_get_s_mask
                0x000126b4       0x68 zephyr/libzephyr.a(log_core.c.obj)
                0x000126b4                z_log_get_s_mask
 .text.log_core_init
                0x0001271c       0x48 zephyr/libzephyr.a(log_core.c.obj)
                0x0001271c                log_core_init
 .text.get_msg  0x00012764       0x28 zephyr/libzephyr.a(log_core.c.obj)
                0x00012764                get_msg
 .text.z_log_dropped
                0x0001278c       0x18 zephyr/libzephyr.a(log_core.c.obj)
                0x0001278c                z_log_dropped
 .text.z_log_dropped_read_and_clear
                0x000127a4       0x18 zephyr/libzephyr.a(log_core.c.obj)
                0x000127a4                z_log_dropped_read_and_clear
 .text.dropped_notify
                0x000127bc       0x3c zephyr/libzephyr.a(log_core.c.obj)
                0x000127bc                dropped_notify
 .text.log_source_name_get
                0x000127f8       0x1c zephyr/libzephyr.a(log_core.c.obj)
                0x000127f8                log_source_name_get
 .text.log_backend_enable
                0x00012814       0x5c zephyr/libzephyr.a(log_core.c.obj)
                0x00012814                log_backend_enable
 .text.log_init
                0x00012870       0x7c zephyr/libzephyr.a(log_core.c.obj)
                0x00012870                log_init
 .text.z_log_strdup
                0x000128ec       0x64 zephyr/libzephyr.a(log_core.c.obj)
                0x000128ec                z_log_strdup
 .text.log_is_strdup
                0x00012950       0x20 zephyr/libzephyr.a(log_core.c.obj)
                0x00012950                log_is_strdup
 .text.z_impl_log_process
                0x00012970      0x15c zephyr/libzephyr.a(log_core.c.obj)
                0x00012970                z_impl_log_process
 .text.msg_finalize
                0x00012acc       0xbc zephyr/libzephyr.a(log_core.c.obj)
 .text.log_process_thread_func
                0x00012b88       0x7c zephyr/libzephyr.a(log_core.c.obj)
 .text.z_impl_log_panic
                0x00012c04       0x4c zephyr/libzephyr.a(log_core.c.obj)
                0x00012c04                z_impl_log_panic
 .text.log_free
                0x00012c50       0x2c zephyr/libzephyr.a(log_core.c.obj)
                0x00012c50                log_free
 .text.log_msg_pool_init
                0x00012c7c       0x14 zephyr/libzephyr.a(log_msg.c.obj)
                0x00012c7c                log_msg_pool_init
 .text.log_msg_no_space_handle
                0x00012c90       0x30 zephyr/libzephyr.a(log_msg.c.obj)
                0x00012c90                log_msg_no_space_handle
 .text.log_msg_chunk_alloc
                0x00012cc0       0x28 zephyr/libzephyr.a(log_msg.c.obj)
                0x00012cc0                log_msg_chunk_alloc
 .text.msg_free
                0x00012ce8       0x7c zephyr/libzephyr.a(log_msg.c.obj)
 .text.log_msg_create_n
                0x00012d64       0xd0 zephyr/libzephyr.a(log_msg.c.obj)
                0x00012d64                log_msg_create_n
 .text.print_formatted
                0x00012e34       0x24 zephyr/libzephyr.a(log_output.c.obj)
 .text.prefix_print
                0x00012e58      0x120 zephyr/libzephyr.a(log_output.c.obj)
 .text.postfix_print
                0x00012f78       0x3c zephyr/libzephyr.a(log_output.c.obj)
 .text.hexdump_line_print
                0x00012fb4       0xdc zephyr/libzephyr.a(log_output.c.obj)
 .text.out_func
                0x00013090       0x58 zephyr/libzephyr.a(log_output.c.obj)
 .text.log_output_msg_process
                0x000130e8      0x124 zephyr/libzephyr.a(log_output.c.obj)
                0x000130e8                log_output_msg_process
 .text.log_output_dropped_process
                0x0001320c       0x58 zephyr/libzephyr.a(log_output.c.obj)
                0x0001320c                log_output_dropped_process
 .text.log_output_timestamp_freq_set
                0x00013264       0x30 zephyr/libzephyr.a(log_output.c.obj)
                0x00013264                log_output_timestamp_freq_set
 .text.log_backend_rtt_init
                0x00013294        0xc zephyr/libzephyr.a(log_backend_rtt.c.obj)
 .text.panic    0x000132a0       0x14 zephyr/libzephyr.a(log_backend_rtt.c.obj)
 .text.dropped  0x000132b4        0xc zephyr/libzephyr.a(log_backend_rtt.c.obj)
 .text.put      0x000132c0       0x24 zephyr/libzephyr.a(log_backend_rtt.c.obj)
 .text.on_failed_write.part.0
                0x000132e4       0x1c zephyr/libzephyr.a(log_backend_rtt.c.obj)
 .text.data_out_block_mode
                0x00013300       0xa4 zephyr/libzephyr.a(log_backend_rtt.c.obj)
 .text.nvs_recover_last_ate
                0x000133a4       0x64 zephyr/libzephyr.a(nvs.c.obj)
 .text.nvs_gc   0x00013408      0x184 zephyr/libzephyr.a(nvs.c.obj)
 .text.nvs_init
                0x0001358c      0x300 zephyr/libzephyr.a(nvs.c.obj)
                0x0001358c                nvs_init
 .text.nvs_write
                0x0001388c      0x1c8 zephyr/libzephyr.a(nvs.c.obj)
                0x0001388c                nvs_write
 .text.nvs_read_hist
                0x00013a54       0xd0 zephyr/libzephyr.a(nvs.c.obj)
                0x00013a54                nvs_read_hist
 .text.virtio_set_status
                0x00013b24        0xc zephyr/libzephyr.a(rpmsg_backend.c.obj)
 .text.init_status_flag
                0x00013b30        0xc zephyr/libzephyr.a(rpmsg_backend.c.obj)
                0x00013b30                init_status_flag
 .text.ipm_callback
                0x00013b3c       0x10 zephyr/libzephyr.a(rpmsg_backend.c.obj)
 .text.ipm_callback_process
                0x00013b4c        0xc zephyr/libzephyr.a(rpmsg_backend.c.obj)
 .text.virtio_notify
                0x00013b58       0x48 zephyr/libzephyr.a(rpmsg_backend.c.obj)
 .text.rpmsg_backend_init
                0x00013ba0      0x218 zephyr/libzephyr.a(rpmsg_backend.c.obj)
                0x00013ba0                rpmsg_backend_init
 .text.ns_bind_cb
                0x00013db8       0xb8 zephyr/libzephyr.a(rpmsg_service.c.obj)
 .text.rpmsg_service_init
                0x00013e70       0x94 zephyr/libzephyr.a(rpmsg_service.c.obj)
 .text.rpmsg_service_register_endpoint
                0x00013f04       0x64 zephyr/libzephyr.a(rpmsg_service.c.obj)
                0x00013f04                rpmsg_service_register_endpoint
 .text.rpmsg_service_endpoint_is_bound
                0x00013f68       0x14 zephyr/libzephyr.a(rpmsg_service.c.obj)
                0x00013f68                rpmsg_service_endpoint_is_bound
 .text.rpmsg_service_send
                0x00013f7c       0x28 zephyr/libzephyr.a(rpmsg_service.c.obj)
                0x00013f7c                rpmsg_service_send
 .text.get_flash_area_from_id
                0x00013fa4       0x30 zephyr/libzephyr.a(flash_map.c.obj)
 .text.flash_area_open
                0x00013fd4       0x28 zephyr/libzephyr.a(flash_map.c.obj)
                0x00013fd4                flash_area_open
 .text.flash_area_get_sectors
                0x00013ffc       0x50 zephyr/libzephyr.a(flash_map.c.obj)
                0x00013ffc                flash_area_get_sectors
 .text.settings_save_one
                0x0001404c       0x4c zephyr/libzephyr.a(settings_store.c.obj)
                0x0001404c                settings_save_one
 .text.settings_src_register
                0x00014098       0x1c zephyr/libzephyr.a(settings_store.c.obj)
                0x00014098                settings_src_register
 .text.settings_dst_register
                0x000140b4        0xc zephyr/libzephyr.a(settings_store.c.obj)
                0x000140b4                settings_dst_register
 .text.settings_load_subtree
                0x000140c0       0x54 zephyr/libzephyr.a(settings_store.c.obj)
                0x000140c0                settings_load_subtree
 .text.settings_load_subtree_direct
                0x00014114       0x48 zephyr/libzephyr.a(settings_store.c.obj)
                0x00014114                settings_load_subtree_direct
 .text.settings_store_init
                0x0001415c       0x10 zephyr/libzephyr.a(settings_store.c.obj)
                0x0001415c                settings_store_init
 .text.settings_init
                0x0001416c       0x10 zephyr/libzephyr.a(settings.c.obj)
                0x0001416c                settings_init
 .text.settings_parse_and_lookup
                0x0001417c       0xc8 zephyr/libzephyr.a(settings.c.obj)
                0x0001417c                settings_parse_and_lookup
 .text.settings_call_set_handler
                0x00014244       0x9c zephyr/libzephyr.a(settings.c.obj)
                0x00014244                settings_call_set_handler
 .text.settings_commit_subtree
                0x000142e0       0xb0 zephyr/libzephyr.a(settings.c.obj)
                0x000142e0                settings_commit_subtree
 .text.settings_subsys_init
                0x00014390       0x20 zephyr/libzephyr.a(settings_init.c.obj)
                0x00014390                settings_subsys_init
 .text.settings_nvs_load
                0x000143b0       0xb8 zephyr/libzephyr.a(settings_nvs.c.obj)
 .text.settings_backend_init
                0x00014468       0x98 zephyr/libzephyr.a(settings_nvs.c.obj)
                0x00014468                settings_backend_init
 .text.pm_state_notify
                0x00014500       0xb4 zephyr/libzephyr.a(power.c.obj)
 .text.pm_system_resume
                0x000145b4       0x2c zephyr/libzephyr.a(power.c.obj)
                0x000145b4                pm_system_resume
 .text.pm_system_suspend
                0x000145e0       0xa4 zephyr/libzephyr.a(power.c.obj)
                0x000145e0                pm_system_suspend
 .text.uart_console_init
                0x00014684       0x2c zephyr/libzephyr.a(uart_console.c.obj)
 .text.console_out
                0x000146b0       0x28 zephyr/libzephyr.a(uart_console.c.obj)
 .text.onoff_start
                0x000146d8       0x4c zephyr/libzephyr.a(clock_control_nrf.c.obj)
 .text.get_status
                0x00014724       0x3c zephyr/libzephyr.a(clock_control_nrf.c.obj)
 .text.stop     0x00014760       0x84 zephyr/libzephyr.a(clock_control_nrf.c.obj)
 .text.onoff_stop
                0x000147e4       0x28 zephyr/libzephyr.a(clock_control_nrf.c.obj)
 .text.clk_init
                0x0001480c       0x68 zephyr/libzephyr.a(clock_control_nrf.c.obj)
 .text.clkstarted_handle.constprop.0
                0x00014874       0x38 zephyr/libzephyr.a(clock_control_nrf.c.obj)
 .text.clock_event_handler
                0x000148ac       0x74 zephyr/libzephyr.a(clock_control_nrf.c.obj)
 .text.generic_hfclk_start
                0x00014920       0x64 zephyr/libzephyr.a(clock_control_nrf.c.obj)
 .text.generic_hfclk_stop
                0x00014984       0x24 zephyr/libzephyr.a(clock_control_nrf.c.obj)
 .text.api_blocking_start
                0x000149a8       0x3c zephyr/libzephyr.a(clock_control_nrf.c.obj)
 .text.z_nrf_clock_control_lf_on
                0x000149e4      0x150 zephyr/libzephyr.a(clock_control_nrf.c.obj)
                0x000149e4                z_nrf_clock_control_lf_on
 .text.bt_rpmsg_init
                0x00014b34       0x58 zephyr/libzephyr.a(rpmsg.c.obj)
 .text.bt_rpmsg_send
                0x00014b8c       0x68 zephyr/libzephyr.a(rpmsg.c.obj)
 .text.bt_rpmsg_rx
                0x00014bf4      0x1fc zephyr/libzephyr.a(rpmsg.c.obj)
                0x00014bf4                bt_rpmsg_rx
 .text.bt_rpmsg_platform_init
                0x00014df0       0x4c zephyr/libzephyr.a(rpmsg_nrf53.c.obj)
                0x00014df0                bt_rpmsg_platform_init
 .text.bt_rpmsg_platform_send
                0x00014e3c       0x10 zephyr/libzephyr.a(rpmsg_nrf53.c.obj)
                0x00014e3c                bt_rpmsg_platform_send
 .text.bt_rpmsg_platform_endpoint_is_bound
                0x00014e4c       0x10 zephyr/libzephyr.a(rpmsg_nrf53.c.obj)
                0x00014e4c                bt_rpmsg_platform_endpoint_is_bound
 .text.sys_clock_isr
                0x00014e5c       0x28 zephyr/libzephyr.a(sys_clock_init.c.obj)
                0x00014e5c                sys_clock_isr
 .text.sys_clock_timeout_handler
                0x00014e84       0x18 zephyr/libzephyr.a(nrf_rtc_timer.c.obj)
 .text.set_absolute_alarm
                0x00014e9c       0x98 zephyr/libzephyr.a(nrf_rtc_timer.c.obj)
 .text.rtc_nrf_isr
                0x00014f34       0x50 zephyr/libzephyr.a(nrf_rtc_timer.c.obj)
                0x00014f34                rtc_nrf_isr
 .text.sys_clock_driver_init
                0x00014f84       0x54 zephyr/libzephyr.a(nrf_rtc_timer.c.obj)
                0x00014f84                sys_clock_driver_init
 .text.sys_clock_set_timeout
                0x00014fd8       0x64 zephyr/libzephyr.a(nrf_rtc_timer.c.obj)
                0x00014fd8                sys_clock_set_timeout
 .text.sys_clock_elapsed
                0x0001503c       0x1c zephyr/libzephyr.a(nrf_rtc_timer.c.obj)
                0x0001503c                sys_clock_elapsed
 .text.sys_clock_cycle_get_32
                0x00015058       0xa4 zephyr/libzephyr.a(nrf_rtc_timer.c.obj)
                0x00015058                sys_clock_cycle_get_32
 .text.get_uuid_size.isra.0.part.0
                0x000150fc       0x28 zephyr/libzephyr.a(gatt_dm.c.obj)
 .text.user_data_alloc.constprop.0
                0x00015124       0x80 zephyr/libzephyr.a(gatt_dm.c.obj)
 .text.attr_store.constprop.0
                0x000151a4       0xac zephyr/libzephyr.a(gatt_dm.c.obj)
 .text.discovery_complete.constprop.0
                0x00015250       0x28 zephyr/libzephyr.a(gatt_dm.c.obj)
 .text.uuid_store.constprop.0
                0x00015278       0x54 zephyr/libzephyr.a(gatt_dm.c.obj)
 .text.discovery_callback
                0x000152cc      0x28c zephyr/libzephyr.a(gatt_dm.c.obj)
 .text.bt_gatt_dm_char_by_uuid
                0x00015558       0x60 zephyr/libzephyr.a(gatt_dm.c.obj)
                0x00015558                bt_gatt_dm_char_by_uuid
 .text.bt_gatt_dm_start
                0x000155b8       0xb8 zephyr/libzephyr.a(gatt_dm.c.obj)
                0x000155b8                bt_gatt_dm_start
 .text.scan_default_param_set
                0x00015670       0x24 zephyr/libzephyr.a(scan.c.obj)
 .text.uuid_check
                0x00015694       0xb4 zephyr/libzephyr.a(scan.c.obj)
 .text.notify_filter_matched.constprop.0
                0x00015748       0x30 zephyr/libzephyr.a(scan.c.obj)
 .text.bt_scan_cb_register
                0x00015778       0x20 zephyr/libzephyr.a(scan.c.obj)
                0x00015778                bt_scan_cb_register
 .text.bt_scan_filter_add
                0x00015798       0xac zephyr/libzephyr.a(scan.c.obj)
                0x00015798                bt_scan_filter_add
 .text.bt_scan_filter_disable
                0x00015844       0x1c zephyr/libzephyr.a(scan.c.obj)
                0x00015844                bt_scan_filter_disable
 .text.bt_scan_filter_enable
                0x00015860       0x5c zephyr/libzephyr.a(scan.c.obj)
                0x00015860                bt_scan_filter_enable
 .text.scan_connect_with_target.part.0
                0x000158bc       0x7c zephyr/libzephyr.a(scan.c.obj)
 .text.scan_recv
                0x00015938       0xdc zephyr/libzephyr.a(scan.c.obj)
 .text.bt_scan_init
                0x00015a14       0x74 zephyr/libzephyr.a(scan.c.obj)
                0x00015a14                bt_scan_init
 .text.bt_scan_start
                0x00015a88       0x24 zephyr/libzephyr.a(scan.c.obj)
                0x00015a88                bt_scan_start
 .text.bt_nus_handles_assign
                0x00015aac      0x1c4 zephyr/libzephyr.a(nus_client.c.obj)
                0x00015aac                bt_nus_handles_assign
 .text.bt_nus_subscribe_receive
                0x00015c70       0x8c zephyr/libzephyr.a(nus_client.c.obj)
                0x00015c70                bt_nus_subscribe_receive
 .text.before_nse
                0x00015cfc       0x14 zephyr/libzephyr.a(secure_services_ns.c.obj)
                0x00015cfc                before_nse
 .text.after_nse
                0x00015d10       0x14 zephyr/libzephyr.a(secure_services_ns.c.obj)
                0x00015d10                after_nse
 .text.tc_aes128_set_encrypt_key
                0x00015d24       0xa8 zephyr/libzephyr.a(aes_encrypt.c.obj)
                0x00015d24                tc_aes128_set_encrypt_key
 .text.tc_aes_encrypt
                0x00015dcc       0xd4 zephyr/libzephyr.a(aes_encrypt.c.obj)
                0x00015dcc                tc_aes_encrypt
 .text.compress
                0x00015ea0      0x1cc zephyr/libzephyr.a(sha256.c.obj)
 .text.tc_sha256_init
                0x0001606c       0x58 zephyr/libzephyr.a(sha256.c.obj)
                0x0001606c                tc_sha256_init
 .text.arch_swap
                0x000160c4       0x34 zephyr/arch/arch/arm/core/aarch32/libarch__arm__core__aarch32.a(swap.c.obj)
                0x000160c4                arch_swap
 .text.z_arm_pendsv
                0x000160f8       0x58 zephyr/arch/arch/arm/core/aarch32/libarch__arm__core__aarch32.a(swap_helper.S.obj)
                0x000160f8                z_arm_pendsv
 .text.z_arm_svc
                0x00016150       0x20 zephyr/arch/arch/arm/core/aarch32/libarch__arm__core__aarch32.a(swap_helper.S.obj)
                0x00016150                z_arm_svc
 .text.arch_irq_enable
                0x00016170       0x20 zephyr/arch/arch/arm/core/aarch32/libarch__arm__core__aarch32.a(irq_manage.c.obj)
                0x00016170                arch_irq_enable
 .text.arch_irq_is_enabled
                0x00016190       0x1c zephyr/arch/arch/arm/core/aarch32/libarch__arm__core__aarch32.a(irq_manage.c.obj)
                0x00016190                arch_irq_is_enabled
 .text.z_arm_irq_priority_set
                0x000161ac       0x64 zephyr/arch/arch/arm/core/aarch32/libarch__arm__core__aarch32.a(irq_manage.c.obj)
                0x000161ac                z_arm_irq_priority_set
 .text.arch_new_thread
                0x00016210       0x38 zephyr/arch/arch/arm/core/aarch32/libarch__arm__core__aarch32.a(thread.c.obj)
                0x00016210                arch_new_thread
 .text.arch_switch_to_main_thread
                0x00016248       0x28 zephyr/arch/arch/arm/core/aarch32/libarch__arm__core__aarch32.a(thread.c.obj)
                0x00016248                arch_switch_to_main_thread
 .text.z_arm_cpu_idle_init
                0x00016270        0xc zephyr/arch/arch/arm/core/aarch32/libarch__arm__core__aarch32.a(cpu_idle.S.obj)
                0x00016270                z_arm_cpu_idle_init
 .text.arch_cpu_idle
                0x0001627c       0x1c zephyr/arch/arch/arm/core/aarch32/libarch__arm__core__aarch32.a(cpu_idle.S.obj)
                0x0001627c                arch_cpu_idle
 .text.arch_cpu_atomic_idle
                0x00016298       0x14 zephyr/arch/arch/arm/core/aarch32/libarch__arm__core__aarch32.a(cpu_idle.S.obj)
                0x00016298                arch_cpu_atomic_idle
 .text.z_arm_fatal_error
                0x000162ac       0x70 zephyr/arch/arch/arm/core/aarch32/libarch__arm__core__aarch32.a(fatal.c.obj)
                0x000162ac                z_arm_fatal_error
 .text.z_SysNmiOnReset
                0x0001631c        0x8 zephyr/arch/arch/arm/core/aarch32/libarch__arm__core__aarch32.a(nmi_on_reset.S.obj)
                0x0001631c                z_SysNmiOnReset
 .text.z_arm_prep_c
                0x00016324       0x44 zephyr/arch/arch/arm/core/aarch32/libarch__arm__core__aarch32.a(prep_c.c.obj)
                0x00016324                z_arm_prep_c
 .text._isr_wrapper
                0x00016368       0x40 zephyr/arch/arch/arm/core/aarch32/libarch__arm__core__aarch32.a(isr_wrapper.S.obj)
                0x00016368                _isr_wrapper
 .text._reset_section
                0x000163a8       0x30 zephyr/arch/arch/arm/core/aarch32/cortex_m/libarch__arm__core__aarch32__cortex_m.a(reset.S.obj)
                0x000163a8                __start
                0x000163a8                z_arm_reset
 .text.__fault  0x000163d8       0x14 zephyr/arch/arch/arm/core/aarch32/cortex_m/libarch__arm__core__aarch32__cortex_m.a(fault_s.S.obj)
                0x000163d8                z_arm_usage_fault
                0x000163d8                z_arm_mpu_fault
                0x000163d8                z_arm_exc_spurious
                0x000163d8                z_arm_debug_monitor
                0x000163d8                z_arm_hard_fault
                0x000163d8                z_arm_bus_fault
 .text.usage_fault.isra.0
                0x000163ec       0xd0 zephyr/arch/arch/arm/core/aarch32/cortex_m/libarch__arm__core__aarch32__cortex_m.a(fault.c.obj)
 .text.mem_manage_fault.isra.0
                0x000164bc      0x10c zephyr/arch/arch/arm/core/aarch32/cortex_m/libarch__arm__core__aarch32__cortex_m.a(fault.c.obj)
 .text.bus_fault.isra.0
                0x000165c8       0xdc zephyr/arch/arch/arm/core/aarch32/cortex_m/libarch__arm__core__aarch32__cortex_m.a(fault.c.obj)
 .text.z_arm_fault
                0x000166a4      0x1d8 zephyr/arch/arch/arm/core/aarch32/cortex_m/libarch__arm__core__aarch32__cortex_m.a(fault.c.obj)
                0x000166a4                z_arm_fault
 .text.z_arm_fault_init
                0x0001687c       0x18 zephyr/arch/arch/arm/core/aarch32/cortex_m/libarch__arm__core__aarch32__cortex_m.a(fault.c.obj)
                0x0001687c                z_arm_fault_init
 .text._HandlerModeExit
                0x00016894       0x1c zephyr/arch/arch/arm/core/aarch32/cortex_m/libarch__arm__core__aarch32__cortex_m.a(exc_exit.S.obj)
                0x00016894                z_arm_int_exit
                0x00016894                z_arm_exc_exit
 .text.sys_arch_reboot
                0x000168b0       0x24 zephyr/arch/arch/arm/core/aarch32/cortex_m/libarch__arm__core__aarch32__cortex_m.a(scb.c.obj)
                0x000168b0                sys_arch_reboot
 .text.z_arm_interrupt_init
                0x000168d4       0x18 zephyr/arch/arch/arm/core/aarch32/cortex_m/libarch__arm__core__aarch32__cortex_m.a(irq_init.c.obj)
                0x000168d4                z_arm_interrupt_init
 .text.z_impl_k_thread_abort
                0x000168ec       0x24 zephyr/arch/arch/arm/core/aarch32/cortex_m/libarch__arm__core__aarch32__cortex_m.a(thread_abort.c.obj)
                0x000168ec                z_impl_k_thread_abort
 .text.z_arm_configure_static_mpu_regions
                0x00016910       0x38 zephyr/arch/arch/arm/core/aarch32/mpu/libarch__arm__core__aarch32__mpu.a(arm_core_mpu.c.obj)
                0x00016910                z_arm_configure_static_mpu_regions
 .text.region_init
                0x00016948       0x30 zephyr/arch/arch/arm/core/aarch32/mpu/libarch__arm__core__aarch32__mpu.a(arm_mpu.c.obj)
 .text.region_allocate_and_init
                0x00016978       0x34 zephyr/arch/arch/arm/core/aarch32/mpu/libarch__arm__core__aarch32__mpu.a(arm_mpu.c.obj)
 .text.mpu_configure_regions_and_partition.constprop.0
                0x000169ac      0x174 zephyr/arch/arch/arm/core/aarch32/mpu/libarch__arm__core__aarch32__mpu.a(arm_mpu.c.obj)
 .text.arm_core_mpu_enable
                0x00016b20       0x14 zephyr/arch/arch/arm/core/aarch32/mpu/libarch__arm__core__aarch32__mpu.a(arm_mpu.c.obj)
                0x00016b20                arm_core_mpu_enable
 .text.arm_core_mpu_disable
                0x00016b34       0x10 zephyr/arch/arch/arm/core/aarch32/mpu/libarch__arm__core__aarch32__mpu.a(arm_mpu.c.obj)
                0x00016b34                arm_core_mpu_disable
 .text.arm_core_mpu_configure_static_mpu_regions
                0x00016b44       0x4c zephyr/arch/arch/arm/core/aarch32/mpu/libarch__arm__core__aarch32__mpu.a(arm_mpu.c.obj)
                0x00016b44                arm_core_mpu_configure_static_mpu_regions
 .text.arm_core_mpu_mark_areas_for_dynamic_regions
                0x00016b90       0xe0 zephyr/arch/arch/arm/core/aarch32/mpu/libarch__arm__core__aarch32__mpu.a(arm_mpu.c.obj)
                0x00016b90                arm_core_mpu_mark_areas_for_dynamic_regions
 .text.z_arm_mpu_init
                0x00016c70       0xac zephyr/arch/arch/arm/core/aarch32/mpu/libarch__arm__core__aarch32__mpu.a(arm_mpu.c.obj)
                0x00016c70                z_arm_mpu_init
 .text.__stdout_hook_install
                0x00016d1c        0xc zephyr/lib/libc/minimal/liblib__libc__minimal.a(stdout_console.c.obj)
                0x00016d1c                __stdout_hook_install
 .text.remoteproc_mgr_boot
                0x00016d28       0x10 zephyr/boards/arm/nrf5340dk_nrf5340/libboards__arm__nrf5340dk_nrf5340.a(nrf5340_cpunet_reset.c.obj)
 .text.bt_hex_real
                0x00016d38       0x44 zephyr/subsys/bluetooth/common/libsubsys__bluetooth__common.a(log.c.obj)
                0x00016d38                bt_hex_real
 .text.bt_addr_le_str_real
                0x00016d7c       0x7c zephyr/subsys/bluetooth/common/libsubsys__bluetooth__common.a(log.c.obj)
                0x00016d7c                bt_addr_le_str_real
 .text.save_id  0x00016df8       0x50 zephyr/subsys/bluetooth/host/libsubsys__bluetooth__host.a(settings.c.obj)
 .text.set      0x00016e48       0xb4 zephyr/subsys/bluetooth/host/libsubsys__bluetooth__host.a(settings.c.obj)
 .text.bt_settings_encode_key
                0x00016efc       0x60 zephyr/subsys/bluetooth/host/libsubsys__bluetooth__host.a(settings.c.obj)
                0x00016efc                bt_settings_encode_key
 .text.bt_settings_save_id
                0x00016f5c        0xc zephyr/subsys/bluetooth/host/libsubsys__bluetooth__host.a(settings.c.obj)
                0x00016f5c                bt_settings_save_id
 .text.commit   0x00016f68       0x70 zephyr/subsys/bluetooth/host/libsubsys__bluetooth__host.a(settings.c.obj)
 .text.bt_settings_init
                0x00016fd8       0x30 zephyr/subsys/bluetooth/host/libsubsys__bluetooth__host.a(settings.c.obj)
                0x00016fd8                bt_settings_init
 .text.uuid_to_uuid128
                0x00017008       0x7c zephyr/subsys/bluetooth/host/libsubsys__bluetooth__host.a(uuid.c.obj)
 .text.bt_buf_get_rx
                0x00017084       0x68 zephyr/subsys/bluetooth/host/libsubsys__bluetooth__host.a(buf.c.obj)
                0x00017084                bt_buf_get_rx
 .text.bt_buf_get_cmd_complete
                0x000170ec       0x4c zephyr/subsys/bluetooth/host/libsubsys__bluetooth__host.a(buf.c.obj)
                0x000170ec                bt_buf_get_cmd_complete
 .text.bt_buf_get_evt
                0x00017138       0x54 zephyr/subsys/bluetooth/host/libsubsys__bluetooth__host.a(buf.c.obj)
                0x00017138                bt_buf_get_evt
 .text.hci_data_buf_overflow
                0x0001718c       0x24 zephyr/subsys/bluetooth/host/libsubsys__bluetooth__host.a(hci_core.c.obj)
 .text.hci_disconn_complete_prio
                0x000171b0       0x3c zephyr/subsys/bluetooth/host/libsubsys__bluetooth__host.a(hci_core.c.obj)
 .text.le_data_len_change
                0x000171ec       0x3c zephyr/subsys/bluetooth/host/libsubsys__bluetooth__host.a(hci_core.c.obj)
 .text.hci_hardware_error
                0x00017228       0x30 zephyr/subsys/bluetooth/host/libsubsys__bluetooth__host.a(hci_core.c.obj)
 .text.hci_vendor_event
                0x00017258       0x38 zephyr/subsys/bluetooth/host/libsubsys__bluetooth__host.a(hci_core.c.obj)
 .text.hci_encrypt_key_refresh_complete
                0x00017290       0xa4 zephyr/subsys/bluetooth/host/libsubsys__bluetooth__host.a(hci_core.c.obj)
 .text.hci_encrypt_change
                0x00017334       0xac zephyr/subsys/bluetooth/host/libsubsys__bluetooth__host.a(hci_core.c.obj)
 .text.le_conn_update_complete
                0x000173e0       0x9c zephyr/subsys/bluetooth/host/libsubsys__bluetooth__host.a(hci_core.c.obj)
 .text.handle_event
                0x0001747c       0x84 zephyr/subsys/bluetooth/host/libsubsys__bluetooth__host.a(hci_core.c.obj)
 .text.hci_rx_thread
                0x00017500      0x150 zephyr/subsys/bluetooth/host/libsubsys__bluetooth__host.a(hci_core.c.obj)
 .text.hci_le_meta_event
                0x00017650       0x20 zephyr/subsys/bluetooth/host/libsubsys__bluetooth__host.a(hci_core.c.obj)
 .text.hci_num_completed_packets
                0x00017670       0xfc zephyr/subsys/bluetooth/host/libsubsys__bluetooth__host.a(hci_core.c.obj)
 .text.hci_disconn_complete
                0x0001776c       0x74 zephyr/subsys/bluetooth/host/libsubsys__bluetooth__host.a(hci_core.c.obj)
 .text.hci_cmd_done
                0x000177e0      0x11c zephyr/subsys/bluetooth/host/libsubsys__bluetooth__host.a(hci_core.c.obj)
 .text.hci_cmd_status
                0x000178fc       0x2c zephyr/subsys/bluetooth/host/libsubsys__bluetooth__host.a(hci_core.c.obj)
 .text.hci_cmd_complete
                0x00017928       0x30 zephyr/subsys/bluetooth/host/libsubsys__bluetooth__host.a(hci_core.c.obj)
 .text.bt_hci_cmd_state_set_init
                0x00017958       0x24 zephyr/subsys/bluetooth/host/libsubsys__bluetooth__host.a(hci_core.c.obj)
                0x00017958                bt_hci_cmd_state_set_init
 .text.bt_hci_cmd_create
                0x0001797c       0x90 zephyr/subsys/bluetooth/host/libsubsys__bluetooth__host.a(hci_core.c.obj)
                0x0001797c                bt_hci_cmd_create
 .text.bt_hci_cmd_send_sync
                0x00017a0c       0xf0 zephyr/subsys/bluetooth/host/libsubsys__bluetooth__host.a(hci_core.c.obj)
                0x00017a0c                bt_hci_cmd_send_sync
 .text.hci_le_read_max_data_len
                0x00017afc       0x54 zephyr/subsys/bluetooth/host/libsubsys__bluetooth__host.a(hci_core.c.obj)
 .text.bt_le_create_conn_legacy
                0x00017b50       0xd8 zephyr/subsys/bluetooth/host/libsubsys__bluetooth__host.a(hci_core.c.obj)
                0x00017b50                bt_le_create_conn_legacy
 .text.bt_le_create_conn_cancel
                0x00017c28       0x48 zephyr/subsys/bluetooth/host/libsubsys__bluetooth__host.a(hci_core.c.obj)
                0x00017c28                bt_le_create_conn_cancel
 .text.bt_security_err_get
                0x00017c70       0x10 zephyr/subsys/bluetooth/host/libsubsys__bluetooth__host.a(hci_core.c.obj)
                0x00017c70                bt_security_err_get
 .text.bt_send  0x00017c80       0x10 zephyr/subsys/bluetooth/host/libsubsys__bluetooth__host.a(hci_core.c.obj)
                0x00017c80                bt_send
 .text.bt_hci_cmd_send
                0x00017c90       0x64 zephyr/subsys/bluetooth/host/libsubsys__bluetooth__host.a(hci_core.c.obj)
                0x00017c90                bt_hci_cmd_send
 .text.bt_hci_host_num_completed_packets
                0x00017cf4       0xe0 zephyr/subsys/bluetooth/host/libsubsys__bluetooth__host.a(hci_core.c.obj)
                0x00017cf4                bt_hci_host_num_completed_packets
 .text.conn_auto_initiate
                0x00017dd4       0xf0 zephyr/subsys/bluetooth/host/libsubsys__bluetooth__host.a(hci_core.c.obj)
 .text.bt_hci_le_enh_conn_complete
                0x00017ec4      0x1f4 zephyr/subsys/bluetooth/host/libsubsys__bluetooth__host.a(hci_core.c.obj)
                0x00017ec4                bt_hci_le_enh_conn_complete
 .text.le_phy_update_complete
                0x000180b8       0x68 zephyr/subsys/bluetooth/host/libsubsys__bluetooth__host.a(hci_core.c.obj)
 .text.le_remote_feat_complete
                0x00018120       0x60 zephyr/subsys/bluetooth/host/libsubsys__bluetooth__host.a(hci_core.c.obj)
 .text.le_ltk_request
                0x00018180       0xc0 zephyr/subsys/bluetooth/host/libsubsys__bluetooth__host.a(hci_core.c.obj)
 .text.le_conn_param_neg_reply
                0x00018240       0x54 zephyr/subsys/bluetooth/host/libsubsys__bluetooth__host.a(hci_core.c.obj)
 .text.le_conn_param_req
                0x00018294       0xd0 zephyr/subsys/bluetooth/host/libsubsys__bluetooth__host.a(hci_core.c.obj)
 .text.hci_tx_thread
                0x00018364      0x188 zephyr/subsys/bluetooth/host/libsubsys__bluetooth__host.a(hci_core.c.obj)
 .text.hci_event_prio
                0x000184ec       0xa4 zephyr/subsys/bluetooth/host/libsubsys__bluetooth__host.a(hci_core.c.obj)
                0x000184ec                hci_event_prio
 .text.bt_recv  0x00018590       0x68 zephyr/subsys/bluetooth/host/libsubsys__bluetooth__host.a(hci_core.c.obj)
                0x00018590                bt_recv
 .text.bt_hci_driver_register
                0x000185f8       0x28 zephyr/subsys/bluetooth/host/libsubsys__bluetooth__host.a(hci_core.c.obj)
                0x000185f8                bt_hci_driver_register
 .text.bt_finalize_init
                0x00018620       0x18 zephyr/subsys/bluetooth/host/libsubsys__bluetooth__host.a(hci_core.c.obj)
                0x00018620                bt_finalize_init
 .text.init_work
                0x00018638       0x18 zephyr/subsys/bluetooth/host/libsubsys__bluetooth__host.a(hci_core.c.obj)
 .text.bt_enable
                0x00018650      0x11c zephyr/subsys/bluetooth/host/libsubsys__bluetooth__host.a(hci_core.c.obj)
                0x00018650                bt_enable
 .text.bt_get_name
                0x0001876c        0x8 zephyr/subsys/bluetooth/host/libsubsys__bluetooth__host.a(hci_core.c.obj)
                0x0001876c                bt_get_name
 .text.atomic_get.constprop.0
                0x00018774        0xc zephyr/subsys/bluetooth/host/libsubsys__bluetooth__host.a(id.c.obj)
 .text.id_find  0x00018780       0x34 zephyr/subsys/bluetooth/host/libsubsys__bluetooth__host.a(id.c.obj)
 .text.set_random_address
                0x000187b4       0x5c zephyr/subsys/bluetooth/host/libsubsys__bluetooth__host.a(id.c.obj)
 .text.id_create.isra.0
                0x00018810       0x64 zephyr/subsys/bluetooth/host/libsubsys__bluetooth__host.a(id.c.obj)
 .text.bt_id_pending_keys_update
                0x00018874       0x2c zephyr/subsys/bluetooth/host/libsubsys__bluetooth__host.a(id.c.obj)
                0x00018874                bt_id_pending_keys_update
 .text.bt_id_add
                0x000188a0      0x1a8 zephyr/subsys/bluetooth/host/libsubsys__bluetooth__host.a(id.c.obj)
                0x000188a0                bt_id_add
 .text.bt_id_del
                0x00018a48      0x140 zephyr/subsys/bluetooth/host/libsubsys__bluetooth__host.a(id.c.obj)
                0x00018a48                bt_id_del
 .text.bt_id_create
                0x00018b88       0xac zephyr/subsys/bluetooth/host/libsubsys__bluetooth__host.a(id.c.obj)
                0x00018b88                bt_id_create
 .text.bt_id_read_public_addr
                0x00018c34       0x8c zephyr/subsys/bluetooth/host/libsubsys__bluetooth__host.a(id.c.obj)
                0x00018c34                bt_id_read_public_addr
 .text.bt_setup_public_id_addr
                0x00018cc0       0x20 zephyr/subsys/bluetooth/host/libsubsys__bluetooth__host.a(id.c.obj)
                0x00018cc0                bt_setup_public_id_addr
 .text.bt_read_static_addr
                0x00018ce0       0xb4 zephyr/subsys/bluetooth/host/libsubsys__bluetooth__host.a(id.c.obj)
                0x00018ce0                bt_read_static_addr
 .text.bt_setup_random_id_addr
                0x00018d94       0x58 zephyr/subsys/bluetooth/host/libsubsys__bluetooth__host.a(id.c.obj)
                0x00018d94                bt_setup_random_id_addr
 .text.bt_id_set_create_conn_own_addr
                0x00018dec       0x24 zephyr/subsys/bluetooth/host/libsubsys__bluetooth__host.a(id.c.obj)
                0x00018dec                bt_id_set_create_conn_own_addr
 .text.bt_id_set_scan_own_addr
                0x00018e10       0x1c zephyr/subsys/bluetooth/host/libsubsys__bluetooth__host.a(id.c.obj)
                0x00018e10                bt_id_set_scan_own_addr
 .text.atomic_get.constprop.0
                0x00018e2c        0xc zephyr/subsys/bluetooth/host/libsubsys__bluetooth__host.a(scan.c.obj)
 .text.bt_le_scan_set_enable_legacy
                0x00018e38       0x64 zephyr/subsys/bluetooth/host/libsubsys__bluetooth__host.a(scan.c.obj)
 .text.start_le_scan_legacy
                0x00018e9c       0x9c zephyr/subsys/bluetooth/host/libsubsys__bluetooth__host.a(scan.c.obj)
 .text.bt_scan_reset
                0x00018f38        0xc zephyr/subsys/bluetooth/host/libsubsys__bluetooth__host.a(scan.c.obj)
                0x00018f38                bt_scan_reset
 .text.bt_le_scan_update
                0x00018f44       0x7c zephyr/subsys/bluetooth/host/libsubsys__bluetooth__host.a(scan.c.obj)
                0x00018f44                bt_le_scan_update
 .text.bt_data_parse
                0x00018fc0       0x6c zephyr/subsys/bluetooth/host/libsubsys__bluetooth__host.a(scan.c.obj)
                0x00018fc0                bt_data_parse
 .text.bt_hci_le_adv_report
                0x0001902c      0x204 zephyr/subsys/bluetooth/host/libsubsys__bluetooth__host.a(scan.c.obj)
                0x0001902c                bt_hci_le_adv_report
 .text.bt_le_scan_start
                0x00019230       0xf0 zephyr/subsys/bluetooth/host/libsubsys__bluetooth__host.a(scan.c.obj)
                0x00019230                bt_le_scan_start
 .text.bt_le_scan_stop
                0x00019320       0x2c zephyr/subsys/bluetooth/host/libsubsys__bluetooth__host.a(scan.c.obj)
                0x00019320                bt_le_scan_stop
 .text.bt_le_scan_cb_register
                0x0001934c       0x20 zephyr/subsys/bluetooth/host/libsubsys__bluetooth__host.a(scan.c.obj)
                0x0001934c                bt_le_scan_cb_register
 .text.prng_reseed.constprop.0
                0x0001936c       0x98 zephyr/subsys/bluetooth/host/libsubsys__bluetooth__host.a(crypto.c.obj)
 .text.sys_memcpy_swap.constprop.0
                0x00019404       0x5c zephyr/subsys/bluetooth/host/libsubsys__bluetooth__host.a(crypto.c.obj)
 .text.prng_init
                0x00019460       0x70 zephyr/subsys/bluetooth/host/libsubsys__bluetooth__host.a(crypto.c.obj)
                0x00019460                prng_init
 .text.bt_rand  0x000194d0       0x30 zephyr/subsys/bluetooth/host/libsubsys__bluetooth__host.a(crypto.c.obj)
                0x000194d0                bt_rand
 .text.bt_pub_key_is_debug
                0x00019500       0x18 zephyr/subsys/bluetooth/host/libsubsys__bluetooth__host.a(ecc.c.obj)
                0x00019500                bt_pub_key_is_debug
 .text.bt_pub_key_gen
                0x00019518      0x11c zephyr/subsys/bluetooth/host/libsubsys__bluetooth__host.a(ecc.c.obj)
                0x00019518                bt_pub_key_gen
 .text.bt_pub_key_get
                0x00019634       0x1c zephyr/subsys/bluetooth/host/libsubsys__bluetooth__host.a(ecc.c.obj)
                0x00019634                bt_pub_key_get
 .text.bt_dh_key_gen
                0x00019650       0xa0 zephyr/subsys/bluetooth/host/libsubsys__bluetooth__host.a(ecc.c.obj)
                0x00019650                bt_dh_key_gen
 .text.bt_hci_evt_le_pkey_complete
                0x000196f0       0x74 zephyr/subsys/bluetooth/host/libsubsys__bluetooth__host.a(ecc.c.obj)
                0x000196f0                bt_hci_evt_le_pkey_complete
 .text.bt_hci_evt_le_dhkey_complete
                0x00019764       0x1c zephyr/subsys/bluetooth/host/libsubsys__bluetooth__host.a(ecc.c.obj)
                0x00019764                bt_hci_evt_le_dhkey_complete
 .text.tx_free  0x00019780       0x14 zephyr/subsys/bluetooth/host/libsubsys__bluetooth__host.a(conn.c.obj)
 .text.notify_connected
                0x00019794       0x2c zephyr/subsys/bluetooth/host/libsubsys__bluetooth__host.a(conn.c.obj)
 .text.send_frag
                0x000197c0      0x160 zephyr/subsys/bluetooth/host/libsubsys__bluetooth__host.a(conn.c.obj)
 .text.bt_conn_get_pkts
                0x00019920        0x8 zephyr/subsys/bluetooth/host/libsubsys__bluetooth__host.a(conn.c.obj)
                0x00019920                bt_conn_get_pkts
 .text.notify_le_param_updated
                0x00019928       0x60 zephyr/subsys/bluetooth/host/libsubsys__bluetooth__host.a(conn.c.obj)
                0x00019928                notify_le_param_updated
 .text.le_param_req
                0x00019988       0x40 zephyr/subsys/bluetooth/host/libsubsys__bluetooth__host.a(conn.c.obj)
                0x00019988                le_param_req
 .text.bt_conn_identity_resolved
                0x000199c8       0x34 zephyr/subsys/bluetooth/host/libsubsys__bluetooth__host.a(conn.c.obj)
                0x000199c8                bt_conn_identity_resolved
 .text.bt_conn_security_changed
                0x000199fc       0x2c zephyr/subsys/bluetooth/host/libsubsys__bluetooth__host.a(conn.c.obj)
                0x000199fc                bt_conn_security_changed
 .text.bt_conn_cb_register
                0x00019a28       0x10 zephyr/subsys/bluetooth/host/libsubsys__bluetooth__host.a(conn.c.obj)
                0x00019a28                bt_conn_cb_register
 .text.conn_cleanup
                0x00019a38       0x90 zephyr/subsys/bluetooth/host/libsubsys__bluetooth__host.a(conn.c.obj)
 .text.bt_conn_recv
                0x00019ac8      0x114 zephyr/subsys/bluetooth/host/libsubsys__bluetooth__host.a(conn.c.obj)
                0x00019ac8                bt_conn_recv
 .text.bt_conn_send_cb
                0x00019bdc       0xc8 zephyr/subsys/bluetooth/host/libsubsys__bluetooth__host.a(conn.c.obj)
                0x00019bdc                bt_conn_send_cb
 .text.bt_conn_prepare_events
                0x00019ca4       0x74 zephyr/subsys/bluetooth/host/libsubsys__bluetooth__host.a(conn.c.obj)
                0x00019ca4                bt_conn_prepare_events
 .text.bt_conn_add_le
                0x00019d18       0x54 zephyr/subsys/bluetooth/host/libsubsys__bluetooth__host.a(conn.c.obj)
                0x00019d18                bt_conn_add_le
 .text.bt_conn_unref
                0x00019d6c       0x4c zephyr/subsys/bluetooth/host/libsubsys__bluetooth__host.a(conn.c.obj)
                0x00019d6c                bt_conn_unref
 .text.bt_conn_lookup_handle
                0x00019db8       0x18 zephyr/subsys/bluetooth/host/libsubsys__bluetooth__host.a(conn.c.obj)
                0x00019db8                bt_conn_lookup_handle
 .text.bt_conn_set_state
                0x00019dd0      0x204 zephyr/subsys/bluetooth/host/libsubsys__bluetooth__host.a(conn.c.obj)
                0x00019dd0                bt_conn_set_state
 .text.bt_conn_lookup_addr_le
                0x00019fd4       0x3c zephyr/subsys/bluetooth/host/libsubsys__bluetooth__host.a(conn.c.obj)
                0x00019fd4                bt_conn_lookup_addr_le
 .text.bt_conn_exists_le
                0x0001a010       0x50 zephyr/subsys/bluetooth/host/libsubsys__bluetooth__host.a(conn.c.obj)
                0x0001a010                bt_conn_exists_le
 .text.bt_conn_lookup_state_le
                0x0001a060       0x44 zephyr/subsys/bluetooth/host/libsubsys__bluetooth__host.a(conn.c.obj)
                0x0001a060                bt_conn_lookup_state_le
 .text.bt_conn_le_create
                0x0001a0a4      0x150 zephyr/subsys/bluetooth/host/libsubsys__bluetooth__host.a(conn.c.obj)
                0x0001a0a4                bt_conn_le_create
 .text.bt_le_set_auto_conn
                0x0001a1f4       0xdc zephyr/subsys/bluetooth/host/libsubsys__bluetooth__host.a(conn.c.obj)
                0x0001a1f4                bt_le_set_auto_conn
 .text.send_conn_le_param_update
                0x0001a2d0       0x5c zephyr/subsys/bluetooth/host/libsubsys__bluetooth__host.a(conn.c.obj)
 .text.deferred_work
                0x0001a32c       0x88 zephyr/subsys/bluetooth/host/libsubsys__bluetooth__host.a(conn.c.obj)
 .text.bt_conn_create_pdu_timeout
                0x0001a3b4       0x7c zephyr/subsys/bluetooth/host/libsubsys__bluetooth__host.a(conn.c.obj)
                0x0001a3b4                bt_conn_create_pdu_timeout
 .text.bt_conn_create_frag_timeout
                0x0001a430        0xc zephyr/subsys/bluetooth/host/libsubsys__bluetooth__host.a(conn.c.obj)
                0x0001a430                bt_conn_create_frag_timeout
 .text.create_frag.isra.0
                0x0001a43c       0x6c zephyr/subsys/bluetooth/host/libsubsys__bluetooth__host.a(conn.c.obj)
 .text.bt_conn_process_tx
                0x0001a4a8       0xc8 zephyr/subsys/bluetooth/host/libsubsys__bluetooth__host.a(conn.c.obj)
                0x0001a4a8                bt_conn_process_tx
 .text.bt_conn_auth_cb_register
                0x0001a570       0x38 zephyr/subsys/bluetooth/host/libsubsys__bluetooth__host.a(conn.c.obj)
                0x0001a570                bt_conn_auth_cb_register
 .text.bt_conn_auth_pairing_confirm
                0x0001a5a8       0x1c zephyr/subsys/bluetooth/host/libsubsys__bluetooth__host.a(conn.c.obj)
                0x0001a5a8                bt_conn_auth_pairing_confirm
 .text.bt_conn_index
                0x0001a5c4       0x4c zephyr/subsys/bluetooth/host/libsubsys__bluetooth__host.a(conn.c.obj)
                0x0001a5c4                bt_conn_index
 .text.bt_conn_lookup_index
                0x0001a610       0x10 zephyr/subsys/bluetooth/host/libsubsys__bluetooth__host.a(conn.c.obj)
                0x0001a610                bt_conn_lookup_index
 .text.bt_conn_init
                0x0001a620       0x68 zephyr/subsys/bluetooth/host/libsubsys__bluetooth__host.a(conn.c.obj)
                0x0001a620                bt_conn_init
 .text.l2cap_accept
                0x0001a688       0x44 zephyr/subsys/bluetooth/host/libsubsys__bluetooth__host.a(l2cap.c.obj)
 .text.l2cap_create_le_sig_pdu.isra.0
                0x0001a6cc       0x50 zephyr/subsys/bluetooth/host/libsubsys__bluetooth__host.a(l2cap.c.obj)
 .text.l2cap_rtx_timeout
                0x0001a71c       0x3c zephyr/subsys/bluetooth/host/libsubsys__bluetooth__host.a(l2cap.c.obj)
 .text.bt_l2cap_connected
                0x0001a758       0xdc zephyr/subsys/bluetooth/host/libsubsys__bluetooth__host.a(l2cap.c.obj)
                0x0001a758                bt_l2cap_connected
 .text.l2cap_recv
                0x0001a834      0x16c zephyr/subsys/bluetooth/host/libsubsys__bluetooth__host.a(l2cap.c.obj)
 .text.bt_l2cap_recv
                0x0001a9a0       0x70 zephyr/subsys/bluetooth/host/libsubsys__bluetooth__host.a(l2cap.c.obj)
                0x0001a9a0                bt_l2cap_recv
 .text.bt_l2cap_update_conn_param
                0x0001aa10       0x64 zephyr/subsys/bluetooth/host/libsubsys__bluetooth__host.a(l2cap.c.obj)
                0x0001aa10                bt_l2cap_update_conn_param
 .text.att_cfm_sent
                0x0001aa74       0x10 zephyr/subsys/bluetooth/host/libsubsys__bluetooth__host.a(att.c.obj)
 .text.att_rsp_sent
                0x0001aa84       0x10 zephyr/subsys/bluetooth/host/libsubsys__bluetooth__host.a(att.c.obj)
 .text.att_req_sent
                0x0001aa94       0x10 zephyr/subsys/bluetooth/host/libsubsys__bluetooth__host.a(att.c.obj)
 .text.bt_att_released
                0x0001aaa4       0x18 zephyr/subsys/bluetooth/host/libsubsys__bluetooth__host.a(att.c.obj)
 .text.read_group_cb
                0x0001aabc       0xac zephyr/subsys/bluetooth/host/libsubsys__bluetooth__host.a(att.c.obj)
 .text.read_type_cb
                0x0001ab68       0xa8 zephyr/subsys/bluetooth/host/libsubsys__bluetooth__host.a(att.c.obj)
 .text.find_type_cb
                0x0001ac10      0x164 zephyr/subsys/bluetooth/host/libsubsys__bluetooth__host.a(att.c.obj)
 .text.chan_send
                0x0001ad74       0xdc zephyr/subsys/bluetooth/host/libsubsys__bluetooth__host.a(att.c.obj)
 .text.bt_att_chan_req_send
                0x0001ae50       0x98 zephyr/subsys/bluetooth/host/libsubsys__bluetooth__host.a(att.c.obj)
 .text.att_get  0x0001aee8       0x7c zephyr/subsys/bluetooth/host/libsubsys__bluetooth__host.a(att.c.obj)
 .text.bt_att_accept
                0x0001af64       0xc4 zephyr/subsys/bluetooth/host/libsubsys__bluetooth__host.a(att.c.obj)
 .text.bt_att_connected
                0x0001b028       0x8c zephyr/subsys/bluetooth/host/libsubsys__bluetooth__host.a(att.c.obj)
 .text.att_write_cmd
                0x0001b0b4       0x80 zephyr/subsys/bluetooth/host/libsubsys__bluetooth__host.a(att.c.obj)
 .text.bt_att_chan_create_pdu
                0x0001b134       0x88 zephyr/subsys/bluetooth/host/libsubsys__bluetooth__host.a(att.c.obj)
                0x0001b134                bt_att_chan_create_pdu
 .text.att_indicate
                0x0001b1bc       0x3c zephyr/subsys/bluetooth/host/libsubsys__bluetooth__host.a(att.c.obj)
 .text.send_err_rsp.part.0
                0x0001b1f8       0x40 zephyr/subsys/bluetooth/host/libsubsys__bluetooth__host.a(att.c.obj)
 .text.bt_att_recv
                0x0001b238      0x150 zephyr/subsys/bluetooth/host/libsubsys__bluetooth__host.a(att.c.obj)
 .text.att_write_req
                0x0001b388       0xbc zephyr/subsys/bluetooth/host/libsubsys__bluetooth__host.a(att.c.obj)
 .text.bt_att_create_pdu
                0x0001b444       0x70 zephyr/subsys/bluetooth/host/libsubsys__bluetooth__host.a(att.c.obj)
                0x0001b444                bt_att_create_pdu
 .text.att_read_group_req
                0x0001b4b4      0x108 zephyr/subsys/bluetooth/host/libsubsys__bluetooth__host.a(att.c.obj)
 .text.att_read_mult_req
                0x0001b5bc       0x8c zephyr/subsys/bluetooth/host/libsubsys__bluetooth__host.a(att.c.obj)
 .text.att_read_rsp
                0x0001b648       0x94 zephyr/subsys/bluetooth/host/libsubsys__bluetooth__host.a(att.c.obj)
 .text.att_read_type_req
                0x0001b6dc       0xc8 zephyr/subsys/bluetooth/host/libsubsys__bluetooth__host.a(att.c.obj)
 .text.att_find_type_req
                0x0001b7a4       0xdc zephyr/subsys/bluetooth/host/libsubsys__bluetooth__host.a(att.c.obj)
 .text.att_find_info_req
                0x0001b880       0x78 zephyr/subsys/bluetooth/host/libsubsys__bluetooth__host.a(att.c.obj)
 .text.att_mtu_req
                0x0001b8f8       0x68 zephyr/subsys/bluetooth/host/libsubsys__bluetooth__host.a(att.c.obj)
 .text.bt_att_req_alloc
                0x0001b960       0x2c zephyr/subsys/bluetooth/host/libsubsys__bluetooth__host.a(att.c.obj)
                0x0001b960                bt_att_req_alloc
 .text.bt_att_req_free
                0x0001b98c       0x24 zephyr/subsys/bluetooth/host/libsubsys__bluetooth__host.a(att.c.obj)
                0x0001b98c                bt_att_req_free
 .text.att_handle_rsp
                0x0001b9b0       0x90 zephyr/subsys/bluetooth/host/libsubsys__bluetooth__host.a(att.c.obj)
 .text.att_error_rsp
                0x0001ba40       0x68 zephyr/subsys/bluetooth/host/libsubsys__bluetooth__host.a(att.c.obj)
 .text.bt_att_disconnected
                0x0001baa8       0xb4 zephyr/subsys/bluetooth/host/libsubsys__bluetooth__host.a(att.c.obj)
 .text.att_timeout
                0x0001bb5c       0x30 zephyr/subsys/bluetooth/host/libsubsys__bluetooth__host.a(att.c.obj)
 .text.bt_att_send
                0x0001bb8c       0xdc zephyr/subsys/bluetooth/host/libsubsys__bluetooth__host.a(att.c.obj)
                0x0001bb8c                bt_att_send
 .text.bt_att_req_send
                0x0001bc68       0x74 zephyr/subsys/bluetooth/host/libsubsys__bluetooth__host.a(att.c.obj)
                0x0001bc68                bt_att_req_send
 .text.bt_att_req_cancel
                0x0001bcdc       0x60 zephyr/subsys/bluetooth/host/libsubsys__bluetooth__host.a(att.c.obj)
                0x0001bcdc                bt_att_req_cancel
 .text.db_hash_store
                0x0001bd3c       0x40 zephyr/subsys/bluetooth/host/libsubsys__bluetooth__host.a(gatt.c.obj)
 .text.db_hash_set
                0x0001bd7c       0x40 zephyr/subsys/bluetooth/host/libsubsys__bluetooth__host.a(gatt.c.obj)
 .text.find_cf_cfg
                0x0001bdbc       0x5c zephyr/subsys/bluetooth/host/libsubsys__bluetooth__host.a(gatt.c.obj)
 .text.find_sc_cfg
                0x0001be18       0x40 zephyr/subsys/bluetooth/host/libsubsys__bluetooth__host.a(gatt.c.obj)
 .text.gatt_sub_find
                0x0001be58       0x5c zephyr/subsys/bluetooth/host/libsubsys__bluetooth__host.a(gatt.c.obj)
 .text.find_cf_cfg_by_addr
                0x0001beb4       0x40 zephyr/subsys/bluetooth/host/libsubsys__bluetooth__host.a(gatt.c.obj)
 .text.bt_gatt_attr_write_ccc
                0x0001bef4       0xc4 zephyr/subsys/bluetooth/host/libsubsys__bluetooth__host.a(gatt.c.obj)
                0x0001bef4                bt_gatt_attr_write_ccc
 .text.sc_store
                0x0001bfb8       0x64 zephyr/subsys/bluetooth/host/libsubsys__bluetooth__host.a(gatt.c.obj)
 .text.sc_save  0x0001c01c       0x88 zephyr/subsys/bluetooth/host/libsubsys__bluetooth__host.a(gatt.c.obj)
 .text.db_hash_commit
                0x0001c0a4       0x20 zephyr/subsys/bluetooth/host/libsubsys__bluetooth__host.a(gatt.c.obj)
 .text.sc_set   0x0001c0c4      0x108 zephyr/subsys/bluetooth/host/libsubsys__bluetooth__host.a(gatt.c.obj)
 .text.ccc_save
                0x0001c1cc       0x38 zephyr/subsys/bluetooth/host/libsubsys__bluetooth__host.a(gatt.c.obj)
 .text.ccc_load
                0x0001c204       0x8c zephyr/subsys/bluetooth/host/libsubsys__bluetooth__host.a(gatt.c.obj)
 .text.remove_peer_from_attr
                0x0001c290       0x28 zephyr/subsys/bluetooth/host/libsubsys__bluetooth__host.a(gatt.c.obj)
 .text.cf_set   0x0001c2b8       0xfc zephyr/subsys/bluetooth/host/libsubsys__bluetooth__host.a(gatt.c.obj)
 .text.sc_commit
                0x0001c3b4       0x30 zephyr/subsys/bluetooth/host/libsubsys__bluetooth__host.a(gatt.c.obj)
 .text.cf_write
                0x0001c3e4       0xac zephyr/subsys/bluetooth/host/libsubsys__bluetooth__host.a(gatt.c.obj)
 .text.sc_indicate_rsp
                0x0001c490       0x48 zephyr/subsys/bluetooth/host/libsubsys__bluetooth__host.a(gatt.c.obj)
 .text.bt_gatt_clear_sc
                0x0001c4d8       0x70 zephyr/subsys/bluetooth/host/libsubsys__bluetooth__host.a(gatt.c.obj)
 .text.sc_clear
                0x0001c548       0x58 zephyr/subsys/bluetooth/host/libsubsys__bluetooth__host.a(gatt.c.obj)
 .text.disconnected_cb
                0x0001c5a0       0x8c zephyr/subsys/bluetooth/host/libsubsys__bluetooth__host.a(gatt.c.obj)
 .text.gatt_write_ccc
                0x0001c62c       0x24 zephyr/subsys/bluetooth/host/libsubsys__bluetooth__host.a(gatt.c.obj)
 .text.bt_gatt_init
                0x0001c650       0xcc zephyr/subsys/bluetooth/host/libsubsys__bluetooth__host.a(gatt.c.obj)
                0x0001c650                bt_gatt_init
 .text.bt_gatt_attr_get_handle
                0x0001c71c       0x98 zephyr/subsys/bluetooth/host/libsubsys__bluetooth__host.a(gatt.c.obj)
                0x0001c71c                bt_gatt_attr_get_handle
 .text.bt_gatt_foreach_attr_type
                0x0001c7b4       0xec zephyr/subsys/bluetooth/host/libsubsys__bluetooth__host.a(gatt.c.obj)
                0x0001c7b4                bt_gatt_foreach_attr_type
 .text.db_hash_gen
                0x0001c8a0       0xa4 zephyr/subsys/bluetooth/host/libsubsys__bluetooth__host.a(gatt.c.obj)
 .text.db_hash_process
                0x0001c944       0xbc zephyr/subsys/bluetooth/host/libsubsys__bluetooth__host.a(gatt.c.obj)
 .text.ccc_set_direct
                0x0001ca00      0x110 zephyr/subsys/bluetooth/host/libsubsys__bluetooth__host.a(gatt.c.obj)
 .text.gatt_indicate
                0x0001cb10       0xd4 zephyr/subsys/bluetooth/host/libsubsys__bluetooth__host.a(gatt.c.obj)
 .text.bt_gatt_indicate
                0x0001cbe4      0x144 zephyr/subsys/bluetooth/host/libsubsys__bluetooth__host.a(gatt.c.obj)
                0x0001cbe4                bt_gatt_indicate
 .text.sc_process
                0x0001cd28       0x90 zephyr/subsys/bluetooth/host/libsubsys__bluetooth__host.a(gatt.c.obj)
 .text.gatt_notify
                0x0001cdb8       0xa0 zephyr/subsys/bluetooth/host/libsubsys__bluetooth__host.a(gatt.c.obj)
 .text.notify_cb
                0x0001ce58      0x110 zephyr/subsys/bluetooth/host/libsubsys__bluetooth__host.a(gatt.c.obj)
 .text.update_ccc
                0x0001cf68      0x124 zephyr/subsys/bluetooth/host/libsubsys__bluetooth__host.a(gatt.c.obj)
 .text.bt_gatt_exchange_mtu
                0x0001d08c       0x8c zephyr/subsys/bluetooth/host/libsubsys__bluetooth__host.a(gatt.c.obj)
                0x0001d08c                bt_gatt_exchange_mtu
 .text.bt_gatt_discover
                0x0001d118      0x250 zephyr/subsys/bluetooth/host/libsubsys__bluetooth__host.a(gatt.c.obj)
                0x0001d118                bt_gatt_discover
 .text.gatt_read_group_rsp
                0x0001d368      0x110 zephyr/subsys/bluetooth/host/libsubsys__bluetooth__host.a(gatt.c.obj)
 .text.gatt_read_type_rsp
                0x0001d478      0x2c4 zephyr/subsys/bluetooth/host/libsubsys__bluetooth__host.a(gatt.c.obj)
 .text.read_included_uuid_cb
                0x0001d73c       0xac zephyr/subsys/bluetooth/host/libsubsys__bluetooth__host.a(gatt.c.obj)
 .text.gatt_find_info_rsp
                0x0001d7e8      0x164 zephyr/subsys/bluetooth/host/libsubsys__bluetooth__host.a(gatt.c.obj)
 .text.bt_gatt_subscribe
                0x0001d94c      0x154 zephyr/subsys/bluetooth/host/libsubsys__bluetooth__host.a(gatt.c.obj)
                0x0001d94c                bt_gatt_subscribe
 .text.bt_gatt_unsubscribe
                0x0001daa0      0x144 zephyr/subsys/bluetooth/host/libsubsys__bluetooth__host.a(gatt.c.obj)
                0x0001daa0                bt_gatt_unsubscribe
 .text.bt_gatt_mult_notification
                0x0001dbe4       0xbc zephyr/subsys/bluetooth/host/libsubsys__bluetooth__host.a(gatt.c.obj)
                0x0001dbe4                bt_gatt_mult_notification
 .text.bt_gatt_connected
                0x0001dca0       0xb0 zephyr/subsys/bluetooth/host/libsubsys__bluetooth__host.a(gatt.c.obj)
                0x0001dca0                bt_gatt_connected
 .text.bt_gatt_encrypt_change
                0x0001dd50       0x20 zephyr/subsys/bluetooth/host/libsubsys__bluetooth__host.a(gatt.c.obj)
                0x0001dd50                bt_gatt_encrypt_change
 .text.db_hash_read
                0x0001dd70       0x60 zephyr/subsys/bluetooth/host/libsubsys__bluetooth__host.a(gatt.c.obj)
 .text.bt_gatt_store_ccc
                0x0001ddd0       0x88 zephyr/subsys/bluetooth/host/libsubsys__bluetooth__host.a(gatt.c.obj)
                0x0001ddd0                bt_gatt_store_ccc
 .text.bt_gatt_disconnected
                0x0001de58      0x178 zephyr/subsys/bluetooth/host/libsubsys__bluetooth__host.a(gatt.c.obj)
                0x0001de58                bt_gatt_disconnected
 .text.get_io_capa
                0x0001dfd0       0x4c zephyr/subsys/bluetooth/host/libsubsys__bluetooth__host.a(smp.c.obj)
 .text.sys_memcpy_swap
                0x0001e01c       0x5c zephyr/subsys/bluetooth/host/libsubsys__bluetooth__host.a(smp.c.obj)
 .text.smp_chan_get
                0x0001e078       0x38 zephyr/subsys/bluetooth/host/libsubsys__bluetooth__host.a(smp.c.obj)
 .text.bt_smp_accept
                0x0001e0b0       0x48 zephyr/subsys/bluetooth/host/libsubsys__bluetooth__host.a(smp.c.obj)
 .text.smp_find
                0x0001e0f8       0x1c zephyr/subsys/bluetooth/host/libsubsys__bluetooth__host.a(smp.c.obj)
 .text.sc_send_public_key
                0x0001e114       0x44 zephyr/subsys/bluetooth/host/libsubsys__bluetooth__host.a(smp.c.obj)
 .text.bt_smp_distribute_keys
                0x0001e158      0x168 zephyr/subsys/bluetooth/host/libsubsys__bluetooth__host.a(smp.c.obj)
 .text.compute_and_send_master_dhcheck
                0x0001e2c0      0x1c8 zephyr/subsys/bluetooth/host/libsubsys__bluetooth__host.a(smp.c.obj)
 .text.smp_dhkey_check
                0x0001e488      0x10c zephyr/subsys/bluetooth/host/libsubsys__bluetooth__host.a(smp.c.obj)
 .text.smp_send_pairing_req
                0x0001e594      0x1b8 zephyr/subsys/bluetooth/host/libsubsys__bluetooth__host.a(smp.c.obj)
 .text.smp_security_request
                0x0001e74c      0x12c zephyr/subsys/bluetooth/host/libsubsys__bluetooth__host.a(smp.c.obj)
 .text.smp_ident_info
                0x0001e878       0x70 zephyr/subsys/bluetooth/host/libsubsys__bluetooth__host.a(smp.c.obj)
 .text.smp_encrypt_info
                0x0001e8e8       0x70 zephyr/subsys/bluetooth/host/libsubsys__bluetooth__host.a(smp.c.obj)
 .text.smp_send_pairing_confirm
                0x0001e958       0xa0 zephyr/subsys/bluetooth/host/libsubsys__bluetooth__host.a(smp.c.obj)
 .text.smp_dhkey_generate
                0x0001e9f8       0x4c zephyr/subsys/bluetooth/host/libsubsys__bluetooth__host.a(smp.c.obj)
 .text.smp_public_key
                0x0001ea44      0x20c zephyr/subsys/bluetooth/host/libsubsys__bluetooth__host.a(smp.c.obj)
 .text.bt_smp_connected
                0x0001ec50       0x1c zephyr/subsys/bluetooth/host/libsubsys__bluetooth__host.a(smp.c.obj)
 .text.smp_pairing_rsp
                0x0001ec6c      0x338 zephyr/subsys/bluetooth/host/libsubsys__bluetooth__host.a(smp.c.obj)
 .text.smp_pairing_random
                0x0001efa4      0x25c zephyr/subsys/bluetooth/host/libsubsys__bluetooth__host.a(smp.c.obj)
 .text.bt_smp_auth_pairing_confirm
                0x0001f200       0x60 zephyr/subsys/bluetooth/host/libsubsys__bluetooth__host.a(smp.c.obj)
                0x0001f200                bt_smp_auth_pairing_confirm
 .text.smp_pairing_complete
                0x0001f260       0xb8 zephyr/subsys/bluetooth/host/libsubsys__bluetooth__host.a(smp.c.obj)
 .text.bt_smp_recv
                0x0001f318      0x118 zephyr/subsys/bluetooth/host/libsubsys__bluetooth__host.a(smp.c.obj)
 .text.bt_smp_pkey_ready
                0x0001f430       0x74 zephyr/subsys/bluetooth/host/libsubsys__bluetooth__host.a(smp.c.obj)
 .text.smp_ident_addr_info
                0x0001f4a4      0x17c zephyr/subsys/bluetooth/host/libsubsys__bluetooth__host.a(smp.c.obj)
 .text.smp_master_ident
                0x0001f620       0xcc zephyr/subsys/bluetooth/host/libsubsys__bluetooth__host.a(smp.c.obj)
 .text.smp_pairing_failed
                0x0001f6ec       0x68 zephyr/subsys/bluetooth/host/libsubsys__bluetooth__host.a(smp.c.obj)
 .text.bt_smp_encrypt_change
                0x0001f754       0xfc zephyr/subsys/bluetooth/host/libsubsys__bluetooth__host.a(smp.c.obj)
 .text.smp_timeout
                0x0001f850       0x3c zephyr/subsys/bluetooth/host/libsubsys__bluetooth__host.a(smp.c.obj)
 .text.smp_ident_sent
                0x0001f88c       0x60 zephyr/subsys/bluetooth/host/libsubsys__bluetooth__host.a(smp.c.obj)
 .text.bt_smp_update_keys
                0x0001f8ec      0x118 zephyr/subsys/bluetooth/host/libsubsys__bluetooth__host.a(smp.c.obj)
                0x0001f8ec                bt_smp_update_keys
 .text.bt_smp_init
                0x0001fa04       0x2c zephyr/subsys/bluetooth/host/libsubsys__bluetooth__host.a(smp.c.obj)
                0x0001fa04                bt_smp_init
 .text.bt_keys_get_addr
                0x0001fa30       0x50 zephyr/subsys/bluetooth/host/libsubsys__bluetooth__host.a(keys.c.obj)
                0x0001fa30                bt_keys_get_addr
 .text.bt_keys_foreach
                0x0001fa80       0x1c zephyr/subsys/bluetooth/host/libsubsys__bluetooth__host.a(keys.c.obj)
                0x0001fa80                bt_keys_foreach
 .text.keys_commit
                0x0001fa9c       0x14 zephyr/subsys/bluetooth/host/libsubsys__bluetooth__host.a(keys.c.obj)
 .text.bt_keys_find
                0x0001fab0       0x2c zephyr/subsys/bluetooth/host/libsubsys__bluetooth__host.a(keys.c.obj)
                0x0001fab0                bt_keys_find
 .text.bt_keys_find_irk
                0x0001fadc       0x74 zephyr/subsys/bluetooth/host/libsubsys__bluetooth__host.a(keys.c.obj)
                0x0001fadc                bt_keys_find_irk
 .text.bt_keys_find_addr
                0x0001fb50       0x20 zephyr/subsys/bluetooth/host/libsubsys__bluetooth__host.a(keys.c.obj)
                0x0001fb50                bt_keys_find_addr
 .text.bt_keys_clear
                0x0001fb70       0x4c zephyr/subsys/bluetooth/host/libsubsys__bluetooth__host.a(keys.c.obj)
                0x0001fb70                bt_keys_clear
 .text.keys_set
                0x0001fbbc      0x144 zephyr/subsys/bluetooth/host/libsubsys__bluetooth__host.a(keys.c.obj)
 .text.bt_keys_store
                0x0001fd00       0x68 zephyr/subsys/bluetooth/host/libsubsys__bluetooth__host.a(keys.c.obj)
                0x0001fd00                bt_keys_store
 .text.net_buf_pool_get
                0x0001fd68       0x10 zephyr/subsys/net/libsubsys__net.a(buf.c.obj)
                0x0001fd68                net_buf_pool_get
 .text.net_buf_id
                0x0001fd78       0x20 zephyr/subsys/net/libsubsys__net.a(buf.c.obj)
                0x0001fd78                net_buf_id
 .text.fixed_data_alloc
                0x0001fd98       0x30 zephyr/subsys/net/libsubsys__net.a(buf.c.obj)
 .text.net_buf_reset
                0x0001fdc8       0x50 zephyr/subsys/net/libsubsys__net.a(buf.c.obj)
                0x0001fdc8                net_buf_reset
 .text.net_buf_alloc_len
                0x0001fe18      0x16c zephyr/subsys/net/libsubsys__net.a(buf.c.obj)
                0x0001fe18                net_buf_alloc_len
 .text.net_buf_get
                0x0001ff84       0x68 zephyr/subsys/net/libsubsys__net.a(buf.c.obj)
                0x0001ff84                net_buf_get
 .text.net_buf_simple_reserve
                0x0001ffec       0x54 zephyr/subsys/net/libsubsys__net.a(buf.c.obj)
                0x0001ffec                net_buf_simple_reserve
 .text.net_buf_put
                0x00020040       0x68 zephyr/subsys/net/libsubsys__net.a(buf.c.obj)
                0x00020040                net_buf_put
 .text.net_buf_unref
                0x000200a8       0x8c zephyr/subsys/net/libsubsys__net.a(buf.c.obj)
                0x000200a8                net_buf_unref
 .text.net_buf_ref
                0x00020134       0x34 zephyr/subsys/net/libsubsys__net.a(buf.c.obj)
                0x00020134                net_buf_ref
 .text.net_buf_frag_last
                0x00020168       0x34 zephyr/subsys/net/libsubsys__net.a(buf.c.obj)
                0x00020168                net_buf_frag_last
 .text.net_buf_frag_insert
                0x0002019c       0x5c zephyr/subsys/net/libsubsys__net.a(buf.c.obj)
                0x0002019c                net_buf_frag_insert
 .text.net_buf_frag_add
                0x000201f8       0x48 zephyr/subsys/net/libsubsys__net.a(buf.c.obj)
                0x000201f8                net_buf_frag_add
 .text.net_buf_simple_push
                0x00020240       0x44 zephyr/subsys/net/libsubsys__net.a(buf.c.obj)
                0x00020240                net_buf_simple_push
 .text.net_buf_simple_pull
                0x00020284       0x40 zephyr/subsys/net/libsubsys__net.a(buf.c.obj)
                0x00020284                net_buf_simple_pull
 .text.net_buf_simple_pull_mem
                0x000202c4       0x44 zephyr/subsys/net/libsubsys__net.a(buf.c.obj)
                0x000202c4                net_buf_simple_pull_mem
 .text.net_buf_simple_add
                0x00020308       0x44 zephyr/subsys/net/libsubsys__net.a(buf.c.obj)
                0x00020308                net_buf_simple_add
 .text.gpio_nrfx_manage_callback
                0x0002034c       0xac zephyr/drivers/gpio/libdrivers__gpio.a(gpio_nrfx.c.obj)
 .text.gpio_fire_callbacks
                0x000203f8       0x74 zephyr/drivers/gpio/libdrivers__gpio.a(gpio_nrfx.c.obj)
 .text.nrf_gpio_pin_port_decode
                0x0002046c       0x84 zephyr/drivers/gpio/libdrivers__gpio.a(gpio_nrfx.c.obj)
 .text.gpio_nrfx_init
                0x000204f0       0x30 zephyr/drivers/gpio/libdrivers__gpio.a(gpio_nrfx.c.obj)
 .text.gpio_nrfx_pin_interrupt_configure
                0x00020520      0x1bc zephyr/drivers/gpio/libdrivers__gpio.a(gpio_nrfx.c.obj)
 .text.gpio_nrfx_config
                0x000206dc       0xd4 zephyr/drivers/gpio/libdrivers__gpio.a(gpio_nrfx.c.obj)
 .text.gpiote_event_handler
                0x000207b0       0xc0 zephyr/drivers/gpio/libdrivers__gpio.a(gpio_nrfx.c.obj)
 .text.vipm_nrf_1_register_callback
                0x00020870       0x10 zephyr/drivers/ipm/libdrivers__ipm.a(ipm_nrfx_ipc.c.obj)
 .text.vipm_nrf_0_set_enabled
                0x00020880       0x28 zephyr/drivers/ipm/libdrivers__ipm.a(ipm_nrfx_ipc.c.obj)
 .text.vipm_nrf_0_register_callback
                0x000208a8       0x20 zephyr/drivers/ipm/libdrivers__ipm.a(ipm_nrfx_ipc.c.obj)
 .text.vipm_nrf_1_send
                0x000208c8       0x28 zephyr/drivers/ipm/libdrivers__ipm.a(ipm_nrfx_ipc.c.obj)
 .text.vipm_nrf_init
                0x000208f0       0x40 zephyr/drivers/ipm/libdrivers__ipm.a(ipm_nrfx_ipc.c.obj)
 .text.vipm_dispatcher
                0x00020930       0x84 zephyr/drivers/ipm/libdrivers__ipm.a(ipm_nrfx_ipc.c.obj)
 .text.vipm_nrf_0_send
                0x000209b4       0x5c zephyr/drivers/ipm/libdrivers__ipm.a(ipm_nrfx_ipc.c.obj)
 .text.flash_nrf_pages_layout
                0x00020a10       0x10 zephyr/drivers/flash/libdrivers__flash.a(soc_flash_nrf.c.obj)
 .text.flash_nrf_get_parameters
                0x00020a20        0x8 zephyr/drivers/flash/libdrivers__flash.a(soc_flash_nrf.c.obj)
 .text.flash_nrf_read
                0x00020a28       0x60 zephyr/drivers/flash/libdrivers__flash.a(soc_flash_nrf.c.obj)
 .text.flash_nrf_erase
                0x00020a88       0xa4 zephyr/drivers/flash/libdrivers__flash.a(soc_flash_nrf.c.obj)
 .text.nrf_flash_init
                0x00020b2c       0x28 zephyr/drivers/flash/libdrivers__flash.a(soc_flash_nrf.c.obj)
 .text.flash_nrf_write
                0x00020b54       0xa8 zephyr/drivers/flash/libdrivers__flash.a(soc_flash_nrf.c.obj)
 .text.uarte_nrfx_configure
                0x00020bfc      0x184 zephyr/drivers/serial/libdrivers__serial.a(uart_nrfx_uarte.c.obj)
 .text.uarte_nrfx_rx_enable
                0x00020d80      0x12c zephyr/drivers/serial/libdrivers__serial.a(uart_nrfx_uarte.c.obj)
 .text.nrf_gpio_pin_port_decode
                0x00020eac       0x84 zephyr/drivers/serial/libdrivers__serial.a(uart_nrfx_uarte.c.obj)
 .text.uarte_0_init
                0x00020f30      0x244 zephyr/drivers/serial/libdrivers__serial.a(uart_nrfx_uarte.c.obj)
 .text.uarte_nrfx_poll_out
                0x00021174       0xb4 zephyr/drivers/serial/libdrivers__serial.a(uart_nrfx_uarte.c.obj)
 .text.entropy_cc3xx_rng_get_entropy
                0x00021228       0x7c zephyr/drivers/entropy/libdrivers__entropy.a(entropy_cc310.c.obj)
 .text.k_sys_fatal_error_handler
                0x000212a4       0x2c modules/nrf/lib/fatal_error/lib..__nrf__lib__fatal_error.a(fatal_error.c.obj)
                0x000212a4                k_sys_fatal_error_handler
 .text.check_ext_api_requests
                0x000212d0       0x9c modules/nrf/subsys/fw_info/lib..__nrf__subsys__fw_info.a(fw_info.c.obj)
 .text.SystemCoreClockUpdate
                0x0002136c       0x20 modules/hal_nordic/nrfx/libmodules__hal_nordic__nrfx.a(system_nrf5340_application.c.obj)
                0x0002136c                SystemCoreClockUpdate
 .text.nrf_clock_is_running.constprop.0
                0x0002138c       0x84 modules/hal_nordic/nrfx/libmodules__hal_nordic__nrfx.a(nrfx_clock.c.obj)
 .text.nrfx_clock_init
                0x00021410       0x48 modules/hal_nordic/nrfx/libmodules__hal_nordic__nrfx.a(nrfx_clock.c.obj)
                0x00021410                nrfx_clock_init
 .text.nrfx_clock_enable
                0x00021458       0x4c modules/hal_nordic/nrfx/libmodules__hal_nordic__nrfx.a(nrfx_clock.c.obj)
                0x00021458                nrfx_clock_enable
 .text.nrfx_clock_start
                0x000214a4       0xec modules/hal_nordic/nrfx/libmodules__hal_nordic__nrfx.a(nrfx_clock.c.obj)
                0x000214a4                nrfx_clock_start
 .text.nrfx_clock_stop
                0x00021590      0x114 modules/hal_nordic/nrfx/libmodules__hal_nordic__nrfx.a(nrfx_clock.c.obj)
                0x00021590                nrfx_clock_stop
 .text.nrfx_power_clock_irq_handler
                0x000216a4       0xac modules/hal_nordic/nrfx/libmodules__hal_nordic__nrfx.a(nrfx_clock.c.obj)
                0x000216a4                nrfx_power_clock_irq_handler
 .text.nrfx_dppi_channel_alloc
                0x00021750       0x50 modules/hal_nordic/nrfx/libmodules__hal_nordic__nrfx.a(nrfx_dppi.c.obj)
                0x00021750                nrfx_dppi_channel_alloc
 .text.nrfx_gpiote_channel_free
                0x000217a0       0x44 modules/hal_nordic/nrfx/libmodules__hal_nordic__nrfx.a(nrfx_gpiote.c.obj)
                0x000217a0                nrfx_gpiote_channel_free
 .text.nrfx_gpiote_channel_alloc
                0x000217e4       0x70 modules/hal_nordic/nrfx/libmodules__hal_nordic__nrfx.a(nrfx_gpiote.c.obj)
                0x000217e4                nrfx_gpiote_channel_alloc
 .text.nrfx_ipc_init
                0x00021854       0x50 modules/hal_nordic/nrfx/libmodules__hal_nordic__nrfx.a(nrfx_ipc.c.obj)
                0x00021854                nrfx_ipc_init
 .text.nrfx_ipc_config_load
                0x000218a4       0x88 modules/hal_nordic/nrfx/libmodules__hal_nordic__nrfx.a(nrfx_ipc.c.obj)
                0x000218a4                nrfx_ipc_config_load
 .text.nrfx_ipc_receive_event_enable
                0x0002192c       0x44 modules/hal_nordic/nrfx/libmodules__hal_nordic__nrfx.a(nrfx_ipc.c.obj)
                0x0002192c                nrfx_ipc_receive_event_enable
 .text.nrfx_ipc_receive_event_disable
                0x00021970       0x44 modules/hal_nordic/nrfx/libmodules__hal_nordic__nrfx.a(nrfx_ipc.c.obj)
                0x00021970                nrfx_ipc_receive_event_disable
 .text.nrfx_ipc_irq_handler
                0x000219b4       0x74 modules/hal_nordic/nrfx/libmodules__hal_nordic__nrfx.a(nrfx_ipc.c.obj)
                0x000219b4                nrfx_ipc_irq_handler
 .text.nrfx_nvmc_page_erase
                0x00021a28       0x64 modules/hal_nordic/nrfx/libmodules__hal_nordic__nrfx.a(nrfx_nvmc.c.obj)
                0x00021a28                nrfx_nvmc_page_erase
 .text.nrfx_nvmc_word_write
                0x00021a8c       0x74 modules/hal_nordic/nrfx/libmodules__hal_nordic__nrfx.a(nrfx_nvmc.c.obj)
                0x00021a8c                nrfx_nvmc_word_write
 .text.metal_generic_dev_open
                0x00021b00       0x40 modules/libmetal/libmetal/lib/libmetal.a(device.c.obj)
                0x00021b00                metal_generic_dev_open
 .text.metal_bus_find
                0x00021b40       0x3c modules/libmetal/libmetal/lib/libmetal.a(device.c.obj)
                0x00021b40                metal_bus_find
 .text.metal_bus_register
                0x00021b7c       0x68 modules/libmetal/libmetal/lib/libmetal.a(device.c.obj)
                0x00021b7c                metal_bus_register
 .text.metal_register_generic_device
                0x00021be4       0x40 modules/libmetal/libmetal/lib/libmetal.a(device.c.obj)
                0x00021be4                metal_register_generic_device
 .text.metal_init
                0x00021c24       0x40 modules/libmetal/libmetal/lib/libmetal.a(init.c.obj)
                0x00021c24                metal_init
 .text.metal_sys_init
                0x00021c64       0x10 modules/libmetal/libmetal/lib/libmetal.a(init.c.obj)
                0x00021c64                metal_sys_init
 .text.metal_zephyr_log_handler
                0x00021c74       0x3c modules/libmetal/libmetal/lib/libmetal.a(log.c.obj)
                0x00021c74                metal_zephyr_log_handler
 .text.virtio_create_virtqueues
                0x00021cb0       0xa0 modules/open-amp/open-amp/lib/libopen_amp.a(virtio.c.obj)
                0x00021cb0                virtio_create_virtqueues
 .text.virtqueue_add_consumed_buffer
                0x00021d50       0x38 modules/open-amp/open-amp/lib/libopen_amp.a(virtqueue.c.obj)
                0x00021d50                virtqueue_add_consumed_buffer
 .text.rpmsg_send_offchannel_raw
                0x00021d88       0x24 modules/open-amp/open-amp/lib/libopen_amp.a(rpmsg.c.obj)
                0x00021d88                rpmsg_send_offchannel_raw
 .text.rpmsg_create_ept
                0x00021dac       0xfc modules/open-amp/open-amp/lib/libopen_amp.a(rpmsg.c.obj)
                0x00021dac                rpmsg_create_ept
 .text.rpmsg_virtio_rx_callback
                0x00021ea8       0xe0 modules/open-amp/open-amp/lib/libopen_amp.a(rpmsg_virtio.c.obj)
 .text.rpmsg_virtio_send_offchannel_nocopy
                0x00021f88       0xec modules/open-amp/open-amp/lib/libopen_amp.a(rpmsg_virtio.c.obj)
 .text.rpmsg_virtio_send_offchannel_raw
                0x00022074       0x84 modules/open-amp/open-amp/lib/libopen_amp.a(rpmsg_virtio.c.obj)
 .text.rpmsg_init_vdev
                0x000220f8      0x1f8 modules/open-amp/open-amp/lib/libopen_amp.a(rpmsg_virtio.c.obj)
                0x000220f8                rpmsg_init_vdev
 .text._DoInit  0x000222f0       0x60 modules/segger/libmodules__segger.a(SEGGER_RTT.c.obj)
 .text.SEGGER_RTT_WriteSkipNoLock
                0x00022350       0x98 modules/segger/libmodules__segger.a(SEGGER_RTT.c.obj)
                0x00022350                SEGGER_RTT_WriteSkipNoLock
 .text.SEGGER_RTT_HasDataUp
                0x000223e8       0x14 modules/segger/libmodules__segger.a(SEGGER_RTT.c.obj)
                0x000223e8                SEGGER_RTT_HasDataUp
 .text.z_sys_init_run_level
                0x000223fc       0x40 zephyr/kernel/libkernel.a(device.c.obj)
                0x000223fc                z_sys_init_run_level
 .text.z_impl_device_get_binding
                0x0002243c       0x58 zephyr/kernel/libkernel.a(device.c.obj)
                0x0002243c                z_impl_device_get_binding
 .text.z_impl_z_errno
                0x00022494        0xc zephyr/kernel/libkernel.a(errno.c.obj)
                0x00022494                z_impl_z_errno
 .text.z_fatal_error
                0x000224a0       0xf0 zephyr/kernel/libkernel.a(fatal.c.obj)
                0x000224a0                z_fatal_error
 .text.z_bss_zero
                0x00022590       0x14 zephyr/kernel/libkernel.a(init.c.obj)
                0x00022590                z_bss_zero
 .text.bg_thread_main
                0x000225a4       0x34 zephyr/kernel/libkernel.a(init.c.obj)
 .text.z_cstart
                0x000225d8      0x110 zephyr/kernel/libkernel.a(init.c.obj)
                0x000225d8                z_cstart
 .text.statics_init
                0x000226e8       0x58 zephyr/kernel/libkernel.a(kheap.c.obj)
 .text.k_heap_aligned_alloc
                0x00022740      0x15c zephyr/kernel/libkernel.a(kheap.c.obj)
                0x00022740                k_heap_aligned_alloc
 .text.k_heap_free
                0x0002289c       0xa8 zephyr/kernel/libkernel.a(kheap.c.obj)
                0x0002289c                k_heap_free
 .text.init_mem_slab_module
                0x00022944       0x78 zephyr/kernel/libkernel.a(mem_slab.c.obj)
 .text.k_mem_slab_alloc
                0x000229bc       0xd8 zephyr/kernel/libkernel.a(mem_slab.c.obj)
                0x000229bc                k_mem_slab_alloc
 .text.k_mem_slab_free
                0x00022a94       0xc8 zephyr/kernel/libkernel.a(mem_slab.c.obj)
                0x00022a94                k_mem_slab_free
 .text.z_setup_new_thread
                0x00022b5c       0xc0 zephyr/kernel/libkernel.a(thread.c.obj)
                0x00022b5c                z_setup_new_thread
 .text.z_impl_k_thread_create
                0x00022c1c       0x9c zephyr/kernel/libkernel.a(thread.c.obj)
                0x00022c1c                z_impl_k_thread_create
 .text.z_init_static_threads
                0x00022cb8      0x120 zephyr/kernel/libkernel.a(thread.c.obj)
                0x00022cb8                z_init_static_threads
 .text.z_spin_lock_valid
                0x00022dd8       0x1c zephyr/kernel/libkernel.a(thread.c.obj)
                0x00022dd8                z_spin_lock_valid
 .text.z_spin_unlock_valid
                0x00022df4       0x1c zephyr/kernel/libkernel.a(thread.c.obj)
                0x00022df4                z_spin_unlock_valid
 .text.z_spin_lock_set_owner
                0x00022e10       0x10 zephyr/kernel/libkernel.a(thread.c.obj)
                0x00022e10                z_spin_lock_set_owner
 .text.idle     0x00022e20       0x2c zephyr/kernel/libkernel.a(idle.c.obj)
                0x00022e20                idle
 .text.z_impl_k_mutex_lock
                0x00022e4c      0x1f4 zephyr/kernel/libkernel.a(mutex.c.obj)
                0x00022e4c                z_impl_k_mutex_lock
 .text.z_impl_k_mutex_unlock
                0x00023040      0x190 zephyr/kernel/libkernel.a(mutex.c.obj)
                0x00023040                z_impl_k_mutex_unlock
 .text.queue_insert
                0x000231d0      0x134 zephyr/kernel/libkernel.a(queue.c.obj)
 .text.k_queue_append_list
                0x00023304       0xbc zephyr/kernel/libkernel.a(queue.c.obj)
                0x00023304                k_queue_append_list
 .text.z_impl_k_queue_get
                0x000233c0       0xdc zephyr/kernel/libkernel.a(queue.c.obj)
                0x000233c0                z_impl_k_queue_get
 .text.z_impl_k_sem_give
                0x0002349c       0x88 zephyr/kernel/libkernel.a(sem.c.obj)
                0x0002349c                z_impl_k_sem_give
 .text.z_impl_k_sem_take
                0x00023524      0x114 zephyr/kernel/libkernel.a(sem.c.obj)
                0x00023524                z_impl_k_sem_take
 .text.k_sys_work_q_init
                0x00023638       0x34 zephyr/kernel/libkernel.a(system_work_q.c.obj)
 .text.work_queue_main
                0x0002366c      0x228 zephyr/kernel/libkernel.a(work.c.obj)
 .text.cancel_sync_locked
                0x00023894       0x3c zephyr/kernel/libkernel.a(work.c.obj)
 .text.submit_to_queue_locked
                0x000238d0       0xc8 zephyr/kernel/libkernel.a(work.c.obj)
 .text.work_timeout
                0x00023998       0xac zephyr/kernel/libkernel.a(work.c.obj)
 .text.k_work_init
                0x00023a44       0x50 zephyr/kernel/libkernel.a(work.c.obj)
                0x00023a44                k_work_init
 .text.k_work_submit_to_queue
                0x00023a94       0xc8 zephyr/kernel/libkernel.a(work.c.obj)
                0x00023a94                k_work_submit_to_queue
 .text.k_work_submit
                0x00023b5c        0xc zephyr/kernel/libkernel.a(work.c.obj)
                0x00023b5c                k_work_submit
 .text.k_work_queue_start
                0x00023b68       0xe4 zephyr/kernel/libkernel.a(work.c.obj)
                0x00023b68                k_work_queue_start
 .text.k_work_init_delayable
                0x00023c4c       0x60 zephyr/kernel/libkernel.a(work.c.obj)
                0x00023c4c                k_work_init_delayable
 .text.k_work_schedule_for_queue
                0x00023cac       0xf0 zephyr/kernel/libkernel.a(work.c.obj)
                0x00023cac                k_work_schedule_for_queue
 .text.k_work_schedule
                0x00023d9c        0xc zephyr/kernel/libkernel.a(work.c.obj)
                0x00023d9c                k_work_schedule
 .text.k_work_reschedule_for_queue
                0x00023da8       0xec zephyr/kernel/libkernel.a(work.c.obj)
                0x00023da8                k_work_reschedule_for_queue
 .text.k_work_reschedule
                0x00023e94        0xc zephyr/kernel/libkernel.a(work.c.obj)
                0x00023e94                k_work_reschedule
 .text.k_work_cancel_delayable
                0x00023ea0       0xbc zephyr/kernel/libkernel.a(work.c.obj)
                0x00023ea0                k_work_cancel_delayable
 .text.k_work_cancel_delayable_sync
                0x00023f5c      0x130 zephyr/kernel/libkernel.a(work.c.obj)
                0x00023f5c                k_work_cancel_delayable_sync
 .text.z_reset_time_slice
                0x0002408c       0x2c zephyr/kernel/libkernel.a(sched.c.obj)
                0x0002408c                z_reset_time_slice
 .text.k_sched_time_slice_set
                0x000240b8       0xcc zephyr/kernel/libkernel.a(sched.c.obj)
                0x000240b8                k_sched_time_slice_set
 .text.z_unpend_thread_no_timeout
                0x00024184       0x90 zephyr/kernel/libkernel.a(sched.c.obj)
                0x00024184                z_unpend_thread_no_timeout
 .text.z_reschedule
                0x00024214       0x88 zephyr/kernel/libkernel.a(sched.c.obj)
                0x00024214                z_reschedule
 .text.k_sched_lock
                0x0002429c       0xe8 zephyr/kernel/libkernel.a(sched.c.obj)
                0x0002429c                k_sched_lock
 .text.z_priq_dumb_remove
                0x00024384       0x44 zephyr/kernel/libkernel.a(sched.c.obj)
                0x00024384                z_priq_dumb_remove
 .text.unpend_thread_no_timeout
                0x000243c8       0x44 zephyr/kernel/libkernel.a(sched.c.obj)
 .text.z_unpend_thread
                0x0002440c       0x98 zephyr/kernel/libkernel.a(sched.c.obj)
                0x0002440c                z_unpend_thread
 .text.update_cache
                0x000244a4       0x70 zephyr/kernel/libkernel.a(sched.c.obj)
 .text.unready_thread
                0x00024514       0x38 zephyr/kernel/libkernel.a(sched.c.obj)
 .text.add_to_waitq_locked
                0x0002454c       0x88 zephyr/kernel/libkernel.a(sched.c.obj)
 .text.pend     0x000245d4       0xbc zephyr/kernel/libkernel.a(sched.c.obj)
 .text.z_pend_curr
                0x00024690       0x60 zephyr/kernel/libkernel.a(sched.c.obj)
                0x00024690                z_pend_curr
 .text.z_impl_k_thread_suspend
                0x000246f0       0xd4 zephyr/kernel/libkernel.a(sched.c.obj)
                0x000246f0                z_impl_k_thread_suspend
 .text.k_sched_unlock
                0x000247c4       0xf8 zephyr/kernel/libkernel.a(sched.c.obj)
                0x000247c4                k_sched_unlock
 .text.move_thread_to_end_of_prio_q
                0x000248bc       0xb0 zephyr/kernel/libkernel.a(sched.c.obj)
 .text.z_time_slice
                0x0002496c       0xf0 zephyr/kernel/libkernel.a(sched.c.obj)
                0x0002496c                z_time_slice
 .text.ready_thread
                0x00024a5c       0xa8 zephyr/kernel/libkernel.a(sched.c.obj)
 .text.z_ready_thread
                0x00024b04       0x90 zephyr/kernel/libkernel.a(sched.c.obj)
                0x00024b04                z_ready_thread
 .text.z_sched_start
                0x00024b94       0xa8 zephyr/kernel/libkernel.a(sched.c.obj)
                0x00024b94                z_sched_start
 .text.z_thread_timeout
                0x00024c3c       0xb4 zephyr/kernel/libkernel.a(sched.c.obj)
                0x00024c3c                z_thread_timeout
 .text.z_set_prio