Archive member included to satisfy reference by file (symbol)

app/libapp.a(main.c.obj)      (--whole-archive)
zephyr/libzephyr.a(cbprintf.c.obj)
                              (--whole-archive)
zephyr/libzephyr.a(cbprintf_packaged.c.obj)
                              (--whole-archive)
zephyr/libzephyr.a(crc32c_sw.c.obj)
                              (--whole-archive)
zephyr/libzephyr.a(crc32_sw.c.obj)
                              (--whole-archive)
zephyr/libzephyr.a(crc16_sw.c.obj)
                              (--whole-archive)
zephyr/libzephyr.a(crc8_sw.c.obj)
                              (--whole-archive)
zephyr/libzephyr.a(crc7_sw.c.obj)
                              (--whole-archive)
zephyr/libzephyr.a(dec.c.obj)
                              (--whole-archive)
zephyr/libzephyr.a(fdtable.c.obj)
                              (--whole-archive)
zephyr/libzephyr.a(hex.c.obj)
                              (--whole-archive)
zephyr/libzephyr.a(notify.c.obj)
                              (--whole-archive)
zephyr/libzephyr.a(printk.c.obj)
                              (--whole-archive)
zephyr/libzephyr.a(onoff.c.obj)
                              (--whole-archive)
zephyr/libzephyr.a(rb.c.obj)  (--whole-archive)
zephyr/libzephyr.a(sem.c.obj)
                              (--whole-archive)
zephyr/libzephyr.a(thread_entry.c.obj)
                              (--whole-archive)
zephyr/libzephyr.a(timeutil.c.obj)
                              (--whole-archive)
zephyr/libzephyr.a(heap.c.obj)
                              (--whole-archive)
zephyr/libzephyr.a(heap-validate.c.obj)
                              (--whole-archive)
zephyr/libzephyr.a(bitarray.c.obj)
                              (--whole-archive)
zephyr/libzephyr.a(cbprintf_complete.c.obj)
                              (--whole-archive)
zephyr/libzephyr.a(assert.c.obj)
                              (--whole-archive)
zephyr/libzephyr.a(mpsc_pbuf.c.obj)
                              (--whole-archive)
zephyr/libzephyr.a(reboot.c.obj)
                              (--whole-archive)
zephyr/libzephyr.a(configs.c.obj)
                              (--whole-archive)
zephyr/libzephyr.a(soc.c.obj)
                              (--whole-archive)
zephyr/libzephyr.a(validate_base_addresses.c.obj)
                              (--whole-archive)
zephyr/libzephyr.a(validate_enabled_instances.c.obj)
                              (--whole-archive)
zephyr/libzephyr.a(log_list.c.obj)
                              (--whole-archive)
zephyr/libzephyr.a(log_core.c.obj)
                              (--whole-archive)
zephyr/libzephyr.a(log_msg.c.obj)
                              (--whole-archive)
zephyr/libzephyr.a(log_output.c.obj)
                              (--whole-archive)
zephyr/libzephyr.a(log_backend_uart.c.obj)
                              (--whole-archive)
zephyr/libzephyr.a(rpmsg_backend.c.obj)
                              (--whole-archive)
zephyr/libzephyr.a(rpmsg_service.c.obj)
                              (--whole-archive)
zephyr/libzephyr.a(addr_utils.c.obj)
                              (--whole-archive)
zephyr/libzephyr.a(uart_console.c.obj)
                              (--whole-archive)
zephyr/libzephyr.a(clock_control_nrf.c.obj)
                              (--whole-archive)
zephyr/libzephyr.a(sys_clock_init.c.obj)
                              (--whole-archive)
zephyr/libzephyr.a(nrf_rtc_timer.c.obj)
                              (--whole-archive)
zephyr/libzephyr.a(flash_map_partition_manager.c.obj)
                              (--whole-archive)
zephyr/libzephyr.a(utils.c.obj)
                              (--whole-archive)
zephyr/libzephyr.a(ecc_dh.c.obj)
                              (--whole-archive)
zephyr/libzephyr.a(ecc.c.obj)
                              (--whole-archive)
zephyr/libzephyr.a(aes_decrypt.c.obj)
                              (--whole-archive)
zephyr/libzephyr.a(aes_encrypt.c.obj)
                              (--whole-archive)
zephyr/arch/common/libarch__common.a(sw_isr_common.c.obj)
                              (--whole-archive)
zephyr/arch/arch/arm/core/aarch32/libarch__arm__core__aarch32.a(swap.c.obj)
                              (--whole-archive)
zephyr/arch/arch/arm/core/aarch32/libarch__arm__core__aarch32.a(swap_helper.S.obj)
                              (--whole-archive)
zephyr/arch/arch/arm/core/aarch32/libarch__arm__core__aarch32.a(irq_manage.c.obj)
                              (--whole-archive)
zephyr/arch/arch/arm/core/aarch32/libarch__arm__core__aarch32.a(thread.c.obj)
                              (--whole-archive)
zephyr/arch/arch/arm/core/aarch32/libarch__arm__core__aarch32.a(cpu_idle.S.obj)
                              (--whole-archive)
zephyr/arch/arch/arm/core/aarch32/libarch__arm__core__aarch32.a(fatal.c.obj)
                              (--whole-archive)
zephyr/arch/arch/arm/core/aarch32/libarch__arm__core__aarch32.a(nmi.c.obj)
                              (--whole-archive)
[...]
Memory Configuration

Name             Origin             Length             Attributes
FLASH            0x01000000         0x00040000         xr
SRAM             0x21000000         0x00010000         xw
SRAM1            0x21000000         0x00010000         rw
IDT_LIST         0x21010000         0x00000800         xw
*default*        0x00000000         0xffffffff

Linker script and memory map

LOAD zephyr/CMakeFiles/zephyr_final.dir/misc/empty_file.c.obj
LOAD zephyr/CMakeFiles/zephyr_final.dir/isr_tables.c.obj
LOAD zephyr/CMakeFiles/zephyr_final.dir/dev_handles.c.obj
                0x00000020                _region_min_align = 0x20

.rel.plt        0x01000000        0x0
 *(SORT_BY_ALIGNMENT(.rel.plt))
                [!provide]                PROVIDE (__rel_iplt_start = .)
 *(SORT_BY_ALIGNMENT(.rel.iplt))
 .rel.iplt      0x01000000        0x0 zephyr/CMakeFiles/zephyr_final.dir/isr_tables.c.obj
                [!provide]                PROVIDE (__rel_iplt_end = .)

.rela.plt       0x00000000        0x0
 *(SORT_BY_ALIGNMENT(.rela.plt))
                [!provide]                PROVIDE (__rela_iplt_start = .)
 *(SORT_BY_ALIGNMENT(.rela.iplt))
                [!provide]                PROVIDE (__rela_iplt_end = .)

.rel.dyn
 *(SORT_BY_ALIGNMENT(.rel.*))

.rela.dyn
 *(SORT_BY_ALIGNMENT(.rela.*))

/DISCARD/
 *(SORT_BY_ALIGNMENT(.plt))
 *(SORT_BY_ALIGNMENT(.iplt))
 *(SORT_BY_ALIGNMENT(.got.plt))
 *(SORT_BY_ALIGNMENT(.igot.plt))
 *(SORT_BY_ALIGNMENT(.got))
 *(SORT_BY_ALIGNMENT(.igot))
 *(SORT_BY_ALIGNMENT(.irq_info*))
 *(SORT_BY_ALIGNMENT(.intList*))
 *(SORT_BY_ALIGNMENT(.note.GNU-stack))
                0x01000000                _image_rom_start = 0x1000000

rom_start       0x01000000       0xb8
                0x00000000                . = 0x0
                0x00000000                . = ALIGN (0x4)
                0x00000000                . = ALIGN (0x80)
                0x00000000                . = ALIGN (0x100)
                0x01000000                _vector_start = .
 *(SORT_BY_ALIGNMENT(.exc_vector_table))
 *(SORT_BY_ALIGNMENT(.exc_vector_table.*))
 .exc_vector_table._vector_table_section
                0x01000000       0x40 zephyr/arch/arch/arm/core/aarch32/cortex_m/libarch__arm__core__aarch32__cortex_m.a(vector_table.S.obj)
                0x01000000                _vector_table
 *(SORT_BY_ALIGNMENT(.gnu.linkonce.irq_vector_table*))
 .gnu.linkonce.irq_vector_table
                0x01000040       0x78 zephyr/CMakeFiles/zephyr_final.dir/isr_tables.c.obj
                0x01000040                _irq_vector_table
 *(SORT_BY_ALIGNMENT(.vectors))
                0x010000b8                _vector_end = .

text            0x010000b8    0x29cda
                0x010000b8                _image_text_start = .
 *(SORT_BY_ALIGNMENT(.text))
 .text          0x010000b8       0x30 c:/nordicsemi/v1.6.1/toolchain/opt/bin/../lib/gcc/arm-none-eabi/9.2.1/thumb/v8-m.main/nofp\libgcc.a(_aeabi_uldivmod.o)
                0x010000b8                __aeabi_uldivmod
 .text          0x010000e8      0x2c8 c:/nordicsemi/v1.6.1/toolchain/opt/bin/../lib/gcc/arm-none-eabi/9.2.1/thumb/v8-m.main/nofp\libgcc.a(_udivmoddi4.o)
                0x010000e8                __udivmoddi4
 .text          0x010003b0        0x4 c:/nordicsemi/v1.6.1/toolchain/opt/bin/../lib/gcc/arm-none-eabi/9.2.1/thumb/v8-m.main/nofp\libgcc.a(_dvmd_tls.o)
                0x010003b0                __aeabi_idiv0
                0x010003b0                __aeabi_ldiv0
 .text          0x010003b4       0x30 C:/nordicsemi/v1.6.1/nrfxlib/mpsl/lib/cortex-m33+nodsp/soft-float/libmpsl.a(libmpsl_debug_soft__obfuscated.elf)
                0x010003b4                sym_QV6CME4HLWJA6KQZ7HE7ECNT7UGKOYHKNHH6E7I
 .text          0x010003e4        0xc C:/nordicsemi/v1.6.1/nrfxlib/mpsl/lib/cortex-m33+nodsp/soft-float/libmpsl.a(libmpsl_debug_soft__obfuscated.elf)
                0x010003e4                sym_SKFSQME5SGNPYLL7B75KY7PHXFYWSRI2HSTT45A
 .text          0x010003f0       0x18 C:/nordicsemi/v1.6.1/nrfxlib/mpsl/lib/cortex-m33+nodsp/soft-float/libmpsl.a(libmpsl_debug_soft__obfuscated.elf)
                0x010003f0                sym_4RNEPYYQOFM4LAOGLN2TB27X7L3XBISTGAWYOHQ
 .text          0x01000408       0xf0 C:/nordicsemi/v1.6.1/nrfxlib/mpsl/lib/cortex-m33+nodsp/soft-float/libmpsl.a(libmpsl_debug_soft__obfuscated.elf)
 .text          0x010004f8      0x1bc C:/nordicsemi/v1.6.1/nrfxlib/mpsl/lib/cortex-m33+nodsp/soft-float/libmpsl.a(libmpsl_debug_soft__obfuscated.elf)
 .text          0x010006b4       0xdc C:/nordicsemi/v1.6.1/nrfxlib/mpsl/lib/cortex-m33+nodsp/soft-float/libmpsl.a(libmpsl_debug_soft__obfuscated.elf)
 .text          0x01000790       0xf0 C:/nordicsemi/v1.6.1/nrfxlib/mpsl/lib/cortex-m33+nodsp/soft-float/libmpsl.a(libmpsl_debug_soft__obfuscated.elf)
 .text          0x01000880       0x94 C:/nordicsemi/v1.6.1/nrfxlib/mpsl/lib/cortex-m33+nodsp/soft-float/libmpsl.a(libmpsl_debug_soft__obfuscated.elf)
 .text          0x01000914       0xe0 C:/nordicsemi/v1.6.1/nrfxlib/mpsl/lib/cortex-m33+nodsp/soft-float/libmpsl.a(libmpsl_debug_soft__obfuscated.elf)
 .text          0x010009f4      0x6c8 C:/nordicsemi/v1.6.1/nrfxlib/mpsl/lib/cortex-m33+nodsp/soft-float/libmpsl.a(libmpsl_debug_soft__obfuscated.elf)
 .text          0x010010bc      0x120 C:/nordicsemi/v1.6.1/nrfxlib/mpsl/lib/cortex-m33+nodsp/soft-float/libmpsl.a(libmpsl_debug_soft__obfuscated.elf)
 .text          0x010011dc       0x80 C:/nordicsemi/v1.6.1/nrfxlib/mpsl/lib/cortex-m33+nodsp/soft-float/libmpsl.a(libmpsl_debug_soft__obfuscated.elf)
                0x010011dc                sym_ZC6NJBPUISWILQK6OTOBMJVVUT63JRIDGH5WNCY
 .text          0x0100125c       0x20 C:/nordicsemi/v1.6.1/nrfxlib/mpsl/lib/cortex-m33+nodsp/soft-float/libmpsl.a(libmpsl_debug_soft__obfuscated.elf)
                0x0100125c                sym_RWBLK2534FJMTER76IYUPZQ3YF74JEALZ2OBIDI
 .text          0x0100127c       0x30 C:/nordicsemi/v1.6.1/nrfxlib/mpsl/lib/cortex-m33+nodsp/soft-float/libmpsl.a(libmpsl_debug_soft__obfuscated.elf)
                0x0100127c                sym_4FXF7BZT2IZ3YRYSE3Z2XCICKWZPGDZTXL2ECZQ
 .text          0x010012ac      0x310 C:/nordicsemi/v1.6.1/nrfxlib/mpsl/lib/cortex-m33+nodsp/soft-float/libmpsl.a(libmpsl_debug_soft__obfuscated.elf)
                0x010012ac                sym_SFR5TVV24PZRIRC5QGOHL2X436PUHKRY2QWKP5Y
 .text          0x010015bc       0x50 C:/nordicsemi/v1.6.1/nrfxlib/mpsl/lib/cortex-m33+nodsp/soft-float/libmpsl.a(libmpsl_debug_soft__obfuscated.elf)
                0x010015bc                sym_RPHL2J7CVNKM6GKLDIFI4NVAPZE2FHTYW4VJSJI
 .text          0x0100160c       0x14 C:/nordicsemi/v1.6.1/nrfxlib/mpsl/lib/cortex-m33+nodsp/soft-float/libmpsl.a(libmpsl_debug_soft__obfuscated.elf)
                0x0100160c                sym_MGCUANL7Q2CUPWKYBFLWSWSNXIEEYBPZTHT2VZI
 .text          0x01001620       0x50 C:/nordicsemi/v1.6.1/nrfxlib/mpsl/lib/cortex-m33+nodsp/soft-float/libmpsl.a(libmpsl_debug_soft__obfuscated.elf)
                0x01001620                sym_CFZK3G6ZC4ONUAYO2UALWQ4CBO7A6ADNAS2FS7Y
 .text          0x01001670       0x10 C:/nordicsemi/v1.6.1/nrfxlib/mpsl/lib/cortex-m33+nodsp/soft-float/libmpsl.a(libmpsl_debug_soft__obfuscated.elf)
                0x01001670                sym_KN3Y3AMHXOHKS2EMALWM5VNLRDL2MPKHIP6XPDA
 .text          0x01001680       0x68 C:/nordicsemi/v1.6.1/nrfxlib/mpsl/lib/cortex-m33+nodsp/soft-float/libmpsl.a(libmpsl_debug_soft__obfuscated.elf)
                0x01001680                sym_2O2USXABBLL6KC7E5NJFOHR6JLZMSV4AU5ZYH3Q
 .text          0x010016e8       0x68 C:/nordicsemi/v1.6.1/nrfxlib/mpsl/lib/cortex-m33+nodsp/soft-float/libmpsl.a(libmpsl_debug_soft__obfuscated.elf)
                0x010016e8                sym_W447CEMR6K6QRW3N63PRPIR7NK6ENOSBFXLCPRQ
 .text          0x01001750      0x2c8 C:/nordicsemi/v1.6.1/nrfxlib/mpsl/lib/cortex-m33+nodsp/soft-float/libmpsl.a(libmpsl_debug_soft__obfuscated.elf)
                0x01001750                sym_CVH6S6LMSFPC2RM6I6LYWFRVOJUD3A6OCMG7AAI
 .text          0x01001a18      0x5e4 C:/nordicsemi/v1.6.1/nrfxlib/mpsl/lib/cortex-m33+nodsp/soft-float/libmpsl.a(libmpsl_debug_soft__obfuscated.elf)
                0x01001a18                sym_NFDFVOR5BUFND4TNTGYIYR4ARXJRXWSQ4PVFUKY
 .text          0x01001ffc      0x298 C:/nordicsemi/v1.6.1/nrfxlib/mpsl/lib/cortex-m33+nodsp/soft-float/libmpsl.a(libmpsl_debug_soft__obfuscated.elf)
                0x01001ffc                sym_R4Y3KWNYX4PGGLE5X2L7DXMWMJUY3DOXD7LSUKY
 .text          0x01002294        0x8 C:/nordicsemi/v1.6.1/nrfxlib/mpsl/lib/cortex-m33+nodsp/soft-float/libmpsl.a(libmpsl_debug_soft__obfuscated.elf)
                0x01002294                sym_AQI4OLZLNAFMKTQHPKXO3EVYHTLAOB676ZYU7WY
 .text          0x0100229c        0xc C:/nordicsemi/v1.6.1/nrfxlib/mpsl/lib/cortex-m33+nodsp/soft-float/libmpsl.a(libmpsl_debug_soft__obfuscated.elf)
                0x0100229c                sym_VJEK4XS7F73UVK3OKMWLYLJEHOD3EB5MY72V6OQ
 .text          0x010022a8      0x30c C:/nordicsemi/v1.6.1/nrfxlib/mpsl/lib/cortex-m33+nodsp/soft-float/libmpsl.a(libmpsl_debug_soft__obfuscated.elf)
                0x010022a8                sym_J5F7QGRFPKMLWRNSXZXS5YI7BM4DUTISCOASCOA
 .text          0x010025b4       0x34 C:/nordicsemi/v1.6.1/nrfxlib/mpsl/lib/cortex-m33+nodsp/soft-float/libmpsl.a(libmpsl_debug_soft__obfuscated.elf)
                0x010025b4                sym_UY2NI5OOASY6266A2A7GY3XEUA5M2CDE2WTVEIY
 .text          0x010025e8       0xc8 C:/nordicsemi/v1.6.1/nrfxlib/mpsl/lib/cortex-m33+nodsp/soft-float/libmpsl.a(libmpsl_debug_soft__obfuscated.elf)
                0x010025e8                sym_URFU24FFGR2HYB6CCPIPKPNZNMTWHKDYOATUJNY
 .text          0x010026b0       0x4c C:/nordicsemi/v1.6.1/nrfxlib/mpsl/lib/cortex-m33+nodsp/soft-float/libmpsl.a(libmpsl_debug_soft__obfuscated.elf)
                0x010026b0                sym_VDVM4QLBTRUPEGCBUXIK25LH2KVQWBZXHRBYEFY
 .text          0x010026fc       0x30 C:/nordicsemi/v1.6.1/nrfxlib/mpsl/lib/cortex-m33+nodsp/soft-float/libmpsl.a(libmpsl_debug_soft__obfuscated.elf)
                0x010026fc                sym_VEWW3RW4OAPPUFDQOJ7JRKBAAFEHR5NLTH3O5OQ
 .text          0x0100272c       0x4c C:/nordicsemi/v1.6.1/nrfxlib/mpsl/lib/cortex-m33+nodsp/soft-float/libmpsl.a(libmpsl_debug_soft__obfuscated.elf)
                0x0100272c                sym_KRIFY7ONBBSU6QHFDWYLN5WQPGGEBIZW5444PSQ
 .text          0x01002778        0x4 C:/nordicsemi/v1.6.1/nrfxlib/mpsl/lib/cortex-m33+nodsp/soft-float/libmpsl.a(libmpsl_debug_soft__obfuscated.elf)
                0x01002778                sym_HAHEAVDZUSPPA6H5H73M6WNIYXBR6WNMIDQIM7Q
 .text          0x0100277c       0xcc C:/nordicsemi/v1.6.1/nrfxlib/mpsl/lib/cortex-m33+nodsp/soft-float/libmpsl.a(libmpsl_debug_soft__obfuscated.elf)
                0x0100277c                sym_FWJGAV6HUABGKXBT6K4XJ76WZDWHK3EOQOQRNOI
 .text          0x01002848      0x190 C:/nordicsemi/v1.6.1/nrfxlib/mpsl/lib/cortex-m33+nodsp/soft-float/libmpsl.a(libmpsl_debug_soft__obfuscated.elf)
                0x01002848                sym_QWOE5H22ZADGJX5JSROW7BOI32Z6PPEEJCISNOQ
 .text          0x010029d8      0x290 C:/nordicsemi/v1.6.1/nrfxlib/mpsl/lib/cortex-m33+nodsp/soft-float/libmpsl.a(libmpsl_debug_soft__obfuscated.elf)
                0x010029d8                sym_DQFOGVCNU4NTOMWSL3IYDNCMIXT2LT7SZHL5IHI
 .text          0x01002c68       0x60 C:/nordicsemi/v1.6.1/nrfxlib/mpsl/lib/cortex-m33+nodsp/soft-float/libmpsl.a(libmpsl_debug_soft__obfuscated.elf)
                0x01002c68                sym_ORUJDMUJV7RZIFXM3X5KLRROPKJ7VPLJ65JMLRQ
 .text          0x01002cc8       0xc4 C:/nordicsemi/v1.6.1/nrfxlib/mpsl/lib/cortex-m33+nodsp/soft-float/libmpsl.a(libmpsl_debug_soft__obfuscated.elf)
                0x01002cc8                sym_3SK52U5TD4ACVVYKWS6UI6ZPWKSLV6BW5IGCPJI
 .text          0x01002d8c      0x17c C:/nordicsemi/v1.6.1/nrfxlib/mpsl/lib/cortex-m33+nodsp/soft-float/libmpsl.a(libmpsl_debug_soft__obfuscated.elf)
                0x01002d8c                sym_2ZDZA75WOMRNSQ6XL7IZWAQKYFFSRJOGBGKPTIQ
 .text          0x01002f08       0xc0 C:/nordicsemi/v1.6.1/nrfxlib/mpsl/lib/cortex-m33+nodsp/soft-float/libmpsl.a(libmpsl_debug_soft__obfuscated.elf)
                0x01002f08                sym_UGOJA475OXR5HR5WFINUK27HP5BRGNWCZXQLKDI
 .text          0x01002fc8      0x118 C:/nordicsemi/v1.6.1/nrfxlib/mpsl/lib/cortex-m33+nodsp/soft-float/libmpsl.a(libmpsl_debug_soft__obfuscated.elf)
                0x01002fc8                sym_QUBGY7RMPG7R5F6DVNURH4AVGDAWMK46YXU4DRA
 .text          0x010030e0        0xc C:/nordicsemi/v1.6.1/nrfxlib/mpsl/lib/cortex-m33+nodsp/soft-float/libmpsl.a(libmpsl_debug_soft__obfuscated.elf)
                0x010030e0                sym_RUQO26WM5KVVEW7O3OHCXPO7LLLXRBDPIPSWIWY
 .text          0x010030ec        0xc C:/nordicsemi/v1.6.1/nrfxlib/mpsl/lib/cortex-m33+nodsp/soft-float/libmpsl.a(libmpsl_debug_soft__obfuscated.elf)
                0x010030ec                sym_M4DIQOXJAE3BNHQBIUCZXAABSM24CWUEJOCU7DY
 .text          0x010030f8      0x138 C:/nordicsemi/v1.6.1/nrfxlib/mpsl/lib/cortex-m33+nodsp/soft-float/libmpsl.a(libmpsl_debug_soft__obfuscated.elf)
                0x010030f8                sym_X2K67YH6UCW6TFK6NTLPZZFGWYHTTPZYK5PXHNQ
 .text          0x01003230       0x38 C:/nordicsemi/v1.6.1/nrfxlib/mpsl/lib/cortex-m33+nodsp/soft-float/libmpsl.a(libmpsl_debug_soft__obfuscated.elf)
                0x01003230                sym_CQWZ455IMTLTPY5LEEZHXHRRNX223B3HTDD45HA
 .text          0x01003268      0x11c C:/nordicsemi/v1.6.1/nrfxlib/mpsl/lib/cortex-m33+nodsp/soft-float/libmpsl.a(libmpsl_debug_soft__obfuscated.elf)
                0x01003268                sym_TSYEIN5CZPQE3YK6VECZD5C2M4LMXKKH6O7LNAY
 .text          0x01003384       0x94 C:/nordicsemi/v1.6.1/nrfxlib/mpsl/lib/cortex-m33+nodsp/soft-float/libmpsl.a(libmpsl_debug_soft__obfuscated.elf)
                0x01003384                sym_OLTN5HGCU3P74AJAQRGNYBUXASUKWF3RI2Q3H5Q
 .text          0x01003418       0x28 C:/nordicsemi/v1.6.1/nrfxlib/mpsl/lib/cortex-m33+nodsp/soft-float/libmpsl.a(libmpsl_debug_soft__obfuscated.elf)
                0x01003418                sym_CPXNCG66C5WXYS4GOKTR2JEIS45ZVRZUCBYX34I
 .text          0x01003440       0x1c C:/nordicsemi/v1.6.1/nrfxlib/mpsl/lib/cortex-m33+nodsp/soft-float/libmpsl.a(libmpsl_debug_soft__obfuscated.elf)
                0x01003440                sym_2VDVUOTV276POQPJRTHRUH2MRDLS4UTGJOVIRQY
 .text          0x0100345c       0x50 C:/nordicsemi/v1.6.1/nrfxlib/mpsl/lib/cortex-m33+nodsp/soft-float/libmpsl.a(libmpsl_debug_soft__obfuscated.elf)
                0x0100345c                sym_AO7IDJTBMFZUQLFLRLEUMHZWK5ISLDQ2UN56FCI
 .text          0x010034ac       0xec C:/nordicsemi/v1.6.1/nrfxlib/mpsl/lib/cortex-m33+nodsp/soft-float/libmpsl.a(libmpsl_debug_soft__obfuscated.elf)
                0x010034ac                MPSL_IRQ_RTC0_Handler
 .text          0x01003598      0x184 C:/nordicsemi/v1.6.1/nrfxlib/mpsl/lib/cortex-m33+nodsp/soft-float/libmpsl.a(libmpsl_debug_soft__obfuscated.elf)
                0x01003598                MPSL_IRQ_TIMER0_Handler
 .text          0x0100371c        0x4 C:/nordicsemi/v1.6.1/nrfxlib/mpsl/lib/cortex-m33+nodsp/soft-float/libmpsl.a(libmpsl_debug_soft__obfuscated.elf)
                0x0100371c                MPSL_IRQ_RADIO_Handler
 .text          0x01003720       0x1c C:/nordicsemi/v1.6.1/nrfxlib/mpsl/lib/cortex-m33+nodsp/soft-float/libmpsl.a(libmpsl_debug_soft__obfuscated.elf)
 .text          0x0100373c        0xc C:/nordicsemi/v1.6.1/nrfxlib/mpsl/lib/cortex-m33+nodsp/soft-float/libmpsl.a(libmpsl_debug_soft__obfuscated.elf)
                0x0100373c                sym_ETIE3PCEXQYLK2GIVZENQ6V7PLBRV57MB7BDMNY
 .text          0x01003748       0x28 C:/nordicsemi/v1.6.1/nrfxlib/mpsl/lib/cortex-m33+nodsp/soft-float/libmpsl.a(libmpsl_debug_soft__obfuscated.elf)
                0x01003748                sym_PEUB6CZG5CWXXD4M2S6OVBXZGDFOG4XII7USUDQ
 .text          0x01003770       0x38 C:/nordicsemi/v1.6.1/nrfxlib/mpsl/lib/cortex-m33+nodsp/soft-float/libmpsl.a(libmpsl_debug_soft__obfuscated.elf)
                0x01003770                mpsl_clock_hfclk_request
 .text          0x010037a8       0x38 C:/nordicsemi/v1.6.1/nrfxlib/mpsl/lib/cortex-m33+nodsp/soft-float/libmpsl.a(libmpsl_debug_soft__obfuscated.elf)
 .text          0x010037e0       0x50 C:/nordicsemi/v1.6.1/nrfxlib/mpsl/lib/cortex-m33+nodsp/soft-float/libmpsl.a(libmpsl_debug_soft__obfuscated.elf)
 .text          0x01003830       0x38 C:/nordicsemi/v1.6.1/nrfxlib/mpsl/lib/cortex-m33+nodsp/soft-float/libmpsl.a(libmpsl_debug_soft__obfuscated.elf)
                0x01003830                sym_AF5XKA2WT4DMFZTLKHOBWE7E2EZAMLDDFPQGGTQ
 .text          0x01003868       0x1c C:/nordicsemi/v1.6.1/nrfxlib/mpsl/lib/cortex-m33+nodsp/soft-float/libmpsl.a(libmpsl_debug_soft__obfuscated.elf)
                0x01003868                mpsl_clock_hfclk_release
 .text          0x01003884       0x1c C:/nordicsemi/v1.6.1/nrfxlib/mpsl/lib/cortex-m33+nodsp/soft-float/libmpsl.a(libmpsl_debug_soft__obfuscated.elf)
                0x01003884                sym_MXEZOAVPP5LXUOZ6LJGDWJ57JEG5BZ5YB7LCG7Y
 .text          0x010038a0       0x38 C:/nordicsemi/v1.6.1/nrfxlib/mpsl/lib/cortex-m33+nodsp/soft-float/libmpsl.a(libmpsl_debug_soft__obfuscated.elf)
                0x010038a0                sym_UZOVMIXHY2SDZSVAWFRK4RKQPHXNS37P2CLQ57A
 .text          0x010038d8       0x10 C:/nordicsemi/v1.6.1/nrfxlib/mpsl/lib/cortex-m33+nodsp/soft-float/libmpsl.a(libmpsl_debug_soft__obfuscated.elf)
                0x010038d8                sym_4CZSFTTT34WDYFZKE2NSCSVSYLPHLZYN7QUTGHY
 .text          0x010038e8       0x80 C:/nordicsemi/v1.6.1/nrfxlib/mpsl/lib/cortex-m33+nodsp/soft-float/libmpsl.a(libmpsl_debug_soft__obfuscated.elf)
                0x010038e8                sym_A4JUKJUCTJV55V2WD6TXU63VO5GAMB4XA4EE56Q
 .text          0x01003968       0xa8 C:/nordicsemi/v1.6.1/nrfxlib/mpsl/lib/cortex-m33+nodsp/soft-float/libmpsl.a(libmpsl_debug_soft__obfuscated.elf)
                0x01003968                MPSL_IRQ_CLOCK_Handler
 .text          0x01003a10       0x18 C:/nordicsemi/v1.6.1/nrfxlib/mpsl/lib/cortex-m33+nodsp/soft-float/libmpsl.a(libmpsl_debug_soft__obfuscated.elf)
                0x01003a10                sym_4PX37LW4KIUYQZ73JWLPH5GAGIRWAKTV3E6F62Q
 .text          0x01003a28      0x1a0 C:/nordicsemi/v1.6.1/nrfxlib/mpsl/lib/cortex-m33+nodsp/soft-float/libmpsl.a(libmpsl_debug_soft__obfuscated.elf)
                0x01003a28                sym_FYHKZOVAJN6VDDHY43FT7PF4YLRDHWRTEWHFG6I
 .text          0x01003bc8        0xc C:/nordicsemi/v1.6.1/nrfxlib/mpsl/lib/cortex-m33+nodsp/soft-float/libmpsl.a(libmpsl_debug_soft__obfuscated.elf)
                0x01003bc8                sym_IFJHPQV3B4EIN6OIUP3LZSPJBF5HLX2VYD323GA
 .text          0x01003bd4       0x20 C:/nordicsemi/v1.6.1/nrfxlib/mpsl/lib/cortex-m33+nodsp/soft-float/libmpsl.a(libmpsl_debug_soft__obfuscated.elf)
                0x01003bd4                sym_XK3TMLCZALCYYWGULGHQIRSOBMPIIPJ7HEMOZIQ
 .text          0x01003bf4        0xc C:/nordicsemi/v1.6.1/nrfxlib/mpsl/lib/cortex-m33+nodsp/soft-float/libmpsl.a(libmpsl_debug_soft__obfuscated.elf)
                0x01003bf4                sym_PIRI3CTIHOPR5MPDQRHBJRRZEA2NVOD4J3GXGOA
 .text          0x01003c00       0x1c C:/nordicsemi/v1.6.1/nrfxlib/mpsl/lib/cortex-m33+nodsp/soft-float/libmpsl.a(libmpsl_debug_soft__obfuscated.elf)
                0x01003c00                sym_LIY23QT3GHIV7NCGJ6ZW6LB2ZUSI56CIFCL6HUY
 .text          0x01003c1c       0x10 C:/nordicsemi/v1.6.1/nrfxlib/mpsl/lib/cortex-m33+nodsp/soft-float/libmpsl.a(libmpsl_debug_soft__obfuscated.elf)
                0x01003c1c                sym_TIWHB6UQGI33JQCQDL7C2BRAEXCRAFYENVN6QEI
 .text          0x01003c2c       0x10 C:/nordicsemi/v1.6.1/nrfxlib/mpsl/lib/cortex-m33+nodsp/soft-float/libmpsl.a(libmpsl_debug_soft__obfuscated.elf)
                0x01003c2c                sym_AL7FCNVVCF72BNYCTLA5UGAWCQFXFPGE2ULTWOA
 .text          0x01003c3c       0x10 C:/nordicsemi/v1.6.1/nrfxlib/mpsl/lib/cortex-m33+nodsp/soft-float/libmpsl.a(libmpsl_debug_soft__obfuscated.elf)
                0x01003c3c                sym_7BUNPUBNWNFVXXIMNFFNK765OVON5LBIUZ66QRI
 .text          0x01003c4c       0x28 C:/nordicsemi/v1.6.1/nrfxlib/mpsl/lib/cortex-m33+nodsp/soft-float/libmpsl.a(libmpsl_debug_soft__obfuscated.elf)
                0x01003c4c                sym_LZEJCP3HZIBKMJQC47UQXAHGCQ52QF47EXOH2WA
 .text          0x01003c74       0x14 C:/nordicsemi/v1.6.1/nrfxlib/mpsl/lib/cortex-m33+nodsp/soft-float/libmpsl.a(libmpsl_debug_soft__obfuscated.elf)
 .text          0x01003c88       0x20 C:/nordicsemi/v1.6.1/nrfxlib/mpsl/lib/cortex-m33+nodsp/soft-float/libmpsl.a(libmpsl_debug_soft__obfuscated.elf)
 .text          0x01003ca8       0x34 C:/nordicsemi/v1.6.1/nrfxlib/mpsl/lib/cortex-m33+nodsp/soft-float/libmpsl.a(libmpsl_debug_soft__obfuscated.elf)
 .text          0x01003cdc       0x48 C:/nordicsemi/v1.6.1/nrfxlib/mpsl/lib/cortex-m33+nodsp/soft-float/libmpsl.a(libmpsl_debug_soft__obfuscated.elf)
 .text          0x01003d24       0x24 C:/nordicsemi/v1.6.1/nrfxlib/mpsl/lib/cortex-m33+nodsp/soft-float/libmpsl.a(libmpsl_debug_soft__obfuscated.elf)
 .text          0x01003d48       0xfc C:/nordicsemi/v1.6.1/nrfxlib/mpsl/lib/cortex-m33+nodsp/soft-float/libmpsl.a(libmpsl_debug_soft__obfuscated.elf)
 .text          0x01003e44        0xc C:/nordicsemi/v1.6.1/nrfxlib/mpsl/lib/cortex-m33+nodsp/soft-float/libmpsl.a(libmpsl_debug_soft__obfuscated.elf)
                0x01003e44                sym_JNBYD5ZJ5MPK62ZKHKS33GEXMN2T7JK3PFE544A
 .text          0x01003e50      0x10c C:/nordicsemi/v1.6.1/nrfxlib/mpsl/lib/cortex-m33+nodsp/soft-float/libmpsl.a(libmpsl_debug_soft__obfuscated.elf)
                0x01003e50                sym_SMM7FXAGNH5CGLSU6FKRBG24XS3XTMWJCOJFD6Q
 .text          0x01003f5c       0x30 C:/nordicsemi/v1.6.1/nrfxlib/mpsl/lib/cortex-m33+nodsp/soft-float/libmpsl.a(libmpsl_debug_soft__obfuscated.elf)
 .text          0x01003f8c      0x208 C:/nordicsemi/v1.6.1/nrfxlib/mpsl/lib/cortex-m33+nodsp/soft-float/libmpsl.a(libmpsl_debug_soft__obfuscated.elf)
 .text          0x01004194       0x6c C:/nordicsemi/v1.6.1/nrfxlib/mpsl/lib/cortex-m33+nodsp/soft-float/libmpsl.a(libmpsl_debug_soft__obfuscated.elf)
                0x01004194                mpsl_init
 .text          0x01004200       0x50 C:/nordicsemi/v1.6.1/nrfxlib/mpsl/lib/cortex-m33+nodsp/soft-float/libmpsl.a(libmpsl_debug_soft__obfuscated.elf)
                0x01004200                sym_S2UAPMFVIQXDUOA6CV7GJMB33TYHEUH5D6LHO5Q
 .text          0x01004250       0x28 C:/nordicsemi/v1.6.1/nrfxlib/mpsl/lib/cortex-m33+nodsp/soft-float/libmpsl.a(libmpsl_debug_soft__obfuscated.elf)
                0x01004250                sym_XR32KBBIVYD5OVRJM2RBQ57EGCCM2C3F5IY6OHQ
 .text          0x01004278        0xc C:/nordicsemi/v1.6.1/nrfxlib/mpsl/lib/cortex-m33+nodsp/soft-float/libmpsl.a(libmpsl_debug_soft__obfuscated.elf)
                0x01004278                mpsl_is_initialized
 .text          0x01004284       0x7c C:/nordicsemi/v1.6.1/nrfxlib/mpsl/lib/cortex-m33+nodsp/soft-float/libmpsl.a(libmpsl_debug_soft__obfuscated.elf)
                0x01004284                mpsl_temperature_get
 .text          0x01004300       0x38 C:/nordicsemi/v1.6.1/nrfxlib/mpsl/lib/cortex-m33+nodsp/soft-float/libmpsl.a(libmpsl_debug_soft__obfuscated.elf)
                0x01004300                sym_W7ROFHNOSDKPIRUKDGIZZ5YR3MC3DAM2YLJOUIA
 .text          0x01004338       0x38 C:/nordicsemi/v1.6.1/nrfxlib/mpsl/lib/cortex-m33+nodsp/soft-float/libmpsl.a(libmpsl_debug_soft__obfuscated.elf)
                0x01004338                sym_GURZ3AH6X65RGSKYMYNWZVP6HM56LA5MRAQWT6Q
 .text          0x01004370       0x50 C:/nordicsemi/v1.6.1/nrfxlib/mpsl/lib/cortex-m33+nodsp/soft-float/libmpsl.a(libmpsl_debug_soft__obfuscated.elf)
                0x01004370                sym_VWGRUQT3LYZHLYS5KJ7UOCJEHLDJTWH4RVJBGKQ
 .text          0x010043c0       0x10 C:/nordicsemi/v1.6.1/nrfxlib/mpsl/lib/cortex-m33+nodsp/soft-float/libmpsl.a(libmpsl_debug_soft__obfuscated.elf)
                0x010043c0                sym_B4H3F5QPN2TDYOODF5YTAXQXBYEXGRA3HU76OEQ
 .text          0x010043d0        0x8 C:/nordicsemi/v1.6.1/nrfxlib/mpsl/lib/cortex-m33+nodsp/soft-float/libmpsl.a(libmpsl_debug_soft__obfuscated.elf)
                0x010043d0                sym_4WL3TG4Q7RCTFEMPQ2CQTOL4PAKUULDPJUM5DTY
 .text          0x010043d8       0x34 C:/nordicsemi/v1.6.1/nrfxlib/mpsl/lib/cortex-m33+nodsp/soft-float/libmpsl.a(libmpsl_debug_soft__obfuscated.elf)
                0x010043d8                sym_K65IFLJONCLHPD5IQ4ENBWGA3PVI55UHZKOIVDQ
 .text          0x0100440c       0xf0 C:/nordicsemi/v1.6.1/nrfxlib/mpsl/lib/cortex-m33+nodsp/soft-float/libmpsl.a(libmpsl_debug_soft__obfuscated.elf)
                0x0100440c                sym_DQONLUECJTIEYFOFJXXAPJO4POIAJKJNKBGVN5A
 .text          0x010044fc       0xe4 C:/nordicsemi/v1.6.1/nrfxlib/mpsl/lib/cortex-m33+nodsp/soft-float/libmpsl.a(libmpsl_debug_soft__obfuscated.elf)
                0x010044fc                sym_VSILKYHVQ5DVF6LG5MG267DQVA3A2XZQ6FSCLXA
 .text          0x010045e0       0x40 C:/nordicsemi/v1.6.1/nrfxlib/mpsl/lib/cortex-m33+nodsp/soft-float/libmpsl.a(libmpsl_debug_soft__obfuscated.elf)
 .text          0x01004620       0x50 C:/nordicsemi/v1.6.1/nrfxlib/mpsl/lib/cortex-m33+nodsp/soft-float/libmpsl.a(libmpsl_debug_soft__obfuscated.elf)
                0x01004620                sym_GNQQQFEWM5SWEGVB5JHP7HYAZGI4CDQXSGHR4SQ
 .text          0x01004670       0x30 C:/nordicsemi/v1.6.1/nrfxlib/mpsl/lib/cortex-m33+nodsp/soft-float/libmpsl.a(libmpsl_debug_soft__obfuscated.elf)
                0x01004670                sym_H2AKPOL4Q6GKGQJVBUBWLPO3RBNKXXQE2HSOELQ
 .text          0x010046a0       0x28 C:/nordicsemi/v1.6.1/nrfxlib/mpsl/lib/cortex-m33+nodsp/soft-float/libmpsl.a(libmpsl_debug_soft__obfuscated.elf)
                0x010046a0                sym_24DWUIEE2POS3GYSEVA4IAL4G7TGCCCJXT6D5AA
 .text          0x010046c8       0x20 C:/nordicsemi/v1.6.1/nrfxlib/mpsl/lib/cortex-m33+nodsp/soft-float/libmpsl.a(libmpsl_debug_soft__obfuscated.elf)
                0x010046c8                sym_65YCAVBDKPZHZGRZXNQZCLS62UDJXZDBEFWVSII
 .text          0x010046e8       0x20 C:/nordicsemi/v1.6.1/nrfxlib/mpsl/lib/cortex-m33+nodsp/soft-float/libmpsl.a(libmpsl_debug_soft__obfuscated.elf)
                0x010046e8                sym_UCUZCD3IIQBIFBTQEAMBH3ROVF42G3OC6HCQXWQ
 .text          0x01004708       0x10 C:/nordicsemi/v1.6.1/nrfxlib/mpsl/lib/cortex-m33+nodsp/soft-float/libmpsl.a(libmpsl_debug_soft__obfuscated.elf)
                0x01004708                sym_TSTNWLRH7RAXHHT2FC4R3RPI2WC3O7TXKBYGVCI
 .text          0x01004718        0xc C:/nordicsemi/v1.6.1/nrfxlib/mpsl/lib/cortex-m33+nodsp/soft-float/libmpsl.a(libmpsl_debug_soft__obfuscated.elf)
                0x01004718                mpsl_fem_device_config_254_apply_set
 .text          0x01004724       0xa4 C:/nordicsemi/v1.6.1/nrfxlib/softdevice_controller/lib/cortex-m33+nodsp/soft-float/libsoftdevice_controller_multirole.a(libsoftdevice_controller_s140_debug_soft__obfuscated.elf)
 .text          0x010047c8       0x70 C:/nordicsemi/v1.6.1/nrfxlib/softdevice_controller/lib/cortex-m33+nodsp/soft-float/libsoftdevice_controller_multirole.a(libsoftdevice_controller_s140_debug_soft__obfuscated.elf)
                0x010047c8                sym_476LRB5XNUARAHCHHC7ZAIGPFC5VZ4W2N4467LI
 .text          0x01004838       0x68 C:/nordicsemi/v1.6.1/nrfxlib/softdevice_controller/lib/cortex-m33+nodsp/soft-float/libsoftdevice_controller_multirole.a(libsoftdevice_controller_s140_debug_soft__obfuscated.elf)
 .text          0x010048a0       0x88 C:/nordicsemi/v1.6.1/nrfxlib/softdevice_controller/lib/cortex-m33+nodsp/soft-float/libsoftdevice_controller_multirole.a(libsoftdevice_controller_s140_debug_soft__obfuscated.elf)
                0x010048a0                sdc_init
 .text          0x01004928       0x70 C:/nordicsemi/v1.6.1/nrfxlib/softdevice_controller/lib/cortex-m33+nodsp/soft-float/libsoftdevice_controller_multirole.a(libsoftdevice_controller_s140_debug_soft__obfuscated.elf)
                0x01004928                sdc_cfg_set
 .text          0x01004998       0x58 C:/nordicsemi/v1.6.1/nrfxlib/softdevice_controller/lib/cortex-m33+nodsp/soft-float/libsoftdevice_controller_multirole.a(libsoftdevice_controller_s140_debug_soft__obfuscated.elf)
                0x01004998                sdc_enable
 .text          0x010049f0       0x24 C:/nordicsemi/v1.6.1/nrfxlib/softdevice_controller/lib/cortex-m33+nodsp/soft-float/libsoftdevice_controller_multirole.a(libsoftdevice_controller_s140_debug_soft__obfuscated.elf)
                0x010049f0                sdc_build_revision_get
 .text          0x01004a14       0x1c C:/nordicsemi/v1.6.1/nrfxlib/softdevice_controller/lib/cortex-m33+nodsp/soft-float/libsoftdevice_controller_multirole.a(libsoftdevice_controller_s140_debug_soft__obfuscated.elf)
                0x01004a14                sdc_support_adv
 .text          0x01004a30       0x1c C:/nordicsemi/v1.6.1/nrfxlib/softdevice_controller/lib/cortex-m33+nodsp/soft-float/libsoftdevice_controller_multirole.a(libsoftdevice_controller_s140_debug_soft__obfuscated.elf)
                0x01004a30                sdc_support_slave
 .text          0x01004a4c       0x1c C:/nordicsemi/v1.6.1/nrfxlib/softdevice_controller/lib/cortex-m33+nodsp/soft-float/libsoftdevice_controller_multirole.a(libsoftdevice_controller_s140_debug_soft__obfuscated.elf)
                0x01004a4c                sdc_support_scan
 .text          0x01004a68       0x1c C:/nordicsemi/v1.6.1/nrfxlib/softdevice_controller/lib/cortex-m33+nodsp/soft-float/libsoftdevice_controller_multirole.a(libsoftdevice_controller_s140_debug_soft__obfuscated.elf)
                0x01004a68                sdc_support_master
 .text          0x01004a84       0x1c C:/nordicsemi/v1.6.1/nrfxlib/softdevice_controller/lib/cortex-m33+nodsp/soft-float/libsoftdevice_controller_multirole.a(libsoftdevice_controller_s140_debug_soft__obfuscated.elf)
                0x01004a84                sdc_support_dle
 .text          0x01004aa0       0x1c C:/nordicsemi/v1.6.1/nrfxlib/softdevice_controller/lib/cortex-m33+nodsp/soft-float/libsoftdevice_controller_multirole.a(libsoftdevice_controller_s140_debug_soft__obfuscated.elf)
                0x01004aa0                sdc_support_le_2m_phy
 .text          0x01004abc       0x1c C:/nordicsemi/v1.6.1/nrfxlib/softdevice_controller/lib/cortex-m33+nodsp/soft-float/libsoftdevice_controller_multirole.a(libsoftdevice_controller_s140_debug_soft__obfuscated.elf)
                0x01004abc                sdc_support_le_coded_phy
 .text          0x01004ad8       0x4c C:/nordicsemi/v1.6.1/nrfxlib/softdevice_controller/lib/cortex-m33+nodsp/soft-float/libsoftdevice_controller_multirole.a(libsoftdevice_controller_s140_debug_soft__obfuscated.elf)
                0x01004ad8                sym_MEYOCD6AYGN6BYYH5M35H6GLLMHM6TYBBTCW2LI
 .text          0x01004b24       0x10 C:/nordicsemi/v1.6.1/nrfxlib/softdevice_controller/lib/cortex-m33+nodsp/soft-float/libsoftdevice_controller_multirole.a(libsoftdevice_controller_s140_debug_soft__obfuscated.elf)
                0x01004b24                sdc_rand_source_register
 .text          0x01004b34       0x1c C:/nordicsemi/v1.6.1/nrfxlib/softdevice_controller/lib/cortex-m33+nodsp/soft-float/libsoftdevice_controller_multirole.a(libsoftdevice_controller_s140_debug_soft__obfuscated.elf)
                0x01004b34                sym_RC3WH4TL55HJBAU6BTOKWYOXZCF7BBTLBHIRO6A
 .text          0x01004b50       0x1c C:/nordicsemi/v1.6.1/nrfxlib/softdevice_controller/lib/cortex-m33+nodsp/soft-float/libsoftdevice_controller_multirole.a(libsoftdevice_controller_s140_debug_soft__obfuscated.elf)
                0x01004b50                sym_4BGPQMJJRBR2ET4K6M3CH3OLXQGTP2TS7FVXINA
 .text          0x01004b6c       0x1c C:/nordicsemi/v1.6.1/nrfxlib/softdevice_controller/lib/cortex-m33+nodsp/soft-float/libsoftdevice_controller_multirole.a(libsoftdevice_controller_s140_debug_soft__obfuscated.elf)
                0x01004b6c                sym_CVMXQJYKHZVHIOMGOYEICPLVAIQNUBL6USVNZSA
 .text          0x01004b88       0x18 C:/nordicsemi/v1.6.1/nrfxlib/softdevice_controller/lib/cortex-m33+nodsp/soft-float/libsoftdevice_controller_multirole.a(libsoftdevice_controller_s140_debug_soft__obfuscated.elf)
                0x01004b88                sym_EZ7BAEZZMYJFIJAONX254JF3WPGEXUT4NMP2WJQ
 .text          0x01004ba0       0x30 C:/nordicsemi/v1.6.1/nrfxlib/softdevice_controller/lib/cortex-m33+nodsp/soft-float/libsoftdevice_controller_multirole.a(libsoftdevice_controller_s140_debug_soft__obfuscated.elf)
 .text          0x01004bd0        0xc C:/nordicsemi/v1.6.1/nrfxlib/softdevice_controller/lib/cortex-m33+nodsp/soft-float/libsoftdevice_controller_multirole.a(libsoftdevice_controller_s140_debug_soft__obfuscated.elf)
                0x01004bd0                sym_Q4MVB6BAYYKAN3YZ2SZEJW6V5OITCIHY2IOHXKY
 .text          0x01004bdc       0xa8 C:/nordicsemi/v1.6.1/nrfxlib/softdevice_controller/lib/cortex-m33+nodsp/soft-float/libsoftdevice_controller_multirole.a(libsoftdevice_controller_s140_debug_soft__obfuscated.elf)
                0x01004bdc                sym_DUIEI4YTK3TJQ2V3W7PLOGVTWVPNDBBG4WJWTAQ
 .text          0x01004c84       0x24 C:/nordicsemi/v1.6.1/nrfxlib/softdevice_controller/lib/cortex-m33+nodsp/soft-float/libsoftdevice_controller_multirole.a(libsoftdevice_controller_s140_debug_soft__obfuscated.elf)
                0x01004c84                sym_TG7NSIC2UKHCUBZWZ4K4EMD5QRI2QVSKVKV6CFQ
 .text          0x01004ca8       0x3c C:/nordicsemi/v1.6.1/nrfxlib/softdevice_controller/lib/cortex-m33+nodsp/soft-float/libsoftdevice_controller_multirole.a(libsoftdevice_controller_s140_debug_soft__obfuscated.elf)
                0x01004ca8                sym_Z7NJGBYWCKFTEHRYWAIDKWPEUN45273QSWUA5CY
 .text          0x01004ce4       0x1c C:/nordicsemi/v1.6.1/nrfxlib/softdevice_controller/lib/cortex-m33+nodsp/soft-float/libsoftdevice_controller_multirole.a(libsoftdevice_controller_s140_debug_soft__obfuscated.elf)
                0x01004ce4                sym_TU2SMBIUC7JL6C3K2XB6727DQLBLV5LEGIMZAFQ
 .text          0x01004d00        0xc C:/nordicsemi/v1.6.1/nrfxlib/softdevice_controller/lib/cortex-m33+nodsp/soft-float/libsoftdevice_controller_multirole.a(libsoftdevice_controller_s140_debug_soft__obfuscated.elf)
                0x01004d00                sym_CIVMWIRGIOQ374UFFPIFNN4ZGKYK2FRKTT6YRYA
 .text          0x01004d0c        0xc C:/nordicsemi/v1.6.1/nrfxlib/softdevice_controller/lib/cortex-m33+nodsp/soft-float/libsoftdevice_controller_multirole.a(libsoftdevice_controller_s140_debug_soft__obfuscated.elf)
                0x01004d0c                sym_PPT6FEOF2T6DRALMCRRTUI7CHLEPBAN25HYV3KQ
 .text          0x01004d18       0x1c C:/nordicsemi/v1.6.1/nrfxlib/softdevice_controller/lib/cortex-m33+nodsp/soft-float/libsoftdevice_controller_multirole.a(libsoftdevice_controller_s140_debug_soft__obfuscated.elf)
                0x01004d18                sym_CEENVC5DZRUT7MGF5LABXKT4NV7YUL5F6EX6TEQ
 .text          0x01004d34        0xc C:/nordicsemi/v1.6.1/nrfxlib/softdevice_controller/lib/cortex-m33+nodsp/soft-float/libsoftdevice_controller_multirole.a(libsoftdevice_controller_s140_debug_soft__obfuscated.elf)
                0x01004d34                sym_G3KVRHCJDVHL7HV53526V3YI3DTK2IW2CADUWZQ
 .text          0x01004d40       0x24 C:/nordicsemi/v1.6.1/nrfxlib/softdevice_controller/lib/cortex-m33+nodsp/soft-float/libsoftdevice_controller_multirole.a(libsoftdevice_controller_s140_debug_soft__obfuscated.elf)
                0x01004d40                sdc_hci_cmd_cb_reset
 .text          0x01004d64       0xa0 C:/nordicsemi/v1.6.1/nrfxlib/softdevice_controller/lib/cortex-m33+nodsp/soft-float/libsoftdevice_controller_multirole.a(libsoftdevice_controller_s140_debug_soft__obfuscated.elf)
                0x01004d64                sdc_hci_cmd_vs_zephyr_read_static_addresses
 .text          0x01004e04       0xa4 C:/nordicsemi/v1.6.1/nrfxlib/softdevice_controller/lib/cortex-m33+nodsp/soft-float/libsoftdevice_controller_multirole.a(libsoftdevice_controller_s140_debug_soft__obfuscated.elf)
                0x01004e04                sdc_hci_cmd_vs_zephyr_read_key_hierarchy_roots
 .text          0x01004ea8       0xa4 C:/nordicsemi/v1.6.1/nrfxlib/softdevice_controller/lib/cortex-m33+nodsp/soft-float/libsoftdevice_controller_multirole.a(libsoftdevice_controller_s140_debug_soft__obfuscated.elf)
 .text          0x01004f4c       0x2c C:/nordicsemi/v1.6.1/nrfxlib/softdevice_controller/lib/cortex-m33+nodsp/soft-float/libsoftdevice_controller_multirole.a(libsoftdevice_controller_s140_debug_soft__obfuscated.elf)
 .text          0x01004f78       0x48 C:/nordicsemi/v1.6.1/nrfxlib/softdevice_controller/lib/cortex-m33+nodsp/soft-float/libsoftdevice_controller_multirole.a(libsoftdevice_controller_s140_debug_soft__obfuscated.elf)
 .text          0x01004fc0       0x5c C:/nordicsemi/v1.6.1/nrfxlib/softdevice_controller/lib/cortex-m33+nodsp/soft-float/libsoftdevice_controller_multirole.a(libsoftdevice_controller_s140_debug_soft__obfuscated.elf)
 .text          0x0100501c       0x78 C:/nordicsemi/v1.6.1/nrfxlib/softdevice_controller/lib/cortex-m33+nodsp/soft-float/libsoftdevice_controller_multirole.a(libsoftdevice_controller_s140_debug_soft__obfuscated.elf)
 .text          0x01005094       0x90 C:/nordicsemi/v1.6.1/nrfxlib/softdevice_controller/lib/cortex-m33+nodsp/soft-float/libsoftdevice_controller_multirole.a(libsoftdevice_controller_s140_debug_soft__obfuscated.elf)
 .text          0x01005124       0x68 C:/nordicsemi/v1.6.1/nrfxlib/softdevice_controller/lib/cortex-m33+nodsp/soft-float/libsoftdevice_controller_multirole.a(libsoftdevice_controller_s140_debug_soft__obfuscated.elf)
 .text          0x0100518c       0xc8 C:/nordicsemi/v1.6.1/nrfxlib/softdevice_controller/lib/cortex-m33+nodsp/soft-float/libsoftdevice_controller_multirole.a(libsoftdevice_controller_s140_debug_soft__obfuscated.elf)
 .text          0x01005254       0x40 C:/nordicsemi/v1.6.1/nrfxlib/softdevice_controller/lib/cortex-m33+nodsp/soft-float/libsoftdevice_controller_multirole.a(libsoftdevice_controller_s140_debug_soft__obfuscated.elf)
 .text          0x01005294       0xbc C:/nordicsemi/v1.6.1/nrfxlib/softdevice_controller/lib/cortex-m33+nodsp/soft-float/libsoftdevice_controller_multirole.a(libsoftdevice_controller_s140_debug_soft__obfuscated.elf)
                0x01005294                sym_EQ53CEL7EDVHMFMHMFPRRQU46C5YKKFEBAACFOA
 .text          0x01005350       0x2c C:/nordicsemi/v1.6.1/nrfxlib/softdevice_controller/lib/cortex-m33+nodsp/soft-float/libsoftdevice_controller_multirole.a(libsoftdevice_controller_s140_debug_soft__obfuscated.elf)
                0x01005350                sym_XHE47EZYHONCPR22HUAZULMCALDJINMYREOFDEI
 .text          0x0100537c       0x98 C:/nordicsemi/v1.6.1/nrfxlib/softdevice_controller/lib/cortex-m33+nodsp/soft-float/libsoftdevice_controller_multirole.a(libsoftdevice_controller_s140_debug_soft__obfuscated.elf)
                0x0100537c                sym_4AWF7EXI3MMHUULTY73E756U3IY5DEXOZ265MZY
 .text          0x01005414       0x94 C:/nordicsemi/v1.6.1/nrfxlib/softdevice_controller/lib/cortex-m33+nodsp/soft-float/libsoftdevice_controller_multirole.a(libsoftdevice_controller_s140_debug_soft__obfuscated.elf)
                0x01005414                sym_6I4XEOIW7LI2E3Z53L54ZHQQHYICXR4H4JQWXLA
 .text          0x010054a8       0x48 C:/nordicsemi/v1.6.1/nrfxlib/softdevice_controller/lib/cortex-m33+nodsp/soft-float/libsoftdevice_controller_multirole.a(libsoftdevice_controller_s140_debug_soft__obfuscated.elf)
 .text          0x010054f0       0xb8 C:/nordicsemi/v1.6.1/nrfxlib/softdevice_controller/lib/cortex-m33+nodsp/soft-float/libsoftdevice_controller_multirole.a(libsoftdevice_controller_s140_debug_soft__obfuscated.elf)
                0x010054f0                sym_6DYG6C6ROXZA67GZINNB2XIQHL3KE2RCKK4QFXA
 .text          0x010055a8      0x10c C:/nordicsemi/v1.6.1/nrfxlib/softdevice_controller/lib/cortex-m33+nodsp/soft-float/libsoftdevice_controller_multirole.a(libsoftdevice_controller_s140_debug_soft__obfuscated.elf)
                0x010055a8                sym_24NU2MJKHN4R2Z7HXHMPDWTTDYSB32VL6HEQPZA
 .text          0x010056b4       0x98 C:/nordicsemi/v1.6.1/nrfxlib/softdevice_controller/lib/cortex-m33+nodsp/soft-float/libsoftdevice_controller_multirole.a(libsoftdevice_controller_s140_debug_soft__obfuscated.elf)
                0x010056b4                sym_3QFBRH4ZSIA64QP2I3K547Y5WIALGQTCBP5Y5SQ
 .text          0x0100574c       0x3c C:/nordicsemi/v1.6.1/nrfxlib/softdevice_controller/lib/cortex-m33+nodsp/soft-float/libsoftdevice_controller_multirole.a(libsoftdevice_controller_s140_debug_soft__obfuscated.elf)
                0x0100574c                sym_NOQRMQ5IH6SQFJEPI5A3UBMITO54HG4WO4DTTXA
 .text          0x01005788       0x64 C:/nordicsemi/v1.6.1/nrfxlib/softdevice_controller/lib/cortex-m33+nodsp/soft-float/libsoftdevice_controller_multirole.a(libsoftdevice_controller_s140_debug_soft__obfuscated.elf)
                0x01005788                sym_YNBBHT54WKEGUNVC6TSBMRGLF67VFWBOYEMKGTQ
 .text          0x010057ec       0x64 C:/nordicsemi/v1.6.1/nrfxlib/softdevice_controller/lib/cortex-m33+nodsp/soft-float/libsoftdevice_controller_multirole.a(libsoftdevice_controller_s140_debug_soft__obfuscated.elf)
                0x010057ec                sym_35ZAQW4ABRMBYES2ZHPK63BHZAFFFC4WMGEJ6NA
 .text          0x01005850       0x94 C:/nordicsemi/v1.6.1/nrfxlib/softdevice_controller/lib/cortex-m33+nodsp/soft-float/libsoftdevice_controller_multirole.a(libsoftdevice_controller_s140_debug_soft__obfuscated.elf)
                0x01005850                sym_YL4RMM7WH2QQSRTLJX7L5Q2F5KYIEZ5IWMCN3UQ
 .text          0x010058e4       0x34 C:/nordicsemi/v1.6.1/nrfxlib/softdevice_controller/lib/cortex-m33+nodsp/soft-float/libsoftdevice_controller_multirole.a(libsoftdevice_controller_s140_debug_soft__obfuscated.elf)
                0x010058e4                sym_PKTGUYYNUS27J44L7EHWCYKQLXYT4MJGKSXFMTI
 .text          0x01005918       0x3c C:/nordicsemi/v1.6.1/nrfxlib/softdevice_controller/lib/cortex-m33+nodsp/soft-float/libsoftdevice_controller_multirole.a(libsoftdevice_controller_s140_debug_soft__obfuscated.elf)
                0x01005918                sym_AXKF6JGHLS2U2Y5QV7LNOO6EESEIJEBW7BXAIPY
 .text          0x01005954       0x30 C:/nordicsemi/v1.6.1/nrfxlib/softdevice_controller/lib/cortex-m33+nodsp/soft-float/libsoftdevice_controller_multirole.a(libsoftdevice_controller_s140_debug_soft__obfuscated.elf)
 .text          0x01005984       0x74 C:/nordicsemi/v1.6.1/nrfxlib/softdevice_controller/lib/cortex-m33+nodsp/soft-float/libsoftdevice_controller_multirole.a(libsoftdevice_controller_s140_debug_soft__obfuscated.elf)
 .text          0x010059f8       0x3c C:/nordicsemi/v1.6.1/nrfxlib/softdevice_controller/lib/cortex-m33+nodsp/soft-float/libsoftdevice_controller_multirole.a(libsoftdevice_controller_s140_debug_soft__obfuscated.elf)
                0x010059f8                sym_E5WZNPP2DINHF6K4PHXLYLX5AXTYBQYGQESRSGQ
 .text          0x01005a34       0x28 C:/nordicsemi/v1.6.1/nrfxlib/softdevice_controller/lib/cortex-m33+nodsp/soft-float/libsoftdevice_controller_multirole.a(libsoftdevice_controller_s140_debug_soft__obfuscated.elf)
                0x01005a34                sym_RZ4KEX57U2ASIFFSRQDHBCB7WVJNTOCZSYKJFSA
 .text          0x01005a5c       0xe0 C:/nordicsemi/v1.6.1/nrfxlib/softdevice_controller/lib/cortex-m33+nodsp/soft-float/libsoftdevice_controller_multirole.a(libsoftdevice_controller_s140_debug_soft__obfuscated.elf)
                0x01005a5c                sym_2ZCOT6ZEUU54S36NE627GOZVLBS26AFIUJKNLBI
 .text          0x01005b3c       0x4c C:/nordicsemi/v1.6.1/nrfxlib/softdevice_controller/lib/cortex-m33+nodsp/soft-float/libsoftdevice_controller_multirole.a(libsoftdevice_controller_s140_debug_soft__obfuscated.elf)
                0x01005b3c                sym_YRXVGCYVFXOSIQO43AC5UEELHEXP2A4UAFUQRPI
 .text          0x01005b88       0x20 C:/nordicsemi/v1.6.1/nrfxlib/softdevice_controller/lib/cortex-m33+nodsp/soft-float/libsoftdevice_controller_multirole.a(libsoftdevice_controller_s140_debug_soft__obfuscated.elf)
                0x01005b88                sym_FRQCN2KJNNZFYMAUJKFDGLFKE5V5FBD7HJ4IAKQ
 .text          0x01005ba8       0x10 C:/nordicsemi/v1.6.1/nrfxlib/softdevice_controller/lib/cortex-m33+nodsp/soft-float/libsoftdevice_controller_multirole.a(libsoftdevice_controller_s140_debug_soft__obfuscated.elf)
                0x01005ba8                sym_7YLXP6BHTAWWWMXLB5XOZU3Q27WEPTH5PONOKOI
 .text          0x01005bb8       0x18 C:/nordicsemi/v1.6.1/nrfxlib/softdevice_controller/lib/cortex-m33+nodsp/soft-float/libsoftdevice_controller_multirole.a(libsoftdevice_controller_s140_debug_soft__obfuscated.elf)
 .text          0x01005bd0       0x74 C:/nordicsemi/v1.6.1/nrfxlib/softdevice_controller/lib/cortex-m33+nodsp/soft-float/libsoftdevice_controller_multirole.a(libsoftdevice_controller_s140_debug_soft__obfuscated.elf)
 .text          0x01005c44       0x60 C:/nordicsemi/v1.6.1/nrfxlib/softdevice_controller/lib/cortex-m33+nodsp/soft-float/libsoftdevice_controller_multirole.a(libsoftdevice_controller_s140_debug_soft__obfuscated.elf)
 .text          0x01005ca4       0x20 C:/nordicsemi/v1.6.1/nrfxlib/softdevice_controller/lib/cortex-m33+nodsp/soft-float/libsoftdevice_controller_multirole.a(libsoftdevice_controller_s140_debug_soft__obfuscated.elf)
 .text          0x01005cc4      0x620 C:/nordicsemi/v1.6.1/nrfxlib/softdevice_controller/lib/cortex-m33+nodsp/soft-float/libsoftdevice_controller_multirole.a(libsoftdevice_controller_s140_debug_soft__obfuscated.elf)
 .text          0x010062e4        0xc C:/nordicsemi/v1.6.1/nrfxlib/softdevice_controller/lib/cortex-m33+nodsp/soft-float/libsoftdevice_controller_multirole.a(libsoftdevice_controller_s140_debug_soft__obfuscated.elf)
                0x010062e4                sym_O2AFZAWKVBYRIBDK67CHKRSMY4WR2S6V2VOPETI
 .text          0x010062f0       0x2c C:/nordicsemi/v1.6.1/nrfxlib/softdevice_controller/lib/cortex-m33+nodsp/soft-float/libsoftdevice_controller_multirole.a(libsoftdevice_controller_s140_debug_soft__obfuscated.elf)
                0x010062f0                sym_QFSP7NEBRUPCXI7KU3RYDOWD7SSPVNXVSULPYYY
 .text          0x0100631c       0x34 C:/nordicsemi/v1.6.1/nrfxlib/softdevice_controller/lib/cortex-m33+nodsp/soft-float/libsoftdevice_controller_multirole.a(libsoftdevice_controller_s140_debug_soft__obfuscated.elf)
                0x0100631c                sym_TQOU6M5FOJGYBQ73ADAMFJFBW345AJHKSTMZKNQ
 .text          0x01006350       0x18 C:/nordicsemi/v1.6.1/nrfxlib/softdevice_controller/lib/cortex-m33+nodsp/soft-float/libsoftdevice_controller_multirole.a(libsoftdevice_controller_s140_debug_soft__obfuscated.elf)
                0x01006350                sym_TEFIALEYGDWZNVCI6J2TWNGI7MKU467ZDEG2H4A
 .text          0x01006368       0x18 C:/nordicsemi/v1.6.1/nrfxlib/softdevice_controller/lib/cortex-m33+nodsp/soft-float/libsoftdevice_controller_multirole.a(libsoftdevice_controller_s140_debug_soft__obfuscated.elf)
                0x01006368                sym_QXKT3PVMDTZRAAU2QNTWO5VOUEZ4NW6TWISREXY
 .text          0x01006380       0x18 C:/nordicsemi/v1.6.1/nrfxlib/softdevice_controller/lib/cortex-m33+nodsp/soft-float/libsoftdevice_controller_multirole.a(libsoftdevice_controller_s140_debug_soft__obfuscated.elf)
                0x01006380                sym_MJCF2WRL4I323V23HKVENOJWV5IXH54R5X6LJRY
 .text          0x01006398       0x1c C:/nordicsemi/v1.6.1/nrfxlib/softdevice_controller/lib/cortex-m33+nodsp/soft-float/libsoftdevice_controller_multirole.a(libsoftdevice_controller_s140_debug_soft__obfuscated.elf)
                0x01006398                sym_REO6MG4FRJTNQQ56RDJDYGEWFEO5TFVYGRW6OLI
 .text          0x010063b4        0xc C:/nordicsemi/v1.6.1/nrfxlib/softdevice_controller/lib/cortex-m33+nodsp/soft-float/libsoftdevice_controller_multirole.a(libsoftdevice_controller_s140_debug_soft__obfuscated.elf)
                0x010063b4                sym_NKFCLZ5HTE6KVHDV5DGZ6TJP4KSZI43SYBECPRY
 .text          0x010063c0       0x2c C:/nordicsemi/v1.6.1/nrfxlib/softdevice_controller/lib/cortex-m33+nodsp/soft-float/libsoftdevice_controller_multirole.a(libsoftdevice_controller_s140_debug_soft__obfuscated.elf)
                0x010063c0                sym_65LA7GM3MU7DDFQKTB75BYTZMPMROSWKS3VXCNI
 .text          0x010063ec       0x20 C:/nordicsemi/v1.6.1/nrfxlib/softdevice_controller/lib/cortex-m33+nodsp/soft-float/libsoftdevice_controller_multirole.a(libsoftdevice_controller_s140_debug_soft__obfuscated.elf)
                0x010063ec                sym_AGWGY6I3YKHHV6TMAWL24HN4IKGOB7PZYXPWBRA
 .text          0x0100640c        0xc C:/nordicsemi/v1.6.1/nrfxlib/softdevice_controller/lib/cortex-m33+nodsp/soft-float/libsoftdevice_controller_multirole.a(libsoftdevice_controller_s140_debug_soft__obfuscated.elf)
                0x0100640c                sym_IXGTNRGKILIZPWG2NJIZ2ALUPW2IM3XFVCGJW2I
 .text          0x01006418       0x20 C:/nordicsemi/v1.6.1/nrfxlib/softdevice_controller/lib/cortex-m33+nodsp/soft-float/libsoftdevice_controller_multirole.a(libsoftdevice_controller_s140_debug_soft__obfuscated.elf)
                0x01006418                sym_JHXS4T25BAYOMDDZMWPX3HMPENRV73GSV2RYHAI
 .text          0x01006438       0x2c C:/nordicsemi/v1.6.1/nrfxlib/softdevice_controller/lib/cortex-m33+nodsp/soft-float/libsoftdevice_controller_multirole.a(libsoftdevice_controller_s140_debug_soft__obfuscated.elf)
                0x01006438                sym_54CHYGRI3UHSVLN5ZOGJESXNRISJW5CS4IYBN7Y
 .text          0x01006464       0x20 C:/nordicsemi/v1.6.1/nrfxlib/softdevice_controller/lib/cortex-m33+nodsp/soft-float/libsoftdevice_controller_multirole.a(libsoftdevice_controller_s140_debug_soft__obfuscated.elf)
                0x01006464                sym_V7MOOXL5SOLISKFFGWJC7M3XDITU574WBQOXGWY
 .text          0x01006484        0x4 C:/nordicsemi/v1.6.1/nrfxlib/softdevice_controller/lib/cortex-m33+nodsp/soft-float/libsoftdevice_controller_multirole.a(libsoftdevice_controller_s140_debug_soft__obfuscated.elf)
                0x01006484                sym_BGPX36PUCNVPV3544HQ5RQFY5WG7CJAFVVBI7AY
 .text          0x01006488       0x34 C:/nordicsemi/v1.6.1/nrfxlib/softdevice_controller/lib/cortex-m33+nodsp/soft-float/libsoftdevice_controller_multirole.a(libsoftdevice_controller_s140_debug_soft__obfuscated.elf)
                0x01006488                sym_QKSVBALUN2V4XT4OCC56LE75IAYLDFRRIVLBZ2Q
 .text          0x010064bc       0x38 C:/nordicsemi/v1.6.1/nrfxlib/softdevice_controller/lib/cortex-m33+nodsp/soft-float/libsoftdevice_controller_multirole.a(libsoftdevice_controller_s140_debug_soft__obfuscated.elf)
                0x010064bc                sym_WCOWXKSKBH7DOKKKINFZAPWXKW4NYAUCJWTUKBI
 .text          0x010064f4       0x1c C:/nordicsemi/v1.6.1/nrfxlib/softdevice_controller/lib/cortex-m33+nodsp/soft-float/libsoftdevice_controller_multirole.a(libsoftdevice_controller_s140_debug_soft__obfuscated.elf)
                0x010064f4                sym_AO3U45UEGFLUPMT565ZR5UWUQUONF5AKILLCT3A
 .text          0x01006510       0x68 C:/nordicsemi/v1.6.1/nrfxlib/softdevice_controller/lib/cortex-m33+nodsp/soft-float/libsoftdevice_controller_multirole.a(libsoftdevice_controller_s140_debug_soft__obfuscated.elf)
                0x01006510                sym_SKMZWIM7P4M3RGOEIN3DTVMYPDZXQTMHZI7K3AQ
 .text          0x01006578       0x78 C:/nordicsemi/v1.6.1/nrfxlib/softdevice_controller/lib/cortex-m33+nodsp/soft-float/libsoftdevice_controller_multirole.a(libsoftdevice_controller_s140_debug_soft__obfuscated.elf)
                0x01006578                sym_BLMJ5IIKWMCUMGRAJC47JTAD5DUGOY4TIBII5HY
 .text          0x010065f0       0x28 C:/nordicsemi/v1.6.1/nrfxlib/softdevice_controller/lib/cortex-m33+nodsp/soft-float/libsoftdevice_controller_multirole.a(libsoftdevice_controller_s140_debug_soft__obfuscated.elf)
                0x010065f0                sym_FEGTISSRZOTQRK4SD4MRDIWBV3TTZYGCCKXTY4Y
 .text          0x01006618       0x50 C:/nordicsemi/v1.6.1/nrfxlib/softdevice_controller/lib/cortex-m33+nodsp/soft-float/libsoftdevice_controller_multirole.a(libsoftdevice_controller_s140_debug_soft__obfuscated.elf)
 .text          0x01006668       0x64 C:/nordicsemi/v1.6.1/nrfxlib/softdevice_controller/lib/cortex-m33+nodsp/soft-float/libsoftdevice_controller_multirole.a(libsoftdevice_controller_s140_debug_soft__obfuscated.elf)
 .text          0x010066cc      0x124 C:/nordicsemi/v1.6.1/nrfxlib/softdevice_controller/lib/cortex-m33+nodsp/soft-float/libsoftdevice_controller_multirole.a(libsoftdevice_controller_s140_debug_soft__obfuscated.elf)
 .text          0x010067f0      0x33c C:/nordicsemi/v1.6.1/nrfxlib/softdevice_controller/lib/cortex-m33+nodsp/soft-float/libsoftdevice_controller_multirole.a(libsoftdevice_controller_s140_debug_soft__obfuscated.elf)
 .text          0x01006b2c       0x7c C:/nordicsemi/v1.6.1/nrfxlib/softdevice_controller/lib/cortex-m33+nodsp/soft-float/libsoftdevice_controller_multirole.a(libsoftdevice_controller_s140_debug_soft__obfuscated.elf)
 .text          0x01006ba8       0x60 C:/nordicsemi/v1.6.1/nrfxlib/softdevice_controller/lib/cortex-m33+nodsp/soft-float/libsoftdevice_controller_multirole.a(libsoftdevice_controller_s140_debug_soft__obfuscated.elf)
 .text          0x01006c08      0x110 C:/nordicsemi/v1.6.1/nrfxlib/softdevice_controller/lib/cortex-m33+nodsp/soft-float/libsoftdevice_controller_multirole.a(libsoftdevice_controller_s140_debug_soft__obfuscated.elf)
 .text          0x01006d18       0x34 C:/nordicsemi/v1.6.1/nrfxlib/softdevice_controller/lib/cortex-m33+nodsp/soft-float/libsoftdevice_controller_multirole.a(libsoftdevice_controller_s140_debug_soft__obfuscated.elf)
                0x01006d18                sym_ULQ236TSMK6UJATLJCXSX5JBKSVB4ZM2NNU74PA
 .text          0x01006d4c       0x1c C:/nordicsemi/v1.6.1/nrfxlib/softdevice_controller/lib/cortex-m33+nodsp/soft-float/libsoftdevice_controller_multirole.a(libsoftdevice_controller_s140_debug_soft__obfuscated.elf)
                0x01006d4c                sym_CZFK26FRDZ53FUV75DOIMFWVD4RTHYB6I22U4LA
 .text          0x01006d68       0x10 C:/nordicsemi/v1.6.1/nrfxlib/softdevice_controller/lib/cortex-m33+nodsp/soft-float/libsoftdevice_controller_multirole.a(libsoftdevice_controller_s140_debug_soft__obfuscated.elf)
                0x01006d68                sym_4OWM6DBJ6JLAWH2MVU52MKC56VOOJLN34T33LQA
 .text          0x01006d78      0x258 C:/nordicsemi/v1.6.1/nrfxlib/softdevice_controller/lib/cortex-m33+nodsp/soft-float/libsoftdevice_controller_multirole.a(libsoftdevice_controller_s140_debug_soft__obfuscated.elf)
                0x01006d78                sym_SQINY6V2VHFAHM5HL3H753H3QE3VQ7FWHCIJ57Q
 .text          0x01006fd0       0xb0 C:/nordicsemi/v1.6.1/nrfxlib/softdevice_controller/lib/cortex-m33+nodsp/soft-float/libsoftdevice_controller_multirole.a(libsoftdevice_controller_s140_debug_soft__obfuscated.elf)
                0x01006fd0                sym_WCN6C6ROB2XGQKTGXN5OMY5TLRX5IYOWNO7A6PQ
 .text          0x01007080       0x5c C:/nordicsemi/v1.6.1/nrfxlib/softdevice_controller/lib/cortex-m33+nodsp/soft-float/libsoftdevice_controller_multirole.a(libsoftdevice_controller_s140_debug_soft__obfuscated.elf)
                0x01007080                sym_DQHYQ3HZODNGY32MUV2QBXEWNH7ASP5VOSVL45Q
 .text          0x010070dc       0x48 C:/nordicsemi/v1.6.1/nrfxlib/softdevice_controller/lib/cortex-m33+nodsp/soft-float/libsoftdevice_controller_multirole.a(libsoftdevice_controller_s140_debug_soft__obfuscated.elf)
                0x010070dc                sym_Y7AVZMA56ZL7YUO4EH7QCTNH6P3ZXX2D4F33L2I
 .text          0x01007124        0xc C:/nordicsemi/v1.6.1/nrfxlib/softdevice_controller/lib/cortex-m33+nodsp/soft-float/libsoftdevice_controller_multirole.a(libsoftdevice_controller_s140_debug_soft__obfuscated.elf)
                0x01007124                sym_4UMPVHCMNEM5ENBBHCLGXZREGEKKHKHZOKNMH2I
 .text          0x01007130        0xc C:/nordicsemi/v1.6.1/nrfxlib/softdevice_controller/lib/cortex-m33+nodsp/soft-float/libsoftdevice_controller_multirole.a(libsoftdevice_controller_s140_debug_soft__obfuscated.elf)
                0x01007130                sym_Q3RLGT2MQM6S4H2ODVJHPDU44HGSYVXJV7676ZY
 .text          0x0100713c       0x10 C:/nordicsemi/v1.6.1/nrfxlib/softdevice_controller/lib/cortex-m33+nodsp/soft-float/libsoftdevice_controller_multirole.a(libsoftdevice_controller_s140_debug_soft__obfuscated.elf)
                0x0100713c                sym_ZWLSMB33C6NPFOBZGVPV4PN4UKQGSPLLR4WLDFI
 .text          0x0100714c        0xc C:/nordicsemi/v1.6.1/nrfxlib/softdevice_controller/lib/cortex-m33+nodsp/soft-float/libsoftdevice_controller_multirole.a(libsoftdevice_controller_s140_debug_soft__obfuscated.elf)
                0x0100714c                sym_IHWHOAENEU2EYZP2UWQTUC6SSXGS5NNQSIFSEAQ
 .text          0x01007158      0x154 C:/nordicsemi/v1.6.1/nrfxlib/softdevice_controller/lib/cortex-m33+nodsp/soft-float/libsoftdevice_controller_multirole.a(libsoftdevice_controller_s140_debug_soft__obfuscated.elf)
                0x01007158                sym_P6ESEOOF3E3ZRYNBCJWJZXMT4EPJJMHF472YBMQ
 .text          0x010072ac      0x3f4 C:/nordicsemi/v1.6.1/nrfxlib/softdevice_controller/lib/cortex-m33+nodsp/soft-float/libsoftdevice_controller_multirole.a(libsoftdevice_controller_s140_debug_soft__obfuscated.elf)
 .text          0x010076a0       0x18 C:/nordicsemi/v1.6.1/nrfxlib/softdevice_controller/lib/cortex-m33+nodsp/soft-float/libsoftdevice_controller_multirole.a(libsoftdevice_controller_s140_debug_soft__obfuscated.elf)
                0x010076a0                sym_BAUTABQSJLBAZ6GNH7KOF4MJMAA6NF7CDAZNOEQ
 .text          0x010076b8       0x30 C:/nordicsemi/v1.6.1/nrfxlib/softdevice_controller/lib/cortex-m33+nodsp/soft-float/libsoftdevice_controller_multirole.a(libsoftdevice_controller_s140_debug_soft__obfuscated.elf)
                0x010076b8                sym_62DUXM4M5AM4URNPP7IKDX3NCPAODBT4BMADGAY
 .text          0x010076e8      0x308 C:/nordicsemi/v1.6.1/nrfxlib/softdevice_controller/lib/cortex-m33+nodsp/soft-float/libsoftdevice_controller_multirole.a(libsoftdevice_controller_s140_debug_soft__obfuscated.elf)
                0x010076e8                sym_GHVM34OXBYILMDKR3F5DVNCQCBMJUJL5PW2RQYQ
 .text          0x010079f0      0x3ec C:/nordicsemi/v1.6.1/nrfxlib/softdevice_controller/lib/cortex-m33+nodsp/soft-float/libsoftdevice_controller_multirole.a(libsoftdevice_controller_s140_debug_soft__obfuscated.elf)
                0x010079f0                sym_JAE5CJ34QIQM34DAKQFWDERFAUN5NXFJM57HRLY
 .text          0x01007ddc        0xc C:/nordicsemi/v1.6.1/nrfxlib/softdevice_controller/lib/cortex-m33+nodsp/soft-float/libsoftdevice_controller_multirole.a(libsoftdevice_controller_s140_debug_soft__obfuscated.elf)
                0x01007ddc                sym_JQOBED6Y6P46KNYF2UD53QPDVNRPPOKMQL6EEBY
 .text          0x01007de8        0xc C:/nordicsemi/v1.6.1/nrfxlib/softdevice_controller/lib/cortex-m33+nodsp/soft-float/libsoftdevice_controller_multirole.a(libsoftdevice_controller_s140_debug_soft__obfuscated.elf)
                0x01007de8                sym_WPF5GN3T7F3CCL7OKOL6G2LW47JA44MC6XIU4NQ
 .text          0x01007df4      0x16c C:/nordicsemi/v1.6.1/nrfxlib/softdevice_controller/lib/cortex-m33+nodsp/soft-float/libsoftdevice_controller_multirole.a(libsoftdevice_controller_s140_debug_soft__obfuscated.elf)
                0x01007df4                sym_KO3VCNGABVWM4325342CFFPZBSXFKFARUCMURAY
 .text          0x01007f60      0x368 C:/nordicsemi/v1.6.1/nrfxlib/softdevice_controller/lib/cortex-m33+nodsp/soft-float/libsoftdevice_controller_multirole.a(libsoftdevice_controller_s140_debug_soft__obfuscated.elf)
                0x01007f60                sym_EFQGKM4FX4KOCTBEYNRZUVU5UGVDDD6DFLNBQVY
 .text          0x010082c8      0x3d4 C:/nordicsemi/v1.6.1/nrfxlib/softdevice_controller/lib/cortex-m33+nodsp/soft-float/libsoftdevice_controller_multirole.a(libsoftdevice_controller_s140_debug_soft__obfuscated.elf)
                0x010082c8                sym_Z3745JZ5MC4MMBP2LFCOSP7OKPPVFDOPIURJWVQ
 .text          0x0100869c      0x4e0 C:/nordicsemi/v1.6.1/nrfxlib/softdevice_controller/lib/cortex-m33+nodsp/soft-float/libsoftdevice_controller_multirole.a(libsoftdevice_controller_s140_debug_soft__obfuscated.elf)
                0x0100869c                sym_G6YVAU2J75AOT237PVQAC5AEQMWPZ6OKE6ASZAI
 .text          0x01008b7c      0x200 C:/nordicsemi/v1.6.1/nrfxlib/softdevice_controller/lib/cortex-m33+nodsp/soft-float/libsoftdevice_controller_multirole.a(libsoftdevice_controller_s140_debug_soft__obfuscated.elf)
                0x01008b7c                sym_FLX2PIIVHO3CLB5CJ7E7YSNFE2YWATNH27BL53A
 .text          0x01008d7c        0xc C:/nordicsemi/v1.6.1/nrfxlib/softdevice_controller/lib/cortex-m33+nodsp/soft-float/libsoftdevice_controller_multirole.a(libsoftdevice_controller_s140_debug_soft__obfuscated.elf)
                0x01008d7c                sym_R5RFYNEZN3LQHKUKJDN3JLSNHLY4DPKXW3KZMYA
 .text          0x01008d88        0xc C:/nordicsemi/v1.6.1/nrfxlib/softdevice_controller/lib/cortex-m33+nodsp/soft-float/libsoftdevice_controller_multirole.a(libsoftdevice_controller_s140_debug_soft__obfuscated.elf)
                0x01008d88                sym_WHSZ4VQHSDNZTVWJWAYGMNU7AWSUZKLKTBUNDPY
 .text          0x01008d94       0x20 C:/nordicsemi/v1.6.1/nrfxlib/softdevice_controller/lib/cortex-m33+nodsp/soft-float/libsoftdevice_controller_multirole.a(libsoftdevice_controller_s140_debug_soft__obfuscated.elf)
                0x01008d94                sym_62B4NCI2CQZLPPINCQVCHO6SYLZVDAWVVCHWS3I
 .text          0x01008db4        0xc C:/nordicsemi/v1.6.1/nrfxlib/softdevice_controller/lib/cortex-m33+nodsp/soft-float/libsoftdevice_controller_multirole.a(libsoftdevice_controller_s140_debug_soft__obfuscated.elf)
                0x01008db4                sym_RHRHCWPUPZHCOID576WBS7QZ2KAUT2GASS2T3QY
 .text          0x01008dc0      0x2fc C:/nordicsemi/v1.6.1/nrfxlib/softdevice_controller/lib/cortex-m33+nodsp/soft-float/libsoftdevice_controller_multirole.a(libsoftdevice_controller_s140_debug_soft__obfuscated.elf)
                0x01008dc0                sym_QW6JOH7RCJIC2YFNJEURX5QNB5EIQT646EHIWEA
 .text          0x010090bc       0x18 C:/nordicsemi/v1.6.1/nrfxlib/softdevice_controller/lib/cortex-m33+nodsp/soft-float/libsoftdevice_controller_multirole.a(libsoftdevice_controller_s140_debug_soft__obfuscated.elf)
                0x010090bc                sym_F2LWAH27IT4H2IA7TZWGNABUCWINGT6MWXH2WIA
 .text          0x010090d4       0x18 C:/nordicsemi/v1.6.1/nrfxlib/softdevice_controller/lib/cortex-m33+nodsp/soft-float/libsoftdevice_controller_multirole.a(libsoftdevice_controller_s140_debug_soft__obfuscated.elf)
                0x010090d4                sym_PLOW4TMGVQT52FP2ERNRL6S5EELE2YO563WRPJA
 .text          0x010090ec       0x38 C:/nordicsemi/v1.6.1/nrfxlib/softdevice_controller/lib/cortex-m33+nodsp/soft-float/libsoftdevice_controller_multirole.a(libsoftdevice_controller_s140_debug_soft__obfuscated.elf)
                0x010090ec                sym_YAOI5BW7G2C6EUUY2B4S7A3CWX63A6MP2T3O5KA
 .text          0x01009124       0x44 C:/nordicsemi/v1.6.1/nrfxlib/softdevice_controller/lib/cortex-m33+nodsp/soft-float/libsoftdevice_controller_multirole.a(libsoftdevice_controller_s140_debug_soft__obfuscated.elf)
                0x01009124                sym_CMDXCVZHYNPLMTHXOO2UL3QOD6EXLAZP5GS7LRI
 .text          0x01009168       0x14 C:/nordicsemi/v1.6.1/nrfxlib/softdevice_controller/lib/cortex-m33+nodsp/soft-float/libsoftdevice_controller_multirole.a(libsoftdevice_controller_s140_debug_soft__obfuscated.elf)
                0x01009168                sym_GKUVQYGVTZ7DKWBNC3M5TXN4XZ4Q6TUJFSFOWBA
 .text          0x0100917c       0x24 C:/nordicsemi/v1.6.1/nrfxlib/softdevice_controller/lib/cortex-m33+nodsp/soft-float/libsoftdevice_controller_multirole.a(libsoftdevice_controller_s140_debug_soft__obfuscated.elf)
                0x0100917c                sym_IJTA37LCLZMYZVQ3I74HRUK4JDZEZR23VU3JFJI
 .text          0x010091a0      0x128 C:/nordicsemi/v1.6.1/nrfxlib/softdevice_controller/lib/cortex-m33+nodsp/soft-float/libsoftdevice_controller_multirole.a(libsoftdevice_controller_s140_debug_soft__obfuscated.elf)
                0x010091a0                sym_NCQ5WTBCV7DGPK3QI3SSY5XGKOI2SE3XFCTKQKY
 .text          0x010092c8       0x68 C:/nordicsemi/v1.6.1/nrfxlib/softdevice_controller/lib/cortex-m33+nodsp/soft-float/libsoftdevice_controller_multirole.a(libsoftdevice_controller_s140_debug_soft__obfuscated.elf)
                0x010092c8                sym_ZTNYVYBM2UM3CH2NF2DF4CYN3OTLVACDURSUDOQ
 .text          0x01009330       0x20 C:/nordicsemi/v1.6.1/nrfxlib/softdevice_controller/lib/cortex-m33+nodsp/soft-float/libsoftdevice_controller_multirole.a(libsoftdevice_controller_s140_debug_soft__obfuscated.elf)
                0x01009330                sym_NILI2ETYIVMR32XQ6WFMUWXYMXNONBSH2DACBCQ
 .text          0x01009350       0x2c C:/nordicsemi/v1.6.1/nrfxlib/softdevice_controller/lib/cortex-m33+nodsp/soft-float/libsoftdevice_controller_multirole.a(libsoftdevice_controller_s140_debug_soft__obfuscated.elf)
                0x01009350                sym_2X6ZBBHQKFJV27I6OQZLD4IRAL5JANEGA5N34WA
 .text          0x0100937c       0x4c C:/nordicsemi/v1.6.1/nrfxlib/softdevice_controller/lib/cortex-m33+nodsp/soft-float/libsoftdevice_controller_multirole.a(libsoftdevice_controller_s140_debug_soft__obfuscated.elf)
                0x0100937c                sym_EV54ITVX6ZJNRIULZTHEWNSCWW5GNYKPCEWELSY
 .text          0x010093c8        0x8 C:/nordicsemi/v1.6.1/nrfxlib/softdevice_controller/lib/cortex-m33+nodsp/soft-float/libsoftdevice_controller_multirole.a(libsoftdevice_controller_s140_debug_soft__obfuscated.elf)
                0x010093c8                sym_3Q2UQ65DVTXA3EZPN34QXGGEFSEA6HOSHLFXCMI
 .text          0x010093d0       0x28 C:/nordicsemi/v1.6.1/nrfxlib/softdevice_controller/lib/cortex-m33+nodsp/soft-float/libsoftdevice_controller_multirole.a(libsoftdevice_controller_s140_debug_soft__obfuscated.elf)
                0x010093d0                sym_DHR6XELGSD2MHYS7JWGEPSKXD43VLKKJDN33HMA
 .text          0x010093f8       0x1c C:/nordicsemi/v1.6.1/nrfxlib/softdevice_controller/lib/cortex-m33+nodsp/soft-float/libsoftdevice_controller_multirole.a(libsoftdevice_controller_s140_debug_soft__obfuscated.elf)
                0x010093f8                sym_GV7ZEDU63KACGR6K3NXW7W7XARTADNTCQ3P2HLA
 .text          0x01009414       0x20 C:/nordicsemi/v1.6.1/nrfxlib/softdevice_controller/lib/cortex-m33+nodsp/soft-float/libsoftdevice_controller_multirole.a(libsoftdevice_controller_s140_debug_soft__obfuscated.elf)
                0x01009414                sym_QEQGMTIGG3AOZQY7JM4T2FY2O3KM2UFUMT6Q7PI
 .text          0x01009434      0x324 C:/nordicsemi/v1.6.1/nrfxlib/softdevice_controller/lib/cortex-m33+nodsp/soft-float/libsoftdevice_controller_multirole.a(libsoftdevice_controller_s140_debug_soft__obfuscated.elf)
                0x01009434                sym_3DXBFDJKO3IQEXOOHBMVXVTLDDG5FSS3TKAZNFY
 .text          0x01009758      0x100 C:/nordicsemi/v1.6.1/nrfxlib/softdevice_controller/lib/cortex-m33+nodsp/soft-float/libsoftdevice_controller_multirole.a(libsoftdevice_controller_s140_debug_soft__obfuscated.elf)
 .text          0x01009858       0x1c C:/nordicsemi/v1.6.1/nrfxlib/softdevice_controller/lib/cortex-m33+nodsp/soft-float/libsoftdevice_controller_multirole.a(libsoftdevice_controller_s140_debug_soft__obfuscated.elf)
                0x01009858                sym_HEY3ASR5MAPRZMQHCLX76ITJZYOQ2OWWQGFPKUQ
 .text          0x01009874       0x1c C:/nordicsemi/v1.6.1/nrfxlib/softdevice_controller/lib/cortex-m33+nodsp/soft-float/libsoftdevice_controller_multirole.a(libsoftdevice_controller_s140_debug_soft__obfuscated.elf)
                0x01009874                sym_ODIQTAIRDNRDYKCNA6G2YSI7F2EB2RNBBTF6MBQ
 .text          0x01009890       0x20 C:/nordicsemi/v1.6.1/nrfxlib/softdevice_controller/lib/cortex-m33+nodsp/soft-float/libsoftdevice_controller_multirole.a(libsoftdevice_controller_s140_debug_soft__obfuscated.elf)
                0x01009890                sym_BB6RZIMOYUNZ3USIQYGAVMTGA5KFSQWNGRSNZQA
 .text          0x010098b0       0x20 C:/nordicsemi/v1.6.1/nrfxlib/softdevice_controller/lib/cortex-m33+nodsp/soft-float/libsoftdevice_controller_multirole.a(libsoftdevice_controller_s140_debug_soft__obfuscated.elf)
                0x010098b0                sym_43KCEMGXWEFGXOKHGAEYSP35KOJMVCZQOBXIS6I
 .text          0x010098d0       0x1c C:/nordicsemi/v1.6.1/nrfxlib/softdevice_controller/lib/cortex-m33+nodsp/soft-float/libsoftdevice_controller_multirole.a(libsoftdevice_controller_s140_debug_soft__obfuscated.elf)
                0x010098d0                sym_3LQGLF52CJLOKQOJSNFVLTD3CW6GGPJMARVGQNQ
 .text          0x010098ec       0x30 C:/nordicsemi/v1.6.1/nrfxlib/softdevice_controller/lib/cortex-m33+nodsp/soft-float/libsoftdevice_controller_multirole.a(libsoftdevice_controller_s140_debug_soft__obfuscated.elf)
                0x010098ec                sym_UHWWEFDYCEMO6BV2Q3GVLMFC37EIDJEWGQC2XUA
 .text          0x0100991c      0x154 C:/nordicsemi/v1.6.1/nrfxlib/softdevice_controller/lib/cortex-m33+nodsp/soft-float/libsoftdevice_controller_multirole.a(libsoftdevice_controller_s140_debug_soft__obfuscated.elf)
                0x0100991c                sym_4NT3PFFI5Z6RN57T2HW54HJZ23JEQUTUQPJLJGI
 .text          0x01009a70      0x150 C:/nordicsemi/v1.6.1/nrfxlib/softdevice_controller/lib/cortex-m33+nodsp/soft-float/libsoftdevice_controller_multirole.a(libsoftdevice_controller_s140_debug_soft__obfuscated.elf)
                0x01009a70                sym_I6CP23ODGJWRR4E4LKGCN5RJCVBTXYTDYCCXNSQ
 .text          0x01009bc0      0x72c C:/nordicsemi/v1.6.1/nrfxlib/softdevice_controller/lib/cortex-m33+nodsp/soft-float/libsoftdevice_controller_multirole.a(libsoftdevice_controller_s140_debug_soft__obfuscated.elf)
                0x01009bc0                sym_LC3ZEWHKON2ISXS533OVI5553RH2RKHRICHPDVA
 .text          0x0100a2ec       0x14 C:/nordicsemi/v1.6.1/nrfxlib/softdevice_controller/lib/cortex-m33+nodsp/soft-float/libsoftdevice_controller_multirole.a(libsoftdevice_controller_s140_debug_soft__obfuscated.elf)
                0x0100a2ec                sym_Y4XP65WNQQGU4IMAAWLFT4VSCMMNNWXZH3FCV5Y
 .text          0x0100a300       0x44 C:/nordicsemi/v1.6.1/nrfxlib/softdevice_controller/lib/cortex-m33+nodsp/soft-float/libsoftdevice_controller_multirole.a(libsoftdevice_controller_s140_debug_soft__obfuscated.elf)
                0x0100a300                sym_3TFIDXGVC62KMODQ6HTLMSJCJSCBTVKGMWEC7AY
 .text          0x0100a344       0x68 C:/nordicsemi/v1.6.1/nrfxlib/softdevice_controller/lib/cortex-m33+nodsp/soft-float/libsoftdevice_controller_multirole.a(libsoftdevice_controller_s140_debug_soft__obfuscated.elf)
                0x0100a344                sym_33EXASPJCVGTQTCQK5EBKSNPDNE4NBE7D7W6NSQ
 .text          0x0100a3ac      0x108 C:/nordicsemi/v1.6.1/nrfxlib/softdevice_controller/lib/cortex-m33+nodsp/soft-float/libsoftdevice_controller_multirole.a(libsoftdevice_controller_s140_debug_soft__obfuscated.elf)
                0x0100a3ac                sym_J5GU2YSZI45UA3YHIJMMX6SWAYPKQ5HXJLXKPXY
 .text          0x0100a4b4       0xa8 C:/nordicsemi/v1.6.1/nrfxlib/softdevice_controller/lib/cortex-m33+nodsp/soft-float/libsoftdevice_controller_multirole.a(libsoftdevice_controller_s140_debug_soft__obfuscated.elf)
                0x0100a4b4                sym_35JWAFJL2IEYRDNORVIQ7BBAS7FQNUVOFCLQNSQ
 .text          0x0100a55c       0x20 C:/nordicsemi/v1.6.1/nrfxlib/softdevice_controller/lib/cortex-m33+nodsp/soft-float/libsoftdevice_controller_multirole.a(libsoftdevice_controller_s140_debug_soft__obfuscated.elf)
                0x0100a55c                sym_C5MZWIO7BXLJIO65K7CGSHP3SLST2VORSHVBOVI
 .text          0x0100a57c      0x148 C:/nordicsemi/v1.6.1/nrfxlib/softdevice_controller/lib/cortex-m33+nodsp/soft-float/libsoftdevice_controller_multirole.a(libsoftdevice_controller_s140_debug_soft__obfuscated.elf)
                0x0100a57c                sym_L64WJ6W52HQBFQCTPO5LHELOWQEJNMIWLQKG6JY
 .text          0x0100a6c4       0x6c C:/nordicsemi/v1.6.1/nrfxlib/softdevice_controller/lib/cortex-m33+nodsp/soft-float/libsoftdevice_controller_multirole.a(libsoftdevice_controller_s140_debug_soft__obfuscated.elf)
                0x0100a6c4                sym_ATHPLOWBGAIKG7V5SSPNEEN27AC3OGL2HEWE4II
 .text          0x0100a730       0x20 C:/nordicsemi/v1.6.1/nrfxlib/softdevice_controller/lib/cortex-m33+nodsp/soft-float/libsoftdevice_controller_multirole.a(libsoftdevice_controller_s140_debug_soft__obfuscated.elf)
                0x0100a730                sym_J22YCCWNUNOSXHAJQUUQAO7YZP2SNXLIWISZVHI
 .text          0x0100a750      0x104 C:/nordicsemi/v1.6.1/nrfxlib/softdevice_controller/lib/cortex-m33+nodsp/soft-float/libsoftdevice_controller_multirole.a(libsoftdevice_controller_s140_debug_soft__obfuscated.elf)
                0x0100a750                sym_76SF2THVWBBVUHDFLIXMTXOYE2LFAIMVFAFT26I
 .text          0x0100a854       0x44 C:/nordicsemi/v1.6.1/nrfxlib/softdevice_controller/lib/cortex-m33+nodsp/soft-float/libsoftdevice_controller_multirole.a(libsoftdevice_controller_s140_debug_soft__obfuscated.elf)
                0x0100a854                sym_K4XFYUFHWSS4WLYRDTKOJ7STOPYHBKAJBCXHBBY
 .text          0x0100a898       0x28 C:/nordicsemi/v1.6.1/nrfxlib/softdevice_controller/lib/cortex-m33+nodsp/soft-float/libsoftdevice_controller_multirole.a(libsoftdevice_controller_s140_debug_soft__obfuscated.elf)
                0x0100a898                sym_75VOI5ZNFW3OXMHUCY2QF6IZX2BBZSQKA7XVCPQ
 .text          0x0100a8c0       0x4c C:/nordicsemi/v1.6.1/nrfxlib/softdevice_controller/lib/cortex-m33+nodsp/soft-float/libsoftdevice_controller_multirole.a(libsoftdevice_controller_s140_debug_soft__obfuscated.elf)
                0x0100a8c0                sym_CMGYAOMYUJOSH7VMLD3ENK3VLSIPR3DVYN2F44Y
 .text          0x0100a90c        0x8 C:/nordicsemi/v1.6.1/nrfxlib/softdevice_controller/lib/cortex-m33+nodsp/soft-float/libsoftdevice_controller_multirole.a(libsoftdevice_controller_s140_debug_soft__obfuscated.elf)
                0x0100a90c                sym_6NROXJNXJONASXBRH4ZGPEEQ42PSH3YLRTC74GQ
 .text          0x0100a914       0x1c C:/nordicsemi/v1.6.1/nrfxlib/softdevice_controller/lib/cortex-m33+nodsp/soft-float/libsoftdevice_controller_multirole.a(libsoftdevice_controller_s140_debug_soft__obfuscated.elf)
                0x0100a914                sym_FRDCUWW6PTM2YTBQLG5XNT6WJGPFH2XWEMJXJRI
 .text          0x0100a930      0x18c C:/nordicsemi/v1.6.1/nrfxlib/softdevice_controller/lib/cortex-m33+nodsp/soft-float/libsoftdevice_controller_multirole.a(libsoftdevice_controller_s140_debug_soft__obfuscated.elf)
                0x0100a930                sym_ZX776SCJSI3JTFST57XOZBXAMGDDC7FRRHZEJ7Q
 .text          0x0100aabc       0x14 C:/nordicsemi/v1.6.1/nrfxlib/softdevice_controller/lib/cortex-m33+nodsp/soft-float/libsoftdevice_controller_multirole.a(libsoftdevice_controller_s140_debug_soft__obfuscated.elf)
                0x0100aabc                sym_N7ZC3LBWUJOAILVKSQ7VVQPJVGTFQ2IN2TKPVHQ
 .text          0x0100aad0       0xb0 C:/nordicsemi/v1.6.1/nrfxlib/softdevice_controller/lib/cortex-m33+nodsp/soft-float/libsoftdevice_controller_multirole.a(libsoftdevice_controller_s140_debug_soft__obfuscated.elf)
                0x0100aad0                sym_HFTBXB6EEVTEA6UN46QA3JCUQXJQH6HCG5AJGRQ
 .text          0x0100ab80       0x44 C:/nordicsemi/v1.6.1/nrfxlib/softdevice_controller/lib/cortex-m33+nodsp/soft-float/libsoftdevice_controller_multirole.a(libsoftdevice_controller_s140_debug_soft__obfuscated.elf)
                0x0100ab80                sym_CB3FDFEUY3F2NWFVYZOUMB3I5QKHLDIUWWP26EA
 .text          0x0100abc4       0x34 C:/nordicsemi/v1.6.1/nrfxlib/softdevice_controller/lib/cortex-m33+nodsp/soft-float/libsoftdevice_controller_multirole.a(libsoftdevice_controller_s140_debug_soft__obfuscated.elf)
                0x0100abc4                sym_F34BIG3DAVATN4IHLYJVG2XLJOWOK44SMOC6AUI
 .text          0x0100abf8       0x3c C:/nordicsemi/v1.6.1/nrfxlib/softdevice_controller/lib/cortex-m33+nodsp/soft-float/libsoftdevice_controller_multirole.a(libsoftdevice_controller_s140_debug_soft__obfuscated.elf)
                0x0100abf8                sym_QOK2KYWK62QNZBQRPK2GPAU2IEJXSELK32IAUUA
 .text          0x0100ac34       0x30 C:/nordicsemi/v1.6.1/nrfxlib/softdevice_controller/lib/cortex-m33+nodsp/soft-float/libsoftdevice_controller_multirole.a(libsoftdevice_controller_s140_debug_soft__obfuscated.elf)
                0x0100ac34                sym_DSAIJDVMFSSNYDQYP4G3W4ZBYTG4PAWPSVOBJ2Y
 .text          0x0100ac64       0x24 C:/nordicsemi/v1.6.1/nrfxlib/softdevice_controller/lib/cortex-m33+nodsp/soft-float/libsoftdevice_controller_multirole.a(libsoftdevice_controller_s140_debug_soft__obfuscated.elf)
                0x0100ac64                sym_3GY4TYJRRJL4WNFV6XN3ATYT4MIF4FYTN3S33RI
 .text          0x0100ac88       0x14 C:/nordicsemi/v1.6.1/nrfxlib/softdevice_controller/lib/cortex-m33+nodsp/soft-float/libsoftdevice_controller_multirole.a(libsoftdevice_controller_s140_debug_soft__obfuscated.elf)
                0x0100ac88                sym_NREHYZNNGMA6T4VUMP47EJMM5IU7BRHAZURXRLQ
 .text          0x0100ac9c       0x28 C:/nordicsemi/v1.6.1/nrfxlib/softdevice_controller/lib/cortex-m33+nodsp/soft-float/libsoftdevice_controller_multirole.a(libsoftdevice_controller_s140_debug_soft__obfuscated.elf)
                0x0100ac9c                sym_XDZ2OHWEUBVVDKEXHUYEULKMIZVRQ77QI2ENP4A
 .text          0x0100acc4       0x14 C:/nordicsemi/v1.6.1/nrfxlib/softdevice_controller/lib/cortex-m33+nodsp/soft-float/libsoftdevice_controller_multirole.a(libsoftdevice_controller_s140_debug_soft__obfuscated.elf)
                0x0100acc4                sym_5SQGEOI2QIBONU3LMZVAMW3SSGU24TVE57VDLBA
 .text          0x0100acd8       0x28 C:/nordicsemi/v1.6.1/nrfxlib/softdevice_controller/lib/cortex-m33+nodsp/soft-float/libsoftdevice_controller_multirole.a(libsoftdevice_controller_s140_debug_soft__obfuscated.elf)
                0x0100acd8                sym_MKMKL77LAUBQ4JEH6ZOP4C62SMTD4ERFZLWH4JI
 .text          0x0100ad00       0x28 C:/nordicsemi/v1.6.1/nrfxlib/softdevice_controller/lib/cortex-m33+nodsp/soft-float/libsoftdevice_controller_multirole.a(libsoftdevice_controller_s140_debug_soft__obfuscated.elf)
                0x0100ad00                sym_OTIPANP3Q7VLW2BQGLZZUUDNR5HBSAYXJSFAKKA
 .text          0x0100ad28       0x1c C:/nordicsemi/v1.6.1/nrfxlib/softdevice_controller/lib/cortex-m33+nodsp/soft-float/libsoftdevice_controller_multirole.a(libsoftdevice_controller_s140_debug_soft__obfuscated.elf)
                0x0100ad28                sym_6A6FSIHLUNNAM2H65LFSFKBXCMGRSGO36R3DB6Q
 .text          0x0100ad44       0x9c C:/nordicsemi/v1.6.1/nrfxlib/softdevice_controller/lib/cortex-m33+nodsp/soft-float/libsoftdevice_controller_multirole.a(libsoftdevice_controller_s140_debug_soft__obfuscated.elf)
 .text          0x0100ade0       0x4c C:/nordicsemi/v1.6.1/nrfxlib/softdevice_controller/lib/cortex-m33+nodsp/soft-float/libsoftdevice_controller_multirole.a(libsoftdevice_controller_s140_debug_soft__obfuscated.elf)
                0x0100ade0                sym_ZJ2REXSOGBKJNHWVNXMDASZYI7CQBWWO2RMVAVY
 .text          0x0100ae2c       0x10 C:/nordicsemi/v1.6.1/nrfxlib/softdevice_controller/lib/cortex-m33+nodsp/soft-float/libsoftdevice_controller_multirole.a(libsoftdevice_controller_s140_debug_soft__obfuscated.elf)
                0x0100ae2c                sym_5JID42ESVW3PB7AVBNALO6R7DLTBIV3DUQMUPQY
 .text          0x0100ae3c        0xc C:/nordicsemi/v1.6.1/nrfxlib/softdevice_controller/lib/cortex-m33+nodsp/soft-float/libsoftdevice_controller_multirole.a(libsoftdevice_controller_s140_debug_soft__obfuscated.elf)
                0x0100ae3c                sym_CCESLIOCGU3VBJATTC6PPH4SR5FFTYRDAD3D4QI
 .text          0x0100ae48       0x10 C:/nordicsemi/v1.6.1/nrfxlib/softdevice_controller/lib/cortex-m33+nodsp/soft-float/libsoftdevice_controller_multirole.a(libsoftdevice_controller_s140_debug_soft__obfuscated.elf)
                0x0100ae48                sym_6GC7CC2BUFLCMQVOZDACHKZEET4WUCXSLEMHSCY
 .text          0x0100ae58        0xc C:/nordicsemi/v1.6.1/nrfxlib/softdevice_controller/lib/cortex-m33+nodsp/soft-float/libsoftdevice_controller_multirole.a(libsoftdevice_controller_s140_debug_soft__obfuscated.elf)
                0x0100ae58                sym_IHU3CDUD7V5EYGO5QM2WYLAQW6XKEOXVHHEUZEA
 .text          0x0100ae64       0x14 C:/nordicsemi/v1.6.1/nrfxlib/softdevice_controller/lib/cortex-m33+nodsp/soft-float/libsoftdevice_controller_multirole.a(libsoftdevice_controller_s140_debug_soft__obfuscated.elf)
                0x0100ae64                sym_K5Q3WMSYKQOD5SDB35E6WH2TTH6JWICUFV7AXJA
 .text          0x0100ae78        0x8 C:/nordicsemi/v1.6.1/nrfxlib/softdevice_controller/lib/cortex-m33+nodsp/soft-float/libsoftdevice_controller_multirole.a(libsoftdevice_controller_s140_debug_soft__obfuscated.elf)
                0x0100ae78                sym_6DB5RCXOJPQOKFFU6NVPIKFFBDKKQHZ2G3RH4MY
 .text          0x0100ae80       0x10 C:/nordicsemi/v1.6.1/nrfxlib/softdevice_controller/lib/cortex-m33+nodsp/soft-float/libsoftdevice_controller_multirole.a(libsoftdevice_controller_s140_debug_soft__obfuscated.elf)
                0x0100ae80                sym_6FJEZEEBKMCAKI6FMPGNQ7TUXYDPYPEPSNJFOMQ
 .text          0x0100ae90       0x20 C:/nordicsemi/v1.6.1/nrfxlib/softdevice_controller/lib/cortex-m33+nodsp/soft-float/libsoftdevice_controller_multirole.a(libsoftdevice_controller_s140_debug_soft__obfuscated.elf)
                0x0100ae90                sym_AIYUY22PH5CFYGFYYYX5TRDP6GAU3UXOBISKF2I
 .text          0x0100aeb0       0x2c C:/nordicsemi/v1.6.1/nrfxlib/softdevice_controller/lib/cortex-m33+nodsp/soft-float/libsoftdevice_controller_multirole.a(libsoftdevice_controller_s140_debug_soft__obfuscated.elf)
                0x0100aeb0                sym_ZJH5YY3PWU3QSXNY3IFWZTVSE7R7I3DXTQQOTSI
 .text          0x0100aedc       0x20 C:/nordicsemi/v1.6.1/nrfxlib/softdevice_controller/lib/cortex-m33+nodsp/soft-float/libsoftdevice_controller_multirole.a(libsoftdevice_controller_s140_debug_soft__obfuscated.elf)
                0x0100aedc                sym_MAMY3D3622JJLMFKLRQXSRTVOPUNWAAGSSCAVMY
 .text          0x0100aefc       0xa4 C:/nordicsemi/v1.6.1/nrfxlib/softdevice_controller/lib/cortex-m33+nodsp/soft-float/libsoftdevice_controller_multirole.a(libsoftdevice_controller_s140_debug_soft__obfuscated.elf)
                0x0100aefc                sym_7FFMBSDVRVZYH5XO7CHX33376QMIMFS3BQD5N7I
 .text          0x0100afa0       0xd0 C:/nordicsemi/v1.6.1/nrfxlib/softdevice_controller/lib/cortex-m33+nodsp/soft-float/libsoftdevice_controller_multirole.a(libsoftdevice_controller_s140_debug_soft__obfuscated.elf)
                0x0100afa0                sym_V2BZXQPNP7Q2P4CVYNHVSD2T3GLJDRR2FQ2IZTQ
 .text          0x0100b070       0xcc C:/nordicsemi/v1.6.1/nrfxlib/softdevice_controller/lib/cortex-m33+nodsp/soft-float/libsoftdevice_controller_multirole.a(libsoftdevice_controller_s140_debug_soft__obfuscated.elf)
                0x0100b070                sym_6KYDR3JNRMNBZD2D4KUEK2GB4RCTCKOQRZV2E5Y
 .text          0x0100b13c       0x10 C:/nordicsemi/v1.6.1/nrfxlib/softdevice_controller/lib/cortex-m33+nodsp/soft-float/libsoftdevice_controller_multirole.a(libsoftdevice_controller_s140_debug_soft__obfuscated.elf)
                0x0100b13c                sym_CYEMV7N7AHPPTI2YTL52NLQ5W4V6HWEZXWJTRZI
 .text          0x0100b14c       0x60 C:/nordicsemi/v1.6.1/nrfxlib/softdevice_controller/lib/cortex-m33+nodsp/soft-float/libsoftdevice_controller_multirole.a(libsoftdevice_controller_s140_debug_soft__obfuscated.elf)
                0x0100b14c                sym_V7H2M3MTBM7H2QADZOWCWF3DY44SEJODLUCCHMQ
 .text          0x0100b1ac       0x74 C:/nordicsemi/v1.6.1/nrfxlib/softdevice_controller/lib/cortex-m33+nodsp/soft-float/libsoftdevice_controller_multirole.a(libsoftdevice_controller_s140_debug_soft__obfuscated.elf)
                0x0100b1ac                sym_7T3YS7ZM6TRSXMQ2XWBEJASYAZJXOUEFW4XRVAA
 .text          0x0100b220       0x70 C:/nordicsemi/v1.6.1/nrfxlib/softdevice_controller/lib/cortex-m33+nodsp/soft-float/libsoftdevice_controller_multirole.a(libsoftdevice_controller_s140_debug_soft__obfuscated.elf)
                0x0100b220                sym_QK3E4NZKHCNMFGX3DNNKIGCLY2REMKD2JBKOWZQ
 .text          0x0100b290       0x68 C:/nordicsemi/v1.6.1/nrfxlib/softdevice_controller/lib/cortex-m33+nodsp/soft-float/libsoftdevice_controller_multirole.a(libsoftdevice_controller_s140_debug_soft__obfuscated.elf)
                0x0100b290                sym_Y33RLJYQRL6DT5FLCUJE4QFV5XO3CHTWHCBVOEI
 .text          0x0100b2f8        0x4 C:/nordicsemi/v1.6.1/nrfxlib/softdevice_controller/lib/cortex-m33+nodsp/soft-float/libsoftdevice_controller_multirole.a(libsoftdevice_controller_s140_debug_soft__obfuscated.elf)
                0x0100b2f8                sym_2OY4CBUPUQFBPO3TTOOGECQPSEJIOADUCURWLFI
 .text          0x0100b2fc       0x10 C:/nordicsemi/v1.6.1/nrfxlib/softdevice_controller/lib/cortex-m33+nodsp/soft-float/libsoftdevice_controller_multirole.a(libsoftdevice_controller_s140_debug_soft__obfuscated.elf)
                0x0100b2fc                sym_KWWW3Q4Z6LMHA6EXR6CMFCOS3QXXZ636XUAHVBY
 .text          0x0100b30c        0x8 C:/nordicsemi/v1.6.1/nrfxlib/softdevice_controller/lib/cortex-m33+nodsp/soft-float/libsoftdevice_controller_multirole.a(libsoftdevice_controller_s140_debug_soft__obfuscated.elf)
                0x0100b30c                sym_66SPI42RVSYPTJAEZPQR5PX32WQ6ZUXVEH3D2OI
 .text          0x0100b314       0x24 C:/nordicsemi/v1.6.1/nrfxlib/softdevice_controller/lib/cortex-m33+nodsp/soft-float/libsoftdevice_controller_multirole.a(libsoftdevice_controller_s140_debug_soft__obfuscated.elf)
                0x0100b314                sym_AQNKAYNIT4GTGTVAKOZJZSWZBN4I6FFKO6L5AXA
 .text          0x0100b338       0x28 C:/nordicsemi/v1.6.1/nrfxlib/softdevice_controller/lib/cortex-m33+nodsp/soft-float/libsoftdevice_controller_multirole.a(libsoftdevice_controller_s140_debug_soft__obfuscated.elf)
                0x0100b338                sym_ASSU5HSD7LU7BXC2C2QNNVLB6AOHO4SQ3KK3OJY
 .text          0x0100b360       0x1c C:/nordicsemi/v1.6.1/nrfxlib/softdevice_controller/lib/cortex-m33+nodsp/soft-float/libsoftdevice_controller_multirole.a(libsoftdevice_controller_s140_debug_soft__obfuscated.elf)
                0x0100b360                sym_KDG27CITYLRG66Y5P6H5BVIHPU5DAFDVHM7DSQA
 .text          0x0100b37c        0xc C:/nordicsemi/v1.6.1/nrfxlib/softdevice_controller/lib/cortex-m33+nodsp/soft-float/libsoftdevice_controller_multirole.a(libsoftdevice_controller_s140_debug_soft__obfuscated.elf)
                0x0100b37c                sym_O2B23O5JYMOMMFH6X6KNGJ752KMNUHBQLRFJPCA
 .text          0x0100b388        0xc C:/nordicsemi/v1.6.1/nrfxlib/softdevice_controller/lib/cortex-m33+nodsp/soft-float/libsoftdevice_controller_multirole.a(libsoftdevice_controller_s140_debug_soft__obfuscated.elf)
                0x0100b388                sym_GKNOWO7GMUO66Z63YGKTWG2BRIW6TPGP7PUQ2RQ
 .text          0x0100b394        0x8 C:/nordicsemi/v1.6.1/nrfxlib/softdevice_controller/lib/cortex-m33+nodsp/soft-float/libsoftdevice_controller_multirole.a(libsoftdevice_controller_s140_debug_soft__obfuscated.elf)
                0x0100b394                sym_6EFQIFZR7CWLGBOQEIRVR6K5AC52XVCYTE4XHAY
 .text          0x0100b39c        0xc C:/nordicsemi/v1.6.1/nrfxlib/softdevice_controller/lib/cortex-m33+nodsp/soft-float/libsoftdevice_controller_multirole.a(libsoftdevice_controller_s140_debug_soft__obfuscated.elf)
                0x0100b39c                sym_CLMBK65KRQWY2JSWG7BYXAJVRACUXOCNFT2IPRY
 .text          0x0100b3a8       0x90 C:/nordicsemi/v1.6.1/nrfxlib/softdevice_controller/lib/cortex-m33+nodsp/soft-float/libsoftdevice_controller_multirole.a(libsoftdevice_controller_s140_debug_soft__obfuscated.elf)
                0x0100b3a8                sym_SYUCVPKBWJVHVFRFN5N4446ZSHSJVKBYOSWHGGQ
 .text          0x0100b438        0xc C:/nordicsemi/v1.6.1/nrfxlib/softdevice_controller/lib/cortex-m33+nodsp/soft-float/libsoftdevice_controller_multirole.a(libsoftdevice_controller_s140_debug_soft__obfuscated.elf)
                0x0100b438                sym_47DI4XEWQVELMHMLOG3QAORXTXBJNEQQCHBWGXA
 .text          0x0100b444        0xc C:/nordicsemi/v1.6.1/nrfxlib/softdevice_controller/lib/cortex-m33+nodsp/soft-float/libsoftdevice_controller_multirole.a(libsoftdevice_controller_s140_debug_soft__obfuscated.elf)
                0x0100b444                sym_Z4ZI42RGZMV4HNY7AR3E37XXZ7IMFK22Y6ETFMA
 .text          0x0100b450        0xc C:/nordicsemi/v1.6.1/nrfxlib/softdevice_controller/lib/cortex-m33+nodsp/soft-float/libsoftdevice_controller_multirole.a(libsoftdevice_controller_s140_debug_soft__obfuscated.elf)
                0x0100b450                sym_WMWALCDSCSGIPZVRYNPCN3Z65BL7HB3ZVUDUXCQ
 .text          0x0100b45c        0x4 C:/nordicsemi/v1.6.1/nrfxlib/softdevice_controller/lib/cortex-m33+nodsp/soft-float/libsoftdevice_controller_multirole.a(libsoftdevice_controller_s140_debug_soft__obfuscated.elf)
                0x0100b45c                sym_WRY64WR3RHFREREX3ZB66OLRGKHGDAUZMHJMBCI
 .text          0x0100b460        0xc C:/nordicsemi/v1.6.1/nrfxlib/softdevice_controller/lib/cortex-m33+nodsp/soft-float/libsoftdevice_controller_multirole.a(libsoftdevice_controller_s140_debug_soft__obfuscated.elf)
                0x0100b460                sym_4JD2S6UEQ3QU45WT6P4HQLI6XCMF5KD55A47NOY
 .text          0x0100b46c        0xc C:/nordicsemi/v1.6.1/nrfxlib/softdevice_controller/lib/cortex-m33+nodsp/soft-float/libsoftdevice_controller_multirole.a(libsoftdevice_controller_s140_debug_soft__obfuscated.elf)
                0x0100b46c                sym_GVKSQ3HVAAAYIHJ3KPHNCAN4HXAZB6BCZZN5T2Q
 .text          0x0100b478        0x8 C:/nordicsemi/v1.6.1/nrfxlib/softdevice_controller/lib/cortex-m33+nodsp/soft-float/libsoftdevice_controller_multirole.a(libsoftdevice_controller_s140_debug_soft__obfuscated.elf)
                0x0100b478                sym_5AB6G7P3OU7ZCZERFQQ76H5BVT7C7GOOIDMBNLI
 .text          0x0100b480        0x8 C:/nordicsemi/v1.6.1/nrfxlib/softdevice_controller/lib/cortex-m33+nodsp/soft-float/libsoftdevice_controller_multirole.a(libsoftdevice_controller_s140_debug_soft__obfuscated.elf)
                0x0100b480                sym_RM2CYFWBBAMZ6QU7KT5244O7T6GTURMYRG2CBQQ
 .text          0x0100b488       0x10 C:/nordicsemi/v1.6.1/nrfxlib/softdevice_controller/lib/cortex-m33+nodsp/soft-float/libsoftdevice_controller_multirole.a(libsoftdevice_controller_s140_debug_soft__obfuscated.elf)
                0x0100b488                sym_LUKCLDHCNTYPIERXKRT6RV5FM4MXDAYATWAIXQY
 .text          0x0100b498        0xc C:/nordicsemi/v1.6.1/nrfxlib/softdevice_controller/lib/cortex-m33+nodsp/soft-float/libsoftdevice_controller_multirole.a(libsoftdevice_controller_s140_debug_soft__obfuscated.elf)
                0x0100b498                sym_LSOEOXZGNVP5DB6ZYJ7WAAXWSU5HO7R25UQZZBQ
 .text          0x0100b4a4        0x8 C:/nordicsemi/v1.6.1/nrfxlib/softdevice_controller/lib/cortex-m33+nodsp/soft-float/libsoftdevice_controller_multirole.a(libsoftdevice_controller_s140_debug_soft__obfuscated.elf)
                0x0100b4a4                sym_5QKH3OGOQJ554S7QC42VJ26GHXIZTOVH7N4IVXI
 .text          0x0100b4ac        0x8 C:/nordicsemi/v1.6.1/nrfxlib/softdevice_controller/lib/cortex-m33+nodsp/soft-float/libsoftdevice_controller_multirole.a(libsoftdevice_controller_s140_debug_soft__obfuscated.elf)
                0x0100b4ac                sym_3TJYOSQOHQD2677U7JVMG6ZM2AEKI337QVGY7TA
 .text          0x0100b4b4        0xc C:/nordicsemi/v1.6.1/nrfxlib/softdevice_controller/lib/cortex-m33+nodsp/soft-float/libsoftdevice_controller_multirole.a(libsoftdevice_controller_s140_debug_soft__obfuscated.elf)
                0x0100b4b4                sym_GACCOL6OK5AZZZEY5D5QPNSIBJI3JJRDH53DCCY
 .text          0x0100b4c0        0xc C:/nordicsemi/v1.6.1/nrfxlib/softdevice_controller/lib/cortex-m33+nodsp/soft-float/libsoftdevice_controller_multirole.a(libsoftdevice_controller_s140_debug_soft__obfuscated.elf)
                0x0100b4c0                sym_HLH4KBER4ZQ33ZCWKFMAS4GXCD63YBGX6LUM4WI
 .text          0x0100b4cc        0x8 C:/nordicsemi/v1.6.1/nrfxlib/softdevice_controller/lib/cortex-m33+nodsp/soft-float/libsoftdevice_controller_multirole.a(libsoftdevice_controller_s140_debug_soft__obfuscated.elf)
                0x0100b4cc                sym_VUV5X4H4Y5BCHQYQ2OODYEDUWFHSSL4GLPT4S5Q
 .text          0x0100b4d4        0x8 C:/nordicsemi/v1.6.1/nrfxlib/softdevice_controller/lib/cortex-m33+nodsp/soft-float/libsoftdevice_controller_multirole.a(libsoftdevice_controller_s140_debug_soft__obfuscated.elf)
                0x0100b4d4                sym_54XCFVWGQWJGZMAGPXTD5V6OZSR66PP5XEOYE4Y
 .text          0x0100b4dc        0x4 C:/nordicsemi/v1.6.1/nrfxlib/softdevice_controller/lib/cortex-m33+nodsp/soft-float/libsoftdevice_controller_multirole.a(libsoftdevice_controller_s140_debug_soft__obfuscated.elf)
                0x0100b4dc                sym_FES4SNLGDB2HCH3XYZK52SHDPFDGL5NN3ARGNTY
 .text          0x0100b4e0        0xc C:/nordicsemi/v1.6.1/nrfxlib/softdevice_controller/lib/cortex-m33+nodsp/soft-float/libsoftdevice_controller_multirole.a(libsoftdevice_controller_s140_debug_soft__obfuscated.elf)
                0x0100b4e0                sym_ALFHFCPCHQINI4F6NU6LJJP26B4M2FERQPHDBAI
 .text          0x0100b4ec        0xc C:/nordicsemi/v1.6.1/nrfxlib/softdevice_controller/lib/cortex-m33+nodsp/soft-float/libsoftdevice_controller_multirole.a(libsoftdevice_controller_s140_debug_soft__obfuscated.elf)
                0x0100b4ec                sym_MMYJZLVXCKMFPUNAECUW6DM3QIRIH47IIFXKCBY
 .text          0x0100b4f8        0x8 C:/nordicsemi/v1.6.1/nrfxlib/softdevice_controller/lib/cortex-m33+nodsp/soft-float/libsoftdevice_controller_multirole.a(libsoftdevice_controller_s140_debug_soft__obfuscated.elf)
                0x0100b4f8                sym_5WASOMRPEYEGPJYIYCZL3MI6RFVOLW4PF3WQWXQ
 .text          0x0100b500        0x8 C:/nordicsemi/v1.6.1/nrfxlib/softdevice_controller/lib/cortex-m33+nodsp/soft-float/libsoftdevice_controller_multirole.a(libsoftdevice_controller_s140_debug_soft__obfuscated.elf)
                0x0100b500                sym_65OGIL725U6FQPGLZMGDICIUHB5S2P2UG7UZGMY
 .text          0x0100b508        0x8 C:/nordicsemi/v1.6.1/nrfxlib/softdevice_controller/lib/cortex-m33+nodsp/soft-float/libsoftdevice_controller_multirole.a(libsoftdevice_controller_s140_debug_soft__obfuscated.elf)
                0x0100b508                sym_DPBBMGOHRJRJWIFBTEHPLVVPOEIMHXK2HYFFW2A
 .text          0x0100b510        0x8 C:/nordicsemi/v1.6.1/nrfxlib/softdevice_controller/lib/cortex-m33+nodsp/soft-float/libsoftdevice_controller_multirole.a(libsoftdevice_controller_s140_debug_soft__obfuscated.elf)
                0x0100b510                sym_F72ACBYKMJPI25JMH6PCTUEZPH6HMPJHM2HMJDY