Archive member included to satisfy reference by file (symbol)

app/libapp.a(main.c.obj)      (--whole-archive)
zephyr/libzephyr.a(cbprintf.c.obj)
                              (--whole-archive)
zephyr/libzephyr.a(cbprintf_packaged.c.obj)
                              (--whole-archive)
zephyr/libzephyr.a(crc32c_sw.c.obj)
                              (--whole-archive)
zephyr/libzephyr.a(crc32_sw.c.obj)
                              (--whole-archive)
zephyr/libzephyr.a(crc16_sw.c.obj)
                              (--whole-archive)
zephyr/libzephyr.a(crc8_sw.c.obj)
                              (--whole-archive)
zephyr/libzephyr.a(crc7_sw.c.obj)
                              (--whole-archive)
zephyr/libzephyr.a(dec.c.obj)
                              (--whole-archive)
zephyr/libzephyr.a(fdtable.c.obj)
                              (--whole-archive)
zephyr/libzephyr.a(hex.c.obj)
                              (--whole-archive)
zephyr/libzephyr.a(notify.c.obj)
                              (--whole-archive)
zephyr/libzephyr.a(printk.c.obj)
                              (--whole-archive)
zephyr/libzephyr.a(onoff.c.obj)
                              (--whole-archive)
zephyr/libzephyr.a(rb.c.obj)  (--whole-archive)
zephyr/libzephyr.a(sem.c.obj)
                              (--whole-archive)
zephyr/libzephyr.a(thread_entry.c.obj)
                              (--whole-archive)
zephyr/libzephyr.a(timeutil.c.obj)
                              (--whole-archive)
zephyr/libzephyr.a(heap.c.obj)
                              (--whole-archive)
zephyr/libzephyr.a(heap-validate.c.obj)
                              (--whole-archive)
zephyr/libzephyr.a(bitarray.c.obj)
                              (--whole-archive)
zephyr/libzephyr.a(cbprintf_complete.c.obj)
                              (--whole-archive)
zephyr/libzephyr.a(assert.c.obj)
                              (--whole-archive)
zephyr/libzephyr.a(mpsc_pbuf.c.obj)
                              (--whole-archive)
zephyr/libzephyr.a(reboot.c.obj)
                              (--whole-archive)
zephyr/libzephyr.a(configs.c.obj)
                              (--whole-archive)
zephyr/libzephyr.a(soc.c.obj)
                              (--whole-archive)
zephyr/libzephyr.a(power.c.obj)
                              (--whole-archive)
zephyr/libzephyr.a(validate_base_addresses.c.obj)
                              (--whole-archive)
zephyr/libzephyr.a(validate_enabled_instances.c.obj)
                              (--whole-archive)
zephyr/libzephyr.a(log_minimal.c.obj)
                              (--whole-archive)
zephyr/libzephyr.a(power.c.obj)
                              (--whole-archive)
zephyr/libzephyr.a(pm_ctrl.c.obj)
                              (--whole-archive)
zephyr/libzephyr.a(policy_residency.c.obj)
                              (--whole-archive)
zephyr/libzephyr.a(uart_console.c.obj)
                              (--whole-archive)
zephyr/libzephyr.a(clock_control_nrf.c.obj)
                              (--whole-archive)
zephyr/libzephyr.a(sys_clock_init.c.obj)
                              (--whole-archive)
zephyr/libzephyr.a(nrf_rtc_timer.c.obj)
                              (--whole-archive)
zephyr/libzephyr.a(spm.c.obj)
                              (--whole-archive)
zephyr/libzephyr.a(secure_services.c.obj)
                              (--whole-archive)
zephyr/libzephyr.a(flash_map_partition_manager.c.obj)
                              (--whole-archive)
zephyr/libzephyr.a(nrf_cc3xx_platform_abort_zephyr.c.obj)
                              (--whole-archive)
zephyr/libzephyr.a(nrf_cc3xx_platform_mutex_zephyr.c.obj)
                              (--whole-archive)
zephyr/arch/common/libarch__common.a(sw_isr_common.c.obj)
                              (--whole-archive)
zephyr/arch/arch/arm/core/aarch32/libarch__arm__core__aarch32.a(swap.c.obj)
                              (--whole-archive)
zephyr/arch/arch/arm/core/aarch32/libarch__arm__core__aarch32.a(swap_helper.S.obj)
                              (--whole-archive)
zephyr/arch/arch/arm/core/aarch32/libarch__arm__core__aarch32.a(irq_manage.c.obj)
                              (--whole-archive)
zephyr/arch/arch/arm/core/aarch32/libarch__arm__core__aarch32.a(thread.c.obj)
                              (--whole-archive)
zephyr/arch/arch/arm/core/aarch32/libarch__arm__core__aarch32.a(cpu_idle.S.obj)
                              (--whole-archive)
zephyr/arch/arch/arm/core/aarch32/libarch__arm__core__aarch32.a(fatal.c.obj)
                              (--whole-archive)
zephyr/arch/arch/arm/core/aarch32/libarch__arm__core__aarch32.a(nmi.c.obj)
                              (--whole-archive)
zephyr/arch/arch/arm/core/aarch32/libarch__arm__core__aarch32.a(nmi_on_reset.S.obj)
                              (--whole-archive)
zephyr/arch/arch/arm/core/aarch32/libarch__arm__core__aarch32.a(prep_c.c.obj)
                              (--whole-archive)
[...]
Memory Configuration

Name             Origin             Length             Attributes
FLASH            0x00000000         0x00010000         xr
SRAM             0x20000000         0x00008000         xw
SRAM1            0x21000000         0x00010000         rw
IDT_LIST         0x20008000         0x00000800         xw
*default*        0x00000000         0xffffffff

Linker script and memory map

LOAD zephyr/CMakeFiles/zephyr_prebuilt.dir/misc/empty_file.c.obj
                0x00000020                _region_min_align = 0x20

.rel.plt        0x00000000        0x0
 *(SORT_BY_ALIGNMENT(.rel.plt))
                [!provide]                PROVIDE (__rel_iplt_start = .)
 *(SORT_BY_ALIGNMENT(.rel.iplt))
 .rel.iplt      0x00000000        0x0 app/libapp.a(main.c.obj)
                [!provide]                PROVIDE (__rel_iplt_end = .)

.rela.plt       0x00000000        0x0
 *(SORT_BY_ALIGNMENT(.rela.plt))
                [!provide]                PROVIDE (__rela_iplt_start = .)
 *(SORT_BY_ALIGNMENT(.rela.iplt))
                [!provide]                PROVIDE (__rela_iplt_end = .)

.rel.dyn
 *(SORT_BY_ALIGNMENT(.rel.*))

.rela.dyn
 *(SORT_BY_ALIGNMENT(.rela.*))

/DISCARD/
 *(SORT_BY_ALIGNMENT(.plt))
 *(SORT_BY_ALIGNMENT(.iplt))
 *(SORT_BY_ALIGNMENT(.got.plt))
 *(SORT_BY_ALIGNMENT(.igot.plt))
 *(SORT_BY_ALIGNMENT(.got))
 *(SORT_BY_ALIGNMENT(.igot))
 *(SORT_BY_ALIGNMENT(.note.GNU-stack))
                0x00000000                _image_rom_start = 0x0

rom_start       0x00000000      0x23c
                0x00000000                . = 0x0
                0x00000000                . = ALIGN (0x4)
                0x00000000                . = ALIGN (0x80)
                0x00000000                . = ALIGN (0x200)
                0x00000000                _vector_start = .
 *(SORT_BY_ALIGNMENT(.exc_vector_table))
 *(SORT_BY_ALIGNMENT(.exc_vector_table.*))
 .exc_vector_table._vector_table_section
                0x00000000       0x40 zephyr/arch/arch/arm/core/aarch32/cortex_m/libarch__arm__core__aarch32__cortex_m.a(vector_table.S.obj)
                0x00000000                _vector_table
 *(SORT_BY_ALIGNMENT(.gnu.linkonce.irq_vector_table*))
 .gnu.linkonce.irq_vector_table
                0x00000040      0x114 zephyr/arch/common/libisr_tables.a(isr_tables.c.obj)
                0x00000040                _irq_vector_table
 *(SORT_BY_ALIGNMENT(.vectors))
                0x00000154                _vector_end = .
                0x00000200                . = 0x200
 *fill*         0x00000154       0xac 
                0x00000200                _fw_info_start = .
 *(SORT_BY_NAME(SORT_BY_ALIGNMENT(.firmware_info*)))
 .firmware_info
                0x00000200       0x3c modules/nrf/subsys/fw_info/lib..__nrf__subsys__fw_info.a(fw_info.c.obj)
                0x00000200                m_firmware_info
                0x0000003c                _fw_info_size = ABSOLUTE ((. - _fw_info_start))

text            0x0000023c     0x8904
                0x0000023c                _image_text_start = .
 *(SORT_BY_ALIGNMENT(.text))
 .text          0x0000023c       0x30 c:/nordicsemi/v1.6.1/toolchain/opt/bin/../lib/gcc/arm-none-eabi/9.2.1/thumb/v8-m.main/nofp\libgcc.a(_aeabi_uldivmod.o)
                0x0000023c                __aeabi_uldivmod
 .text          0x0000026c      0x2c8 c:/nordicsemi/v1.6.1/toolchain/opt/bin/../lib/gcc/arm-none-eabi/9.2.1/thumb/v8-m.main/nofp\libgcc.a(_udivmoddi4.o)
                0x0000026c                __udivmoddi4
 .text          0x00000534        0x4 c:/nordicsemi/v1.6.1/toolchain/opt/bin/../lib/gcc/arm-none-eabi/9.2.1/thumb/v8-m.main/nofp\libgcc.a(_dvmd_tls.o)
                0x00000534                __aeabi_idiv0
                0x00000534                __aeabi_ldiv0
 .text          0x00000538       0x2a c:/nordicsemi/v1.6.1/toolchain/opt/bin/../lib/gcc/arm-none-eabi/9.2.1/thumb/v8-m.main/nofp\libgcc.a(cmse_nonsecure_call.o)
                0x00000538                __gnu_cmse_nonsecure_call
 *(SORT_BY_ALIGNMENT(.text.*))
 *fill*         0x00000562        0x2 
 .text.sys_notify_finalize
                0x00000564       0x3c zephyr/libzephyr.a(notify.c.obj)
                0x00000564                sys_notify_finalize
 .text.char_out
                0x000005a0       0x10 zephyr/libzephyr.a(printk.c.obj)
 .text.__printk_hook_install
                0x000005b0        0xc zephyr/libzephyr.a(printk.c.obj)
                0x000005b0                __printk_hook_install
 .text.vprintk  0x000005bc       0x1c zephyr/libzephyr.a(printk.c.obj)
                0x000005bc                vprintk
 .text.process_event
                0x000005d8      0x374 zephyr/libzephyr.a(onoff.c.obj)
 .text.transition_complete
                0x0000094c       0x54 zephyr/libzephyr.a(onoff.c.obj)
 .text.onoff_request
                0x000009a0      0x108 zephyr/libzephyr.a(onoff.c.obj)
                0x000009a0                onoff_request
 .text.cbvprintf
                0x00000aa8      0x780 zephyr/libzephyr.a(cbprintf_complete.c.obj)
                0x00000aa8                cbvprintf
 .text.sys_reboot
                0x00001228       0x30 zephyr/libzephyr.a(reboot.c.obj)
                0x00001228                sys_reboot
 .text.nrf_gpio_pin_port_decode
                0x00001258       0x78 zephyr/libzephyr.a(soc.c.obj)
 .text.nordicsemi_nrf53_init
                0x000012d0       0x84 zephyr/libzephyr.a(soc.c.obj)
 .text.arch_busy_wait
                0x00001354       0x24 zephyr/libzephyr.a(soc.c.obj)
                0x00001354                arch_busy_wait
 .text.pm_power_state_set
                0x00001378       0x28 zephyr/libzephyr.a(power.c.obj)
                0x00001378                pm_power_state_set
 .text.pm_state_notify
                0x000013a0       0x90 zephyr/libzephyr.a(power.c.obj)
 .text.pm_system_resume
                0x00001430       0x2c zephyr/libzephyr.a(power.c.obj)
                0x00001430                pm_system_resume
 .text.pm_system_suspend
                0x0000145c       0x94 zephyr/libzephyr.a(power.c.obj)
                0x0000145c                pm_system_suspend
 .text.uart_console_init
                0x000014f0       0x2c zephyr/libzephyr.a(uart_console.c.obj)
 .text.console_out
                0x0000151c       0x28 zephyr/libzephyr.a(uart_console.c.obj)
 .text.onoff_start
                0x00001544       0x4c zephyr/libzephyr.a(clock_control_nrf.c.obj)
 .text.get_status
                0x00001590       0x38 zephyr/libzephyr.a(clock_control_nrf.c.obj)
 .text.stop     0x000015c8       0x7c zephyr/libzephyr.a(clock_control_nrf.c.obj)
 .text.onoff_stop
                0x00001644       0x28 zephyr/libzephyr.a(clock_control_nrf.c.obj)
 .text.clk_init
                0x0000166c       0x68 zephyr/libzephyr.a(clock_control_nrf.c.obj)
 .text.clkstarted_handle.constprop.0
                0x000016d4       0x38 zephyr/libzephyr.a(clock_control_nrf.c.obj)
 .text.clock_event_handler
                0x0000170c       0x6c zephyr/libzephyr.a(clock_control_nrf.c.obj)
 .text.generic_hfclk_start
                0x00001778       0x64 zephyr/libzephyr.a(clock_control_nrf.c.obj)
 .text.generic_hfclk_stop
                0x000017dc       0x24 zephyr/libzephyr.a(clock_control_nrf.c.obj)
 .text.api_blocking_start
                0x00001800       0x34 zephyr/libzephyr.a(clock_control_nrf.c.obj)
 .text.z_nrf_clock_control_lf_on
                0x00001834      0x148 zephyr/libzephyr.a(clock_control_nrf.c.obj)
                0x00001834                z_nrf_clock_control_lf_on
 .text.sys_clock_isr
                0x0000197c       0x24 zephyr/libzephyr.a(sys_clock_init.c.obj)
                0x0000197c                sys_clock_isr
 .text.sys_clock_timeout_handler
                0x000019a0       0x18 zephyr/libzephyr.a(nrf_rtc_timer.c.obj)
 .text.set_absolute_alarm
                0x000019b8       0x98 zephyr/libzephyr.a(nrf_rtc_timer.c.obj)
 .text.rtc_nrf_isr
                0x00001a50       0x50 zephyr/libzephyr.a(nrf_rtc_timer.c.obj)
                0x00001a50                rtc_nrf_isr
 .text.sys_clock_driver_init
                0x00001aa0       0x54 zephyr/libzephyr.a(nrf_rtc_timer.c.obj)
                0x00001aa0                sys_clock_driver_init
 .text.sys_clock_set_timeout
                0x00001af4       0x64 zephyr/libzephyr.a(nrf_rtc_timer.c.obj)
                0x00001af4                sys_clock_set_timeout
 .text.sys_clock_elapsed
                0x00001b58       0x1c zephyr/libzephyr.a(nrf_rtc_timer.c.obj)
                0x00001b58                sys_clock_elapsed
 .text.__NVIC_DisableIRQ
                0x00001b74       0x28 zephyr/libzephyr.a(spm.c.obj)
 .text.config_regions
                0x00001b9c       0xb8 zephyr/libzephyr.a(spm.c.obj)
 .text.spm_jump
                0x00001c54       0xc0 zephyr/libzephyr.a(spm.c.obj)
                0x00001c54                spm_jump
 .text.spm_config
                0x00001d14      0x1d0 zephyr/libzephyr.a(spm.c.obj)
                0x00001d14                spm_config
 .text.spm_secure_services_init
                0x00001ee4       0x10 zephyr/libzephyr.a(secure_services.c.obj)
                0x00001ee4                spm_secure_services_init
 .text.spm_request_read_nse
                0x00001ef4       0x6c zephyr/libzephyr.a(secure_services.c.obj)
                0x00001ef4                __acle_se_spm_request_read_nse
 .text.spm_request_random_number_nse
                0x00001f60       0x48 zephyr/libzephyr.a(secure_services.c.obj)
                0x00001f60                __acle_se_spm_request_random_number_nse
 .text.spm_firmware_info_nse
                0x00001fa8       0x88 zephyr/libzephyr.a(secure_services.c.obj)
                0x00001fa8                __acle_se_spm_firmware_info_nse
 .text.nrf_cc3xx_platform_abort_init
                0x00002030        0xc zephyr/libzephyr.a(nrf_cc3xx_platform_abort_zephyr.c.obj)
                0x00002030                nrf_cc3xx_platform_abort_init
 .text.mutex_unlock_platform
                0x0000203c       0x60 zephyr/libzephyr.a(nrf_cc3xx_platform_mutex_zephyr.c.obj)
 .text.mutex_free_platform
                0x0000209c       0x48 zephyr/libzephyr.a(nrf_cc3xx_platform_mutex_zephyr.c.obj)
 .text.mutex_init_platform
                0x000020e4       0x70 zephyr/libzephyr.a(nrf_cc3xx_platform_mutex_zephyr.c.obj)
 .text.mutex_lock_platform
                0x00002154       0x68 zephyr/libzephyr.a(nrf_cc3xx_platform_mutex_zephyr.c.obj)
 .text.nrf_cc3xx_platform_mutex_init
                0x000021bc       0x2c zephyr/libzephyr.a(nrf_cc3xx_platform_mutex_zephyr.c.obj)
                0x000021bc                nrf_cc3xx_platform_mutex_init
 .text.arch_swap
                0x000021e8       0x34 zephyr/arch/arch/arm/core/aarch32/libarch__arm__core__aarch32.a(swap.c.obj)
                0x000021e8                arch_swap
 .text.z_arm_pendsv
                0x0000221c       0x58 zephyr/arch/arch/arm/core/aarch32/libarch__arm__core__aarch32.a(swap_helper.S.obj)
                0x0000221c                z_arm_pendsv
 .text.z_arm_svc
                0x00002274       0x20 zephyr/arch/arch/arm/core/aarch32/libarch__arm__core__aarch32.a(swap_helper.S.obj)
                0x00002274                z_arm_svc
 .text.arch_irq_enable
                0x00002294       0x20 zephyr/arch/arch/arm/core/aarch32/libarch__arm__core__aarch32.a(irq_manage.c.obj)
                0x00002294                arch_irq_enable
 .text.arch_irq_is_enabled
                0x000022b4       0x1c zephyr/arch/arch/arm/core/aarch32/libarch__arm__core__aarch32.a(irq_manage.c.obj)
                0x000022b4                arch_irq_is_enabled
 .text.z_arm_irq_priority_set
                0x000022d0       0x4c zephyr/arch/arch/arm/core/aarch32/libarch__arm__core__aarch32.a(irq_manage.c.obj)
                0x000022d0                z_arm_irq_priority_set
 .text.arch_new_thread
                0x0000231c       0x38 zephyr/arch/arch/arm/core/aarch32/libarch__arm__core__aarch32.a(thread.c.obj)
                0x0000231c                arch_new_thread
 .text.arch_switch_to_main_thread
                0x00002354       0x28 zephyr/arch/arch/arm/core/aarch32/libarch__arm__core__aarch32.a(thread.c.obj)
                0x00002354                arch_switch_to_main_thread
 .text.z_arm_cpu_idle_init
                0x0000237c        0xc zephyr/arch/arch/arm/core/aarch32/libarch__arm__core__aarch32.a(cpu_idle.S.obj)
                0x0000237c                z_arm_cpu_idle_init
 .text.arch_cpu_idle
                0x00002388       0x1c zephyr/arch/arch/arm/core/aarch32/libarch__arm__core__aarch32.a(cpu_idle.S.obj)
                0x00002388                arch_cpu_idle
 .text.arch_cpu_atomic_idle
                0x000023a4       0x14 zephyr/arch/arch/arm/core/aarch32/libarch__arm__core__aarch32.a(cpu_idle.S.obj)
                0x000023a4                arch_cpu_atomic_idle
 .text.z_arm_fatal_error
                0x000023b8       0x5c zephyr/arch/arch/arm/core/aarch32/libarch__arm__core__aarch32.a(fatal.c.obj)
                0x000023b8                z_arm_fatal_error
 .text.z_SysNmiOnReset
                0x00002414        0x8 zephyr/arch/arch/arm/core/aarch32/libarch__arm__core__aarch32.a(nmi_on_reset.S.obj)
                0x00002414                z_SysNmiOnReset
 .text.z_arm_prep_c
                0x0000241c       0x38 zephyr/arch/arch/arm/core/aarch32/libarch__arm__core__aarch32.a(prep_c.c.obj)
                0x0000241c                z_arm_prep_c
 .text._isr_wrapper
                0x00002454       0x40 zephyr/arch/arch/arm/core/aarch32/libarch__arm__core__aarch32.a(isr_wrapper.S.obj)
                0x00002454                _isr_wrapper
 .text._reset_section
                0x00002494       0x60 zephyr/arch/arch/arm/core/aarch32/cortex_m/libarch__arm__core__aarch32__cortex_m.a(reset.S.obj)
                0x00002494                __start
                0x00002494                z_arm_reset
 .text.__fault  0x000024f4       0x14 zephyr/arch/arch/arm/core/aarch32/cortex_m/libarch__arm__core__aarch32__cortex_m.a(fault_s.S.obj)
                0x000024f4                z_arm_bus_fault
                0x000024f4                z_arm_usage_fault
                0x000024f4                z_arm_mpu_fault
                0x000024f4                z_arm_exc_spurious
                0x000024f4                z_arm_debug_monitor
                0x000024f4                z_arm_hard_fault
                0x000024f4                z_arm_secure_fault
 .text.mem_manage_fault.isra.0
                0x00002508       0xd8 zephyr/arch/arch/arm/core/aarch32/cortex_m/libarch__arm__core__aarch32__cortex_m.a(fault.c.obj)
 .text.bus_fault.isra.0
                0x000025e0       0xb4 zephyr/arch/arch/arm/core/aarch32/cortex_m/libarch__arm__core__aarch32__cortex_m.a(fault.c.obj)
 .text.usage_fault.isra.0
                0x00002694       0xac zephyr/arch/arch/arm/core/aarch32/cortex_m/libarch__arm__core__aarch32__cortex_m.a(fault.c.obj)
 .text.secure_fault.isra.0
                0x00002740       0xa4 zephyr/arch/arch/arm/core/aarch32/cortex_m/libarch__arm__core__aarch32__cortex_m.a(fault.c.obj)
 .text.z_arm_fault
                0x000027e4      0x1d0 zephyr/arch/arch/arm/core/aarch32/cortex_m/libarch__arm__core__aarch32__cortex_m.a(fault.c.obj)
                0x000027e4                z_arm_fault
 .text.z_arm_fault_init
                0x000029b4       0x18 zephyr/arch/arch/arm/core/aarch32/cortex_m/libarch__arm__core__aarch32__cortex_m.a(fault.c.obj)
                0x000029b4                z_arm_fault_init
 .text._HandlerModeExit
                0x000029cc       0x1c zephyr/arch/arch/arm/core/aarch32/cortex_m/libarch__arm__core__aarch32__cortex_m.a(exc_exit.S.obj)
                0x000029cc                z_arm_int_exit
                0x000029cc                z_arm_exc_exit
 .text.sys_arch_reboot
                0x000029e8       0x24 zephyr/arch/arch/arm/core/aarch32/cortex_m/libarch__arm__core__aarch32__cortex_m.a(scb.c.obj)
                0x000029e8                sys_arch_reboot
 .text.z_arm_clear_arm_mpu_config
                0x00002a0c       0x20 zephyr/arch/arch/arm/core/aarch32/cortex_m/libarch__arm__core__aarch32__cortex_m.a(scb.c.obj)
                0x00002a0c                z_arm_clear_arm_mpu_config
 .text.z_arm_init_arch_hw_at_boot
                0x00002a2c       0x4c zephyr/arch/arch/arm/core/aarch32/cortex_m/libarch__arm__core__aarch32__cortex_m.a(scb.c.obj)
                0x00002a2c                z_arm_init_arch_hw_at_boot
 .text.z_arm_interrupt_init
                0x00002a78       0x18 zephyr/arch/arch/arm/core/aarch32/cortex_m/libarch__arm__core__aarch32__cortex_m.a(irq_init.c.obj)
                0x00002a78                z_arm_interrupt_init
 .text.z_impl_k_thread_abort
                0x00002a90       0x24 zephyr/arch/arch/arm/core/aarch32/cortex_m/libarch__arm__core__aarch32__cortex_m.a(thread_abort.c.obj)
                0x00002a90                z_impl_k_thread_abort
 .text.tz_nonsecure_state_setup
                0x00002ab4       0x38 zephyr/arch/arch/arm/core/aarch32/cortex_m/tz/libarch__arm__core__aarch32__cortex_m__tz.a(arm_core_tz.c.obj)
                0x00002ab4                tz_nonsecure_state_setup
 .text.tz_nbanked_exception_target_state_set
                0x00002aec       0x28 zephyr/arch/arch/arm/core/aarch32/cortex_m/tz/libarch__arm__core__aarch32__cortex_m__tz.a(arm_core_tz.c.obj)
                0x00002aec                tz_nbanked_exception_target_state_set
 .text.tz_nonsecure_exception_prio_config
                0x00002b14       0x28 zephyr/arch/arch/arm/core/aarch32/cortex_m/tz/libarch__arm__core__aarch32__cortex_m__tz.a(arm_core_tz.c.obj)
                0x00002b14                tz_nonsecure_exception_prio_config
 .text.tz_nonsecure_system_reset_req_block
                0x00002b3c       0x28 zephyr/arch/arch/arm/core/aarch32/cortex_m/tz/libarch__arm__core__aarch32__cortex_m__tz.a(arm_core_tz.c.obj)
                0x00002b3c                tz_nonsecure_system_reset_req_block
 .text.tz_nonsecure_fpu_access_enable
                0x00002b64       0x14 zephyr/arch/arch/arm/core/aarch32/cortex_m/tz/libarch__arm__core__aarch32__cortex_m__tz.a(arm_core_tz.c.obj)
                0x00002b64                tz_nonsecure_fpu_access_enable
 .text.tz_sau_configure
                0x00002b78       0x28 zephyr/arch/arch/arm/core/aarch32/cortex_m/tz/libarch__arm__core__aarch32__cortex_m__tz.a(arm_core_tz.c.obj)
                0x00002b78                tz_sau_configure
 .text.z_arm_configure_static_mpu_regions
                0x00002ba0       0x38 zephyr/arch/arch/arm/core/aarch32/mpu/libarch__arm__core__aarch32__mpu.a(arm_core_mpu.c.obj)
                0x00002ba0                z_arm_configure_static_mpu_regions
 .text.region_init
                0x00002bd8       0x30 zephyr/arch/arch/arm/core/aarch32/mpu/libarch__arm__core__aarch32__mpu.a(arm_mpu.c.obj)
 .text.mpu_configure_region
                0x00002c08       0x50 zephyr/arch/arch/arm/core/aarch32/mpu/libarch__arm__core__aarch32__mpu.a(arm_mpu.c.obj)
 .text.mpu_configure_regions_and_partition.constprop.0
                0x00002c58      0x168 zephyr/arch/arch/arm/core/aarch32/mpu/libarch__arm__core__aarch32__mpu.a(arm_mpu.c.obj)
 .text.arm_core_mpu_enable
                0x00002dc0       0x14 zephyr/arch/arch/arm/core/aarch32/mpu/libarch__arm__core__aarch32__mpu.a(arm_mpu.c.obj)
                0x00002dc0                arm_core_mpu_enable
 .text.arm_core_mpu_disable
                0x00002dd4       0x10 zephyr/arch/arch/arm/core/aarch32/mpu/libarch__arm__core__aarch32__mpu.a(arm_mpu.c.obj)
                0x00002dd4                arm_core_mpu_disable
 .text.arm_core_mpu_configure_static_mpu_regions
                0x00002de4       0x38 zephyr/arch/arch/arm/core/aarch32/mpu/libarch__arm__core__aarch32__mpu.a(arm_mpu.c.obj)
                0x00002de4                arm_core_mpu_configure_static_mpu_regions
 .text.arm_core_mpu_mark_areas_for_dynamic_regions
                0x00002e1c       0xd0 zephyr/arch/arch/arm/core/aarch32/mpu/libarch__arm__core__aarch32__mpu.a(arm_mpu.c.obj)
                0x00002e1c                arm_core_mpu_mark_areas_for_dynamic_regions
 .text.z_arm_mpu_init
                0x00002eec       0x88 zephyr/arch/arch/arm/core/aarch32/mpu/libarch__arm__core__aarch32__mpu.a(arm_mpu.c.obj)
                0x00002eec                z_arm_mpu_init
 .text.__stdout_hook_install
                0x00002f74        0xc zephyr/lib/libc/minimal/liblib__libc__minimal.a(stdout_console.c.obj)
                0x00002f74                __stdout_hook_install
 .text.remoteproc_mgr_boot
                0x00002f80       0x2c zephyr/boards/boards/arm/nrf5340dk_nrf5340_cpuapp/libboards__arm__nrf5340dk_nrf5340.a(nrf5340_cpunet_reset.c.obj)
 .text.uarte_nrfx_configure
                0x00002fac      0x184 zephyr/drivers/serial/libdrivers__serial.a(uart_nrfx_uarte.c.obj)
 .text.nrf_gpio_pin_port_decode
                0x00003130       0x78 zephyr/drivers/serial/libdrivers__serial.a(uart_nrfx_uarte.c.obj)
 .text.uarte_nrfx_poll_out
                0x000031a8       0xc4 zephyr/drivers/serial/libdrivers__serial.a(uart_nrfx_uarte.c.obj)
 .text.entropy_cc3xx_rng_get_entropy
                0x0000326c       0x80 zephyr/drivers/entropy/libdrivers__entropy.a(entropy_cc310.c.obj)
 .text.entropy_cc3xx_rng_init
                0x000032ec       0x1c zephyr/drivers/entropy/libdrivers__entropy.a(entropy_cc310.c.obj)
 .text.k_sys_fatal_error_handler
                0x00003308       0x14 modules/nrf/lib/fatal_error/lib..__nrf__lib__fatal_error.a(fatal_error.c.obj)
                0x00003308                k_sys_fatal_error_handler
 .text.check_ext_api_requests
                0x0000331c       0x9c modules/nrf/subsys/fw_info/lib..__nrf__subsys__fw_info.a(fw_info.c.obj)
 .text.nrf53_errata_42
                0x000033b8       0x28 modules/hal_nordic/nrfx/libmodules__hal_nordic__nrfx.a(system_nrf5340_application.c.obj)
 .text.SystemCoreClockUpdate
                0x000033e0       0x20 modules/hal_nordic/nrfx/libmodules__hal_nordic__nrfx.a(system_nrf5340_application.c.obj)
                0x000033e0                SystemCoreClockUpdate
 .text.SystemInit
                0x00003400      0x128 modules/hal_nordic/nrfx/libmodules__hal_nordic__nrfx.a(system_nrf5340_application.c.obj)
                0x00003400                SystemInit
 .text.nrfx_clock_init
                0x00003528       0x40 modules/hal_nordic/nrfx/libmodules__hal_nordic__nrfx.a(nrfx_clock.c.obj)
                0x00003528                nrfx_clock_init
 .text.nrfx_clock_enable
                0x00003568       0x44 modules/hal_nordic/nrfx/libmodules__hal_nordic__nrfx.a(nrfx_clock.c.obj)
                0x00003568                nrfx_clock_enable
 .text.nrfx_clock_start
                0x000035ac       0xec modules/hal_nordic/nrfx/libmodules__hal_nordic__nrfx.a(nrfx_clock.c.obj)
                0x000035ac                nrfx_clock_start
 .text.nrfx_clock_stop
                0x00003698      0x138 modules/hal_nordic/nrfx/libmodules__hal_nordic__nrfx.a(nrfx_clock.c.obj)
                0x00003698                nrfx_clock_stop
 .text.nrfx_power_clock_irq_handler
                0x000037d0       0xb0 modules/hal_nordic/nrfx/libmodules__hal_nordic__nrfx.a(nrfx_clock.c.obj)
                0x000037d0                nrfx_power_clock_irq_handler
 .text.z_sys_init_run_level
                0x00003880       0x40 zephyr/kernel/libkernel.a(device.c.obj)
                0x00003880                z_sys_init_run_level
 .text.z_impl_device_get_binding
                0x000038c0       0x58 zephyr/kernel/libkernel.a(device.c.obj)
                0x000038c0                z_impl_device_get_binding
 .text.z_fatal_error
                0x00003918       0xb8 zephyr/kernel/libkernel.a(fatal.c.obj)
                0x00003918                z_fatal_error
 .text.z_bss_zero
                0x000039d0       0x14 zephyr/kernel/libkernel.a(init.c.obj)
                0x000039d0                z_bss_zero
 .text.bg_thread_main
                0x000039e4       0x34 zephyr/kernel/libkernel.a(init.c.obj)
 .text.z_cstart
                0x00003a18      0x12c zephyr/kernel/libkernel.a(init.c.obj)
                0x00003a18                z_cstart
 .text.init_mem_slab_module
                0x00003b44       0x68 zephyr/kernel/libkernel.a(mem_slab.c.obj)
 .text.k_mem_slab_alloc
                0x00003bac       0xb4 zephyr/kernel/libkernel.a(mem_slab.c.obj)
                0x00003bac                k_mem_slab_alloc
 .text.k_mem_slab_free
                0x00003c60       0xa4 zephyr/kernel/libkernel.a(mem_slab.c.obj)
                0x00003c60                k_mem_slab_free
 .text.z_setup_new_thread
                0x00003d04       0xa8 zephyr/kernel/libkernel.a(thread.c.obj)
                0x00003d04                z_setup_new_thread
 .text.z_init_static_threads
                0x00003dac      0x100 zephyr/kernel/libkernel.a(thread.c.obj)
                0x00003dac                z_init_static_threads
 .text.z_spin_lock_valid
                0x00003eac       0x1c zephyr/kernel/libkernel.a(thread.c.obj)
                0x00003eac                z_spin_lock_valid
 .text.z_spin_unlock_valid
                0x00003ec8       0x1c zephyr/kernel/libkernel.a(thread.c.obj)
                0x00003ec8                z_spin_unlock_valid
 .text.z_spin_lock_set_owner
                0x00003ee4       0x10 zephyr/kernel/libkernel.a(thread.c.obj)
                0x00003ee4                z_spin_lock_set_owner
 .text.idle     0x00003ef4       0x2c zephyr/kernel/libkernel.a(idle.c.obj)
                0x00003ef4                idle
 .text.z_impl_k_mutex_lock
                0x00003f20      0x1a4 zephyr/kernel/libkernel.a(mutex.c.obj)
                0x00003f20                z_impl_k_mutex_lock
 .text.z_impl_k_mutex_unlock
                0x000040c4      0x138 zephyr/kernel/libkernel.a(mutex.c.obj)
                0x000040c4                z_impl_k_mutex_unlock
 .text.z_impl_k_sem_give
                0x000041fc       0x6c zephyr/kernel/libkernel.a(sem.c.obj)
                0x000041fc                z_impl_k_sem_give
 .text.z_impl_k_sem_take
                0x00004268       0xd4 zephyr/kernel/libkernel.a(sem.c.obj)
                0x00004268                z_impl_k_sem_take
 .text.z_reset_time_slice
                0x0000433c       0x2c zephyr/kernel/libkernel.a(sched.c.obj)
                0x0000433c                z_reset_time_slice
 .text.k_sched_time_slice_set
                0x00004368       0xa8 zephyr/kernel/libkernel.a(sched.c.obj)
                0x00004368                k_sched_time_slice_set
 .text.z_reschedule
                0x00004410       0x6c zephyr/kernel/libkernel.a(sched.c.obj)
                0x00004410                z_reschedule
 .text.k_sched_lock
                0x0000447c       0xa8 zephyr/kernel/libkernel.a(sched.c.obj)
                0x0000447c                k_sched_lock
 .text.z_priq_dumb_remove
                0x00004524       0x3c zephyr/kernel/libkernel.a(sched.c.obj)
                0x00004524                z_priq_dumb_remove
 .text.unpend_thread_no_timeout
                0x00004560       0x3c zephyr/kernel/libkernel.a(sched.c.obj)
 .text.update_cache
                0x0000459c       0x60 zephyr/kernel/libkernel.a(sched.c.obj)
 .text.unready_thread
                0x000045fc       0x38 zephyr/kernel/libkernel.a(sched.c.obj)
 .text.add_to_waitq_locked
                0x00004634       0x84 zephyr/kernel/libkernel.a(sched.c.obj)
 .text.pend     0x000046b8       0x98 zephyr/kernel/libkernel.a(sched.c.obj)
 .text.z_pend_curr
                0x00004750       0x4c zephyr/kernel/libkernel.a(sched.c.obj)
                0x00004750                z_pend_curr
 .text.z_impl_k_thread_suspend
                0x0000479c       0xb0 zephyr/kernel/libkernel.a(sched.c.obj)
                0x0000479c                z_impl_k_thread_suspend
 .text.k_sched_unlock
                0x0000484c       0xb8 zephyr/kernel/libkernel.a(sched.c.obj)
                0x0000484c                k_sched_unlock
 .text.move_thread_to_end_of_prio_q
                0x00004904       0xac zephyr/kernel/libkernel.a(sched.c.obj)
 .text.z_time_slice
                0x000049b0       0xcc zephyr/kernel/libkernel.a(sched.c.obj)
                0x000049b0                z_time_slice
 .text.ready_thread
                0x00004a7c       0xa0 zephyr/kernel/libkernel.a(sched.c.obj)
 .text.z_ready_thread
                0x00004b1c       0x6c zephyr/kernel/libkernel.a(sched.c.obj)
                0x00004b1c                z_ready_thread
 .text.z_sched_start
                0x00004b88       0x84 zephyr/kernel/libkernel.a(sched.c.obj)
                0x00004b88                z_sched_start
 .text.z_thread_timeout
                0x00004c0c       0x90 zephyr/kernel/libkernel.a(sched.c.obj)
                0x00004c0c                z_thread_timeout
 .text.z_set_prio
                0x00004c9c      0x114 zephyr/kernel/libkernel.a(sched.c.obj)
                0x00004c9c                z_set_prio
 .text.z_unpend_first_thread
                0x00004db0       0x7c zephyr/kernel/libkernel.a(sched.c.obj)
                0x00004db0                z_unpend_first_thread
 .text.z_sched_init
                0x00004e2c       0x18 zephyr/kernel/libkernel.a(sched.c.obj)
                0x00004e2c                z_sched_init
 .text.z_impl_k_yield
                0x00004e44      0x128 zephyr/kernel/libkernel.a(sched.c.obj)
                0x00004e44                z_impl_k_yield
 .text.z_tick_sleep
                0x00004f6c      0x100 zephyr/kernel/libkernel.a(sched.c.obj)
 .text.z_impl_k_sleep
                0x0000506c       0x60 zephyr/kernel/libkernel.a(sched.c.obj)
                0x0000506c                z_impl_k_sleep
 .text.z_impl_k_current_get
                0x000050cc        0xc zephyr/kernel/libkernel.a(sched.c.obj)
                0x000050cc                z_impl_k_current_get
 .text.z_thread_abort
                0x000050d8      0x128 zephyr/kernel/libkernel.a(sched.c.obj)
                0x000050d8                z_thread_abort
 .text.z_data_copy
                0x00005200       0x34 zephyr/kernel/libkernel.a(xip.c.obj)
                0x00005200                z_data_copy
 .text.elapsed  0x00005234       0x14 zephyr/kernel/libkernel.a(timeout.c.obj)
 .text.remove_timeout
                0x00005248       0x34 zephyr/kernel/libkernel.a(timeout.c.obj)
 .text.next_timeout
                0x0000527c       0x58 zephyr/kernel/libkernel.a(timeout.c.obj)
 .text.z_add_timeout
                0x000052d4      0x174 zephyr/kernel/libkernel.a(timeout.c.obj)
                0x000052d4                z_add_timeout
 .text.z_abort_timeout
                0x00005448       0x78 zephyr/kernel/libkernel.a(timeout.c.obj)
                0x00005448                z_abort_timeout
 .text.z_get_next_timeout_expiry
                0x000054c0       0x6c zephyr/kernel/libkernel.a(timeout.c.obj)
                0x000054c0                z_get_next_timeout_expiry
 .text.z_set_timeout_expiry
                0x0000552c       0x7c zephyr/kernel/libkernel.a(timeout.c.obj)
                0x0000552c                z_set_timeout_expiry
 .text.sys_clock_announce
                0x000055a8      0x168 zephyr/kernel/libkernel.a(timeout.c.obj)
                0x000055a8                sys_clock_announce
 .text.sys_clock_tick_get
                0x00005710       0x7c zephyr/kernel/libkernel.a(timeout.c.obj)
                0x00005710                sys_clock_tick_get
 .text.boot_banner
                0x0000578c       0x18 zephyr/kernel/libkernel.a(banner.c.obj)
                0x0000578c                boot_banner
 .text.nrf_cc3xx_platform_init
                0x000057a4       0x44 C:/nordicsemi/v1.6.1/nrfxlib/crypto/nrf_cc312_platform/lib/cortex-m33/soft-float/no-interrupts/libnrf_cc312_platform_0.9.10.a(nrf_cc3xx_platform.c.obj)
                0x000057a4                nrf_cc3xx_platform_init
 .text.nrf_cc3xx_platform_abort
                0x000057e8       0x24 C:/nordicsemi/v1.6.1/nrfxlib/crypto/nrf_cc312_platform/lib/cortex-m33/soft-float/no-interrupts/libnrf_cc312_platform_0.9.10.a(nrf_cc3xx_platform_abort.c.obj)
 .text.CC_PalAbort
                0x0000580c       0x40 C:/nordicsemi/v1.6.1/nrfxlib/crypto/nrf_cc312_platform/lib/cortex-m33/soft-float/no-interrupts/libnrf_cc312_platform_0.9.10.a(nrf_cc3xx_platform_abort.c.obj)
                0x0000580c                CC_PalAbort
 .text.nrf_cc3xx_platform_set_abort
                0x0000584c       0x10 C:/nordicsemi/v1.6.1/nrfxlib/crypto/nrf_cc312_platform/lib/cortex-m33/soft-float/no-interrupts/libnrf_cc312_platform_0.9.10.a(nrf_cc3xx_platform_abort.c.obj)
                0x0000584c                nrf_cc3xx_platform_set_abort
 .text.nrf_cc3xx_platform_ctr_drbg_init
                0x0000585c       0x68 C:/nordicsemi/v1.6.1/nrfxlib/crypto/nrf_cc312_platform/lib/cortex-m33/soft-float/no-interrupts/libnrf_cc312_platform_0.9.10.a(nrf_cc3xx_platform_ctr_drbg.c.obj)
                0x0000585c                nrf_cc3xx_platform_ctr_drbg_init
 .text.nrf_cc3xx_platform_ctr_drbg_get
                0x000058c4       0x44 C:/nordicsemi/v1.6.1/nrfxlib/crypto/nrf_cc312_platform/lib/cortex-m33/soft-float/no-interrupts/libnrf_cc312_platform_0.9.10.a(nrf_cc3xx_platform_ctr_drbg.c.obj)
                0x000058c4                nrf_cc3xx_platform_ctr_drbg_get
 .text.mutex_unlock
                0x00005908       0x20 C:/nordicsemi/v1.6.1/nrfxlib/crypto/nrf_cc312_platform/lib/cortex-m33/soft-float/no-interrupts/libnrf_cc312_platform_0.9.10.a(nrf_cc3xx_platform_mutex.c.obj)
 .text.mutex_free
                0x00005928       0x24 C:/nordicsemi/v1.6.1/nrfxlib/crypto/nrf_cc312_platform/lib/cortex-m33/soft-float/no-interrupts/libnrf_cc312_platform_0.9.10.a(nrf_cc3xx_platform_mutex.c.obj)
 .text.mutex_init
                0x0000594c       0x20 C:/nordicsemi/v1.6.1/nrfxlib/crypto/nrf_cc312_platform/lib/cortex-m33/soft-float/no-interrupts/libnrf_cc312_platform_0.9.10.a(nrf_cc3xx_platform_mutex.c.obj)
 .text.mutex_lock
                0x0000596c       0x30 C:/nordicsemi/v1.6.1/nrfxlib/crypto/nrf_cc312_platform/lib/cortex-m33/soft-float/no-interrupts/libnrf_cc312_platform_0.9.10.a(nrf_cc3xx_platform_mutex.c.obj)
 .text.nrf_cc3xx_platform_set_mutexes
                0x0000599c       0x38 C:/nordicsemi/v1.6.1/nrfxlib/crypto/nrf_cc312_platform/lib/cortex-m33/soft-float/no-interrupts/libnrf_cc312_platform_0.9.10.a(nrf_cc3xx_platform_mutex.c.obj)
                0x0000599c                nrf_cc3xx_platform_set_mutexes
 .text.entropy_update
                0x000059d4       0x7c C:/nordicsemi/v1.6.1/nrfxlib/crypto/nrf_cc312_platform/lib/cortex-m33/soft-float/no-interrupts/libnrf_cc312_platform_0.9.10.a(entropy.c.obj)
 .text.entropy_gather_internal.part.0
                0x00005a50       0x78 C:/nordicsemi/v1.6.1/nrfxlib/crypto/nrf_cc312_platform/lib/cortex-m33/soft-float/no-interrupts/libnrf_cc312_platform_0.9.10.a(entropy.c.obj)
 .text.cc_mbedtls_entropy_init
                0x00005ac8       0x80 C:/nordicsemi/v1.6.1/nrfxlib/crypto/nrf_cc312_platform/lib/cortex-m33/soft-float/no-interrupts/libnrf_cc312_platform_0.9.10.a(entropy.c.obj)
                0x00005ac8                cc_mbedtls_entropy_init
 .text.cc_mbedtls_entropy_func
                0x00005b48      0x10c C:/nordicsemi/v1.6.1/nrfxlib/crypto/nrf_cc312_platform/lib/cortex-m33/soft-float/no-interrupts/libnrf_cc312_platform_0.9.10.a(entropy.c.obj)
                0x00005b48                cc_mbedtls_entropy_func
 .text.RndStartupTest.constprop.0
                0x00005c54       0xac C:/nordicsemi/v1.6.1/nrfxlib/crypto/nrf_cc312_platform/lib/cortex-m33/soft-float/no-interrupts/libnrf_cc312_platform_0.9.10.a(cc_lib.c.obj)
 .text.CC_LibInit
                0x00005d00       0x5c C:/nordicsemi/v1.6.1/nrfxlib/crypto/nrf_cc312_platform/lib/cortex-m33/soft-float/no-interrupts/libnrf_cc312_platform_0.9.10.a(cc_lib.c.obj)
                0x00005d00                CC_LibInit
 .text.CC_HalInit
                0x00005d5c        0x4 C:/nordicsemi/v1.6.1/nrfxlib/crypto/nrf_cc312_platform/lib/cortex-m33/soft-float/no-interrupts/libnrf_cc312_platform_0.9.10.a(cc_hal.c.obj)
                0x00005d5c                CC_HalInit
 .text.CC_HalClearInterruptBit
                0x00005d60       0x1c C:/nordicsemi/v1.6.1/nrfxlib/crypto/nrf_cc312_platform/lib/cortex-m33/soft-float/no-interrupts/libnrf_cc312_platform_0.9.10.a(cc_hal.c.obj)
                0x00005d60                CC_HalClearInterruptBit
 .text.CC_HalMaskInterrupt
                0x00005d7c        0xc C:/nordicsemi/v1.6.1/nrfxlib/crypto/nrf_cc312_platform/lib/cortex-m33/soft-float/no-interrupts/libnrf_cc312_platform_0.9.10.a(cc_hal.c.obj)
                0x00005d7c                CC_HalMaskInterrupt
 .text.CC_HalWaitInterrupt
                0x00005d88        0xc C:/nordicsemi/v1.6.1/nrfxlib/crypto/nrf_cc312_platform/lib/cortex-m33/soft-float/no-interrupts/libnrf_cc312_platform_0.9.10.a(cc_hal.c.obj)
                0x00005d88                CC_HalWaitInterrupt
 .text.CC_HalWaitInterruptRND
                0x00005d94        0xc C:/nordicsemi/v1.6.1/nrfxlib/crypto/nrf_cc312_platform/lib/cortex-m33/soft-float/no-interrupts/libnrf_cc312_platform_0.9.10.a(cc_hal.c.obj)
                0x00005d94                CC_HalWaitInterruptRND
 .text.CC_PalInit
                0x00005da0       0x5c C:/nordicsemi/v1.6.1/nrfxlib/crypto/nrf_cc312_platform/lib/cortex-m33/soft-float/no-interrupts/libnrf_cc312_platform_0.9.10.a(cc_pal.c.obj)
                0x00005da0                CC_PalInit
 .text.CC_PalTerminate
                0x00005dfc       0x34 C:/nordicsemi/v1.6.1/nrfxlib/crypto/nrf_cc312_platform/lib/cortex-m33/soft-float/no-interrupts/libnrf_cc312_platform_0.9.10.a(cc_pal.c.obj)
                0x00005dfc                CC_PalTerminate
 .text.CC_PalDmaInit
                0x00005e30        0x4 C:/nordicsemi/v1.6.1/nrfxlib/crypto/nrf_cc312_platform/lib/cortex-m33/soft-float/no-interrupts/libnrf_cc312_platform_0.9.10.a(cc_pal_dma.c.obj)
                0x00005e30                CC_PalDmaInit
 .text.CC_PalDmaTerminate
                0x00005e34        0x4 C:/nordicsemi/v1.6.1/nrfxlib/crypto/nrf_cc312_platform/lib/cortex-m33/soft-float/no-interrupts/libnrf_cc312_platform_0.9.10.a(cc_pal_dma.c.obj)
                0x00005e34                CC_PalDmaTerminate
 .text.CC_PalWaitInterruptRND
                0x00005e38       0x40 C:/nordicsemi/v1.6.1/nrfxlib/crypto/nrf_cc312_platform/lib/cortex-m33/soft-float/no-interrupts/libnrf_cc312_platform_0.9.10.a(cc_pal_interrupt_ctrl.c.obj)
                0x00005e38                CC_PalWaitInterruptRND
 .text.CC_PalWaitInterrupt
                0x00005e78       0x28 C:/nordicsemi/v1.6.1/nrfxlib/crypto/nrf_cc312_platform/lib/cortex-m33/soft-float/no-interrupts/libnrf_cc312_platform_0.9.10.a(cc_pal_interrupt_ctrl.c.obj)
                0x00005e78                CC_PalWaitInterrupt
 .text.CC_PalMutexCreate
                0x00005ea0       0x14 C:/nordicsemi/v1.6.1/nrfxlib/crypto/nrf_cc312_platform/lib/cortex-m33/soft-float/no-interrupts/libnrf_cc312_platform_0.9.10.a(cc_pal_mutex.c.obj)
                0x00005ea0                CC_PalMutexCreate
 .text.CC_PalMutexDestroy
                0x00005eb4       0x14 C:/nordicsemi/v1.6.1/nrfxlib/crypto/nrf_cc312_platform/lib/cortex-m33/soft-float/no-interrupts/libnrf_cc312_platform_0.9.10.a(cc_pal_mutex.c.obj)
                0x00005eb4                CC_PalMutexDestroy
 .text.CC_PalMutexLock
                0x00005ec8       0x10 C:/nordicsemi/v1.6.1/nrfxlib/crypto/nrf_cc312_platform/lib/cortex-m33/soft-float/no-interrupts/libnrf_cc312_platform_0.9.10.a(cc_pal_mutex.c.obj)
                0x00005ec8                CC_PalMutexLock
 .text.CC_PalMutexUnlock
                0x00005ed8       0x14 C:/nordicsemi/v1.6.1/nrfxlib/crypto/nrf_cc312_platform/lib/cortex-m33/soft-float/no-interrupts/libnrf_cc312_platform_0.9.10.a(cc_pal_mutex.c.obj)
                0x00005ed8                CC_PalMutexUnlock
 .text.CC_PalPowerSaveModeInit
                0x00005eec       0x3c C:/nordicsemi/v1.6.1/nrfxlib/crypto/nrf_cc312_platform/lib/cortex-m33/soft-float/no-interrupts/libnrf_cc312_platform_0.9.10.a(cc_pal_pm.c.obj)
                0x00005eec                CC_PalPowerSaveModeInit
 .text.CC_PalPowerSaveModeSelect
                0x00005f28       0x84 C:/nordicsemi/v1.6.1/nrfxlib/crypto/nrf_cc312_platform/lib/cortex-m33/soft-float/no-interrupts/libnrf_cc312_platform_0.9.10.a(cc_pal_pm.c.obj)
                0x00005f28                CC_PalPowerSaveModeSelect
 .text.mutex_init
                0x00005fac        0xc C:/nordicsemi/v1.6.1/nrfxlib/crypto/nrf_cc312_platform/lib/cortex-m33/soft-float/no-interrupts/libnrf_cc312_platform_0.9.10.a(threading_alt.c.obj)
                0x00005fac                mutex_init
 .text.mutex_lock
                0x00005fb8        0xc C:/nordicsemi/v1.6.1/nrfxlib/crypto/nrf_cc312_platform/lib/cortex-m33/soft-float/no-interrupts/libnrf_cc312_platform_0.9.10.a(threading_alt.c.obj)
                0x00005fb8                mutex_lock
 .text.mutex_unlock
                0x00005fc4        0xc C:/nordicsemi/v1.6.1/nrfxlib/crypto/nrf_cc312_platform/lib/cortex-m33/soft-float/no-interrupts/libnrf_cc312_platform_0.9.10.a(threading_alt.c.obj)
                0x00005fc4                mutex_unlock
 .text.startTrngHW
                0x00005fd0      0x134 C:/nordicsemi/v1.6.1/nrfxlib/crypto/nrf_cc312_platform/lib/cortex-m33/soft-float/no-interrupts/libnrf_cc312_platform_0.9.10.a(llf_rnd_trng90b.c.obj)
 .text.LLF_RND_RepetitionCounterTest.part.0
                0x00006104       0x58 C:/nordicsemi/v1.6.1/nrfxlib/crypto/nrf_cc312_platform/lib/cortex-m33/soft-float/no-interrupts/libnrf_cc312_platform_0.9.10.a(llf_rnd_trng90b.c.obj)
 .text.LLF_RND_AdaptiveProportionTest
                0x0000615c       0xcc C:/nordicsemi/v1.6.1/nrfxlib/crypto/nrf_cc312_platform/lib/cortex-m33/soft-float/no-interrupts/libnrf_cc312_platform_0.9.10.a(llf_rnd_trng90b.c.obj)
                0x0000615c                LLF_RND_AdaptiveProportionTest
 .text.getTrngSource
                0x00006228      0x2c8 C:/nordicsemi/v1.6.1/nrfxlib/crypto/nrf_cc312_platform/lib/cortex-m33/soft-float/no-interrupts/libnrf_cc312_platform_0.9.10.a(llf_rnd_trng90b.c.obj)
 .text.LLF_RND_GetTrngSource
                0x000064f0       0x18 C:/nordicsemi/v1.6.1/nrfxlib/crypto/nrf_cc312_platform/lib/cortex-m33/soft-float/no-interrupts/libnrf_cc312_platform_0.9.10.a(llf_rnd_trng90b.c.obj)
                0x000064f0                LLF_RND_GetTrngSource
 .text.LLF_RND_RunTrngStartupTest
                0x00006508       0x1c C:/nordicsemi/v1.6.1/nrfxlib/crypto/nrf_cc312_platform/lib/cortex-m33/soft-float/no-interrupts/libnrf_cc312_platform_0.9.10.a(llf_rnd_trng90b.c.obj)
                0x00006508                LLF_RND_RunTrngStartupTest
 .text.mbedtls_platform_zeroize
                0x00006524       0x14 C:/nordicsemi/v1.6.1/nrfxlib/crypto/nrf_cc312_platform/lib/cortex-m33/soft-float/no-interrupts/libnrf_cc312_platform_0.9.10.a(mbedtls_common.c.obj)
                0x00006524                mbedtls_platform_zeroize
 .text.mbedtls_hardware_poll
                0x00006538      0x10c C:/nordicsemi/v1.6.1/nrfxlib/crypto/nrf_cc312_platform/lib/cortex-m33/soft-float/no-interrupts/libnrf_cc312_platform_0.9.10.a(trng_api.c.obj)
                0x00006538                mbedtls_hardware_poll
 .text.cc_mbedtls_sha256_init
                0x00006644       0x28 C:/nordicsemi/v1.6.1/nrfxlib/crypto/nrf_cc312_platform/lib/cortex-m33/soft-float/no-interrupts/libnrf_cc312_platform_0.9.10.a(sha256_alt.c.obj)
                0x00006644                cc_mbedtls_sha256_init
 .text.cc_mbedtls_sha256_free
                0x0000666c        0xc C:/nordicsemi/v1.6.1/nrfxlib/crypto/nrf_cc312_platform/lib/cortex-m33/soft-float/no-interrupts/libnrf_cc312_platform_0.9.10.a(sha256_alt.c.obj)
                0x0000666c                cc_mbedtls_sha256_free
 .text.cc_mbedtls_sha256_starts_ret
                0x00006678       0x28 C:/nordicsemi/v1.6.1/nrfxlib/crypto/nrf_cc312_platform/lib/cortex-m33/soft-float/no-interrupts/libnrf_cc312_platform_0.9.10.a(sha256_alt.c.obj)
                0x00006678                cc_mbedtls_sha256_starts_ret
 .text.cc_mbedtls_sha256_update_ret
                0x000066a0       0x10 C:/nordicsemi/v1.6.1/nrfxlib/crypto/nrf_cc312_platform/lib/cortex-m33/soft-float/no-interrupts/libnrf_cc312_platform_0.9.10.a(sha256_alt.c.obj)
                0x000066a0                cc_mbedtls_sha256_update_ret
 .text.cc_mbedtls_sha256_finish_ret
                0x000066b0       0x48 C:/nordicsemi/v1.6.1/nrfxlib/crypto/nrf_cc312_platform/lib/cortex-m33/soft-float/no-interrupts/libnrf_cc312_platform_0.9.10.a(sha256_alt.c.obj)
                0x000066b0                cc_mbedtls_sha256_finish_ret
 .text.mbedtls_sha_starts_internal
                0x000066f8       0x28 C:/nordicsemi/v1.6.1/nrfxlib/crypto/nrf_cc312_platform/lib/cortex-m33/soft-float/no-interrupts/libnrf_cc312_platform_0.9.10.a(mbedtls_hash_common.c.obj)
                0x000066f8                mbedtls_sha_starts_internal
 .text.mbedtls_sha_finish_internal
                0x00006720       0x5c C:/nordicsemi/v1.6.1/nrfxlib/crypto/nrf_cc312_platform/lib/cortex-m33/soft-float/no-interrupts/libnrf_cc312_platform_0.9.10.a(mbedtls_hash_common.c.obj)
                0x00006720                mbedtls_sha_finish_internal
 .text.mbedtls_sha_update_internal
                0x0000677c       0xe4 C:/nordicsemi/v1.6.1/nrfxlib/crypto/nrf_cc312_platform/lib/cortex-m33/soft-float/no-interrupts/libnrf_cc312_platform_0.9.10.a(mbedtls_hash_common.c.obj)
                0x0000677c                mbedtls_sha_update_internal
 .text.ctr_drbg_update_internal
                0x00006860      0x168 C:/nordicsemi/v1.6.1/nrfxlib/crypto/nrf_cc312_platform/lib/cortex-m33/soft-float/no-interrupts/libnrf_cc312_platform_0.9.10.a(ctr_drbg.c.obj)
 .text.mbedtls_ctr_drbg_reseed_internal
                0x000069c8      0x31c C:/nordicsemi/v1.6.1/nrfxlib/crypto/nrf_cc312_platform/lib/cortex-m33/soft-float/no-interrupts/libnrf_cc312_platform_0.9.10.a(ctr_drbg.c.obj)
 .text.cc_mbedtls_ctr_drbg_init
                0x00006ce4       0x24 C:/nordicsemi/v1.6.1/nrfxlib/crypto/nrf_cc312_platform/lib/cortex-m33/soft-float/no-interrupts/libnrf_cc312_platform_0.9.10.a(ctr_drbg.c.obj)
                0x00006ce4                cc_mbedtls_ctr_drbg_init
 .text.cc_mbedtls_ctr_drbg_seed
                0x00006d08       0xa4 C:/nordicsemi/v1.6.1/nrfxlib/crypto/nrf_cc312_platform/lib/cortex-m33/soft-float/no-interrupts/libnrf_cc312_platform_0.9.10.a(ctr_drbg.c.obj)
                0x00006d08                cc_mbedtls_ctr_drbg_seed
 .text.cc_mbedtls_ctr_drbg_random_with_add
                0x00006dac      0x1b4 C:/nordicsemi/v1.6.1/nrfxlib/crypto/nrf_cc312_platform/lib/cortex-m33/soft-float/no-interrupts/libnrf_cc312_platform_0.9.10.a(ctr_drbg.c.obj)
                0x00006dac                cc_mbedtls_ctr_drbg_random_with_add
 .text.cc_mbedtls_sha256_ret
                0x00006f60       0x50 C:/nordicsemi/v1.6.1/nrfxlib/crypto/nrf_cc312_platform/lib/cortex-m33/soft-float/no-interrupts/libnrf_cc312_platform_0.9.10.a(sha256.c.obj)
                0x00006f60                cc_mbedtls_sha256_ret
 .text.RNG_PLAT_SetUserRngParameters
                0x00006fb0       0x7c C:/nordicsemi/v1.6.1/nrfxlib/crypto/nrf_cc312_platform/lib/cortex-m33/soft-float/no-interrupts/libnrf_cc312_platform_0.9.10.a(cc_rng_plat.c.obj)
                0x00006fb0                RNG_PLAT_SetUserRngParameters
 .text.CC_PalMemCopyPlat
                0x0000702c        0x4 C:/nordicsemi/v1.6.1/nrfxlib/crypto/nrf_cc312_platform/lib/cortex-m33/soft-float/no-interrupts/libnrf_cc312_platform_0.9.10.a(cc_pal_mem.c.obj)
                0x0000702c                CC_PalMemCopyPlat
 .text.CC_PalMemSetPlat
                0x00007030        0x4 C:/nordicsemi/v1.6.1/nrfxlib/crypto/nrf_cc312_platform/lib/cortex-m33/soft-float/no-interrupts/libnrf_cc312_platform_0.9.10.a(cc_pal_mem.c.obj)
                0x00007030                CC_PalMemSetPlat
 .text.CC_PalMemSetZeroPlat
                0x00007034        0x8 C:/nordicsemi/v1.6.1/nrfxlib/crypto/nrf_cc312_platform/lib/cortex-m33/soft-float/no-interrupts/libnrf_cc312_platform_0.9.10.a(cc_pal_mem.c.obj)
                0x00007034                CC_PalMemSetZeroPlat
 .text.CC_PalTrngParamGet
                0x0000703c       0xa8 C:/nordicsemi/v1.6.1/nrfxlib/crypto/nrf_cc312_platform/lib/cortex-m33/soft-float/no-interrupts/libnrf_cc312_platform_0.9.10.a(cc_pal_trng.c.obj)
                0x0000703c                CC_PalTrngParamGet
 .text.LLF_RND_WaitRngInterrupt
                0x000070e4       0x20 C:/nordicsemi/v1.6.1/nrfxlib/crypto/nrf_cc312_platform/lib/cortex-m33/soft-float/no-interrupts/libnrf_cc312_platform_0.9.10.a(llf_rnd.c.obj)
                0x000070e4                LLF_RND_WaitRngInterrupt
 .text.LLF_RND_GetRoscSampleCnt
                0x00007104       0x3c C:/nordicsemi/v1.6.1/nrfxlib/crypto/nrf_cc312_platform/lib/cortex-m33/soft-float/no-interrupts/libnrf_cc312_platform_0.9.10.a(llf_rnd.c.obj)
                0x00007104                LLF_RND_GetRoscSampleCnt
 .text.LLF_RND_GetFastestRosc
                0x00007140       0x20 C:/nordicsemi/v1.6.1/nrfxlib/crypto/nrf_cc312_platform/lib/cortex-m33/soft-float/no-interrupts/libnrf_cc312_platform_0.9.10.a(llf_rnd.c.obj)
                0x00007140                LLF_RND_GetFastestRosc
 .text.LLF_RND_TurnOffTrng
                0x00007160       0x2c C:/nordicsemi/v1.6.1/nrfxlib/crypto/nrf_cc312_platform/lib/cortex-m33/soft-float/no-interrupts/libnrf_cc312_platform_0.9.10.a(llf_rnd.c.obj)
                0x00007160                LLF_RND_TurnOffTrng
 .text.SetDataBuffersInfo
                0x0000718c       0x64 C:/nordicsemi/v1.6.1/nrfxlib/crypto/nrf_cc312_platform/lib/cortex-m33/soft-float/no-interrupts/libnrf_cc312_platform_0.9.10.a(driver_common.c.obj)
                0x0000718c                SetDataBuffersInfo
 .text.InitHashDrv
                0x000071f0       0x54 C:/nordicsemi/v1.6.1/nrfxlib/crypto/nrf_cc312_platform/lib/cortex-m33/soft-float/no-interrupts/libnrf_cc312_platform_0.9.10.a(hash_driver.c.obj)
                0x000071f0                InitHashDrv
 .text.ProcessHashDrv
                0x00007244      0x23c C:/nordicsemi/v1.6.1/nrfxlib/crypto/nrf_cc312_platform/lib/cortex-m33/soft-float/no-interrupts/libnrf_cc312_platform_0.9.10.a(hash_driver.c.obj)
                0x00007244                ProcessHashDrv
 .text.FinishHashDrv
                0x00007480       0x80 C:/nordicsemi/v1.6.1/nrfxlib/crypto/nrf_cc312_platform/lib/cortex-m33/soft-float/no-interrupts/libnrf_cc312_platform_0.9.10.a(hash_driver.c.obj)
                0x00007480                FinishHashDrv
 .text.cc_mbedtls_aes_init
                0x00007500       0x20 C:/nordicsemi/v1.6.1/nrfxlib/crypto/nrf_cc312_platform/lib/cortex-m33/soft-float/no-interrupts/libnrf_cc312_platform_0.9.10.a(aes_alt.c.obj)
                0x00007500                cc_mbedtls_aes_init
 .text.cc_mbedtls_aes_free
                0x00007520        0xc C:/nordicsemi/v1.6.1/nrfxlib/crypto/nrf_cc312_platform/lib/cortex-m33/soft-float/no-interrupts/libnrf_cc312_platform_0.9.10.a(aes_alt.c.obj)
                0x00007520                cc_mbedtls_aes_free
 .text.cc_mbedtls_aes_setkey_enc
                0x0000752c       0x44 C:/nordicsemi/v1.6.1/nrfxlib/crypto/nrf_cc312_platform/lib/cortex-m33/soft-float/no-interrupts/libnrf_cc312_platform_0.9.10.a(aes_alt.c.obj)
                0x0000752c                cc_mbedtls_aes_setkey_enc
 .text.cc_mbedtls_aes_crypt_ecb
                0x00007570       0x54 C:/nordicsemi/v1.6.1/nrfxlib/crypto/nrf_cc312_platform/lib/cortex-m33/soft-float/no-interrupts/libnrf_cc312_platform_0.9.10.a(aes_alt.c.obj)
                0x00007570                cc_mbedtls_aes_crypt_ecb
 .text.CC_PalDataBufferAttrGet
                0x000075c4        0x8 C:/nordicsemi/v1.6.1/nrfxlib/crypto/nrf_cc312_platform/lib/cortex-m33/soft-float/no-interrupts/libnrf_cc312_platform_0.9.10.a(cc_pal_buff_attr.c.obj)
                0x000075c4                CC_PalDataBufferAttrGet
 .text.LoadAesKey
                0x000075cc      0x110 C:/nordicsemi/v1.6.1/nrfxlib/crypto/nrf_cc312_platform/lib/cortex-m33/soft-float/no-interrupts/libnrf_cc312_platform_0.9.10.a(aes_driver.c.obj)
 .text.ProcessAesDrv
                0x000076dc      0x424 C:/nordicsemi/v1.6.1/nrfxlib/crypto/nrf_cc312_platform/lib/cortex-m33/soft-float/no-interrupts/libnrf_cc312_platform_0.9.10.a(aes_driver.c.obj)
                0x000076dc                ProcessAesDrv
 .text.FinishAesDrv
                0x00007b00      0x2b8 C:/nordicsemi/v1.6.1/nrfxlib/crypto/nrf_cc312_platform/lib/cortex-m33/soft-float/no-interrupts/libnrf_cc312_platform_0.9.10.a(aes_driver.c.obj)
                0x00007b00                FinishAesDrv
 .text.kmu_validate_slot_and_size
                0x00007db8       0x2c C:/nordicsemi/v1.6.1/nrfxlib/crypto/nrf_cc312_platform/lib/cortex-m33/soft-float/no-interrupts/libnrf_cc312_platform_0.9.10.a(kmu_shared.c.obj)
                0x00007db8                kmu_validate_slot_and_size
 .text.kmu_validate_slot_and_size_no_kdr
                0x00007de4       0x30 C:/nordicsemi/v1.6.1/nrfxlib/crypto/nrf_cc312_platform/lib/cortex-m33/soft-float/no-interrupts/libnrf_cc312_platform_0.9.10.a(kmu_shared.c.obj)
                0x00007de4                kmu_validate_slot_and_size_no_kdr
 .text.kmu_load_key_aes
                0x00007e14      0x3a8 C:/nordicsemi/v1.6.1/nrfxlib/crypto/nrf_cc312_platform/lib/cortex-m33/soft-float/no-interrupts/libnrf_cc312_platform_0.9.10.a(kmu_shared.c.obj)
                0x00007e14                kmu_load_key_aes
 .text.kmu_derive_cmac
                0x000081bc      0x118 C:/nordicsemi/v1.6.1/nrfxlib/crypto/nrf_cc312_platform/lib/cortex-m33/soft-float/no-interrupts/libnrf_cc312_platform_0.9.10.a(kmu_shared.c.obj)
                0x000081bc                kmu_derive_cmac
 .text.UtilCmacBuildDataForDerivation
                0x000082d4       0xb8 C:/nordicsemi/v1.6.1/nrfxlib/crypto/nrf_cc312_platform/lib/cortex-m33/soft-float/no-interrupts/libnrf_cc312_platform_0.9.10.a(cc_util_cmac.c.obj)
                0x000082d4                UtilCmacBuildDataForDerivation
 .text.main     0x0000838c        0xe app/libapp.a(main.c.obj)
                0x0000838c                main
 .text.sys_notify_validate
                0x0000839a       0x22 zephyr/libzephyr.a(notify.c.obj)
                0x0000839a                sys_notify_validate
 .text.arch_printk_char_out
                0x000083bc        0x4 zephyr/libzephyr.a(printk.c.obj)
                0x000083bc                arch_printk_char_out
 .text.printk   0x000083c0       0x1a zephyr/libzephyr.a(printk.c.obj)
                0x000083c0                printk
 .text.process_recheck
                0x000083da       0x38 zephyr/libzephyr.a(onoff.c.obj)
 .text.notify_one
                0x00008412       0x2c zephyr/libzephyr.a(onoff.c.obj)
 .text.validate_args
                0x0000843e       0x1e zephyr/libzephyr.a(onoff.c.obj)
 .text.onoff_manager_init
                0x0000845c       0x26 zephyr/libzephyr.a(onoff.c.obj)
                0x0000845c                onoff_manager_init
 .text.z_thread_entry
                0x00008482       0x14 zephyr/libzephyr.a(thread_entry.c.obj)
                0x00008482                z_thread_entry
 .text.encode_uint
                0x00008496       0x96 zephyr/libzephyr.a(cbprintf_complete.c.obj)
 .text.outs     0x0000852c       0x2c zephyr/libzephyr.a(cbprintf_complete.c.obj)
 .text.assert_post_action
                0x00008558        0xe zephyr/libzephyr.a(assert.c.obj)
                0x00008558                assert_post_action
 .text._ConfigAbsSyms
                0x00008566        0x2 zephyr/libzephyr.a(configs.c.obj)
                0x00008566                _ConfigAbsSyms
 .text.z_platform_init
                0x00008568        0x4 zephyr/libzephyr.a(soc.c.obj)
                0x00008568                z_platform_init
 .text.pm_power_state_exit_post_ops
                0x0000856c       0x16 zephyr/libzephyr.a(power.c.obj)
                0x0000856c                pm_power_state_exit_post_ops
 .text.z_log_minimal_printk
                0x00008582       0x1a zephyr/libzephyr.a(log_minimal.c.obj)
                0x00008582                z_log_minimal_printk
 .text.pm_policy_next_state
                0x0000859c        0xa zephyr/libzephyr.a(policy_residency.c.obj)
                0x0000859c                pm_policy_next_state
 .text.set_starting_state
                0x000085a6       0x3c zephyr/libzephyr.a(clock_control_nrf.c.obj)
 .text.set_on_state
                0x000085e2       0x26 zephyr/libzephyr.a(clock_control_nrf.c.obj)
 .text.onoff_started_callback
                0x00008608        0xc zephyr/libzephyr.a(clock_control_nrf.c.obj)
 .text.hfclkaudio_start
                0x00008614        0x6 zephyr/libzephyr.a(clock_control_nrf.c.obj)
 .text.hfclk192m_start
                0x0000861a        0x6 zephyr/libzephyr.a(clock_control_nrf.c.obj)
 .text.lfclk_start
                0x00008620        0x6 zephyr/libzephyr.a(clock_control_nrf.c.obj)
 .text.hfclkaudio_stop
                0x00008626        0x6 zephyr/libzephyr.a(clock_control_nrf.c.obj)
 .text.hfclk192m_stop
                0x0000862c        0x6 zephyr/libzephyr.a(clock_control_nrf.c.obj)
 .text.lfclk_stop
                0x00008632        0x6 zephyr/libzephyr.a(clock_control_nrf.c.obj)
 .text.api_stop
                0x00008638        0x6 zephyr/libzephyr.a(clock_control_nrf.c.obj)
 .text.blocking_start_callback
                0x0000863e        0x6 zephyr/libzephyr.a(clock_control_nrf.c.obj)
 .text.api_start
                0x00008644       0x34 zephyr/libzephyr.a(clock_control_nrf.c.obj)
 .text.sys_clock_idle_exit
                0x00008678        0x2 zephyr/libzephyr.a(sys_clock_init.c.obj)
                0x00008678                sys_clock_idle_exit
 .text.sys_clock_disable
                0x0000867a        0x2 zephyr/libzephyr.a(sys_clock_init.c.obj)
                0x0000867a                sys_clock_disable
 .text.abort_function
                0x0000867c        0x6 zephyr/libzephyr.a(nrf_cc3xx_platform_abort_zephyr.c.obj)
 .text.z_irq_spurious
                0x00008682        0x8 zephyr/arch/arch/arm/core/aarch32/libarch__arm__core__aarch32.a(irq_manage.c.obj)
                0x00008682                z_irq_spurious
 .text.irq_target_state_set
                0x0000868a       0x5e zephyr/arch/arch/arm/core/aarch32/libarch__arm__core__aarch32.a(irq_manage.c.obj)
                0x0000868a                irq_target_state_set
 .text.configure_builtin_stack_guard
                0x000086e8        0x8 zephyr/arch/arch/arm/core/aarch32/libarch__arm__core__aarch32.a(thread.c.obj)
                0x000086e8                configure_builtin_stack_guard
 .text.z_do_kernel_oops
                0x000086f0        0x8 zephyr/arch/arch/arm/core/aarch32/libarch__arm__core__aarch32.a(fatal.c.obj)
                0x000086f0                z_do_kernel_oops
 .text.z_arm_nmi
                0x000086f8        0xe zephyr/arch/arch/arm/core/aarch32/libarch__arm__core__aarch32.a(nmi.c.obj)
                0x000086f8                z_arm_nmi
 .text.arm_cmse_mpu_region_get
                0x00008706       0x12 zephyr/arch/arch/arm/core/aarch32/cortex_m/cmse/libarch__arm__core__aarch32__cortex_m__cmse.a(arm_core_cmse.c.obj)
                0x00008706                arm_cmse_mpu_region_get
 .text.arm_cmse_addr_is_secure
                0x00008718        0xa zephyr/arch/arch/arm/core/aarch32/cortex_m/cmse/libarch__arm__core__aarch32__cortex_m__cmse.a(arm_core_cmse.c.obj)
                0x00008718                arm_cmse_addr_is_secure
 .text.strlen   0x00008722        0xe zephyr/lib/libc/minimal/liblib__libc__minimal.a(string.c.obj)
                0x00008722                strlen
 .text.strnlen  0x00008730       0x12 zephyr/lib/libc/minimal/liblib__libc__minimal.a(string.c.obj)
                0x00008730                strnlen
 .text.strcmp   0x00008742       0x18 zephyr/lib/libc/minimal/liblib__libc__minimal.a(string.c.obj)
                0x00008742                strcmp
 .text.memcmp   0x0000875a       0x20 zephyr/lib/libc/minimal/liblib__libc__minimal.a(string.c.obj)
                0x0000875a                memcmp
 .text.memmove  0x0000877a       0x2e zephyr/lib/libc/minimal/liblib__libc__minimal.a(string.c.obj)
                0x0000877a                memmove
 .text.memcpy   0x000087a8       0x56 zephyr/lib/libc/minimal/liblib__libc__minimal.a(string.c.obj)
                0x000087a8                memcpy
 .text.memset   0x000087fe       0x46 zephyr/lib/libc/minimal/liblib__libc__minimal.a(string.c.obj)
                0x000087fe                memset
 .text._stdout_hook_default
                0x00008844        0x6 zephyr/lib/libc/minimal/liblib__libc__minimal.a(stdout_console.c.obj)
 .text.uarte_nrfx_isr_int
                0x0000884a       0x74 zephyr/drivers/serial/libdrivers__serial.a(uart_nrfx_uarte.c.obj)
 .text.uarte_nrfx_config_get
                0x000088be       0x10 zephyr/drivers/serial/libdrivers__serial.a(uart_nrfx_uarte.c.obj)
 .text.uarte_nrfx_err_check
                0x000088ce        0xe zephyr/drivers/serial/libdrivers__serial.a(uart_nrfx_uarte.c.obj)
 .text.is_tx_ready
                0x000088dc       0x20 zephyr/drivers/serial/libdrivers__serial.a(uart_nrfx_uarte.c.obj)
 .text.uarte_nrfx_poll_in
                0x000088fc       0x26 zephyr/drivers/serial/libdrivers__serial.a(uart_nrfx_uarte.c.obj)
 .text.nrf_gpio_cfg_output
                0x00008922       0x26 zephyr/drivers/serial/libdrivers__serial.a(uart_nrfx_uarte.c.obj)
 .text.uarte_0_init
                0x00008948      0x112 zephyr/drivers/serial/libdrivers__serial.a(uart_nrfx_uarte.c.obj)
 .text.hw_cc3xx_init_internal
                0x00008a5a        0x4 modules/nrf/drivers/hw_cc310/lib..__nrf__drivers__hw_cc310.a(hw_cc310.c.obj)
 .text.hw_cc3xx_init
                0x00008a5e       0x12 modules/nrf/drivers/hw_cc310/lib..__nrf__drivers__hw_cc310.a(hw_cc310.c.obj)
 .text.nrfx_isr
                0x00008a70        0x2 modules/hal_nordic/nrfx/libmodules__hal_nordic__nrfx.a(nrfx_glue.c.obj)
                0x00008a70                nrfx_isr
 .text.nrfx_busy_wait
                0x00008a72        0x4 modules/hal_nordic/nrfx/libmodules__hal_nordic__nrfx.a(nrfx_glue.c.obj)
                0x00008a72                nrfx_busy_wait
 .text.z_device_state_init
                0x00008a76        0x2 zephyr/kernel/libkernel.a(device.c.obj)
                0x00008a76                z_device_state_init
 .text.z_device_ready
                0x00008a78       0x12 zephyr/kernel/libkernel.a(device.c.obj)
                0x00008a78                z_device_ready
 .text.k_mem_slab_init
                0x00008a8a       0x38 zephyr/kernel/libkernel.a(mem_slab.c.obj)
                0x00008a8a                k_mem_slab_init
 .text.k_is_in_isr
                0x00008ac2        0xc zephyr/kernel/libkernel.a(thread.c.obj)
                0x00008ac2                k_is_in_isr
 .text.k_thread_name_get
                0x00008ace        0x4 zephyr/kernel/libkernel.a(thread.c.obj)
                0x00008ace                k_thread_name_get
 .text.z_pm_save_idle_exit
                0x00008ad2        0xe zephyr/kernel/libkernel.a(idle.c.obj)
                0x00008ad2                z_pm_save_idle_exit
 .text.z_impl_k_mutex_init
                0x00008ae0        0xe zephyr/kernel/libkernel.a(mutex.c.obj)
                0x00008ae0                z_impl_k_mutex_init
 .text.z_reschedule_irqlock
                0x00008aee       0x18 zephyr/kernel/libkernel.a(sched.c.obj)
                0x00008aee                z_reschedule_irqlock
 .text.z_reschedule_unlocked
                0x00008b06       0x14 zephyr/kernel/libkernel.a(sched.c.obj)
 .text.z_priq_dumb_best
                0x00008b1a       0x14 zephyr/kernel/libkernel.a(sched.c.obj)
                0x00008b1a                z_priq_dumb_best
 .text.sys_clock_tick_get_32
                0x00008b2e        0x8 zephyr/kernel/libkernel.a(timeout.c.obj)
                0x00008b2e                sys_clock_tick_get_32
 .text.z_impl_k_busy_wait
                0x00008b36        0x8 zephyr/kernel/libkernel.a(timeout.c.obj)
                0x00008b36                z_impl_k_busy_wait
 .text._OffsetAbsSyms
                0x00008b3e        0x2 zephyr/CMakeFiles/offsets.dir/./arch/arm/core/offsets/offsets.c.obj
                0x00008b3e                _OffsetAbsSyms
 *(SORT_BY_ALIGNMENT(.TEXT.*))
 *(SORT_BY_ALIGNMENT(.gnu.linkonce.t.*))
 *(SORT_BY_ALIGNMENT(.glue_7t))
 .glue_7t       0x00008b40        0x0 linker stubs
 *(SORT_BY_ALIGNMENT(.glue_7))
 .glue_7        0x00008b40        0x0 linker stubs
 *(SORT_BY_ALIGNMENT(.vfp11_veneer))
 .vfp11_veneer  0x00008b40        0x0 linker stubs
 *(SORT_BY_ALIGNMENT(.v4_bx))
 .v4_bx         0x00008b40        0x0 linker stubs
                0x00008b40                _image_text_end = .

.ARM.exidx      0x00008b40        0x8
                0x00008b40                __exidx_start = .
 *(SORT_BY_ALIGNMENT(.ARM.exidx*) SORT_BY_ALIGNMENT(gnu.linkonce.armexidx.*))
 .ARM.exidx     0x00008b40        0x8 c:/nordicsemi/v1.6.1/toolchain/opt/bin/../lib/gcc/arm-none-eabi/9.2.1/thumb/v8-m.main/nofp\libgcc.a(_udivmoddi4.o)
                0x00008b48                __exidx_end = .
                0x00008b48                _image_rodata_start = .

initlevel       0x00008b48       0x58
                0x00008b48                __init_start = .
                0x00008b48                __init_PRE_KERNEL_1_start = .
 *(SORT_BY_NAME(SORT_BY_ALIGNMENT(.z_init_PRE_KERNEL_1[0-9]_*)))
 .z_init_PRE_KERNEL_10_
                0x00008b48        0x8 zephyr/libzephyr.a(soc.c.obj)
 *(SORT_BY_NAME(SORT_BY_ALIGNMENT(.z_init_PRE_KERNEL_1[1-9][0-9]_*)))
 .z_init_PRE_KERNEL_130_
                0x00008b50        0x8 zephyr/kernel/libkernel.a(mem_slab.c.obj)
 .z_init_PRE_KERNEL_140_
                0x00008b58        0x8 modules/nrf/drivers/hw_cc310/lib..__nrf__drivers__hw_cc310.a(hw_cc310.c.obj)
 .z_init_PRE_KERNEL_150_
                0x00008b60        0x8 zephyr/libzephyr.a(clock_control_nrf.c.obj)
 .z_init_PRE_KERNEL_150_
                0x00008b68        0x8 zephyr/drivers/serial/libdrivers__serial.a(uart_nrfx_uarte.c.obj)
 .z_init_PRE_KERNEL_150_
                0x00008b70        0x8 zephyr/drivers/entropy/libdrivers__entropy.a(entropy_cc310.c.obj)
 .z_init_PRE_KERNEL_160_
                0x00008b78        0x8 zephyr/libzephyr.a(uart_console.c.obj)
                0x00008b80                __init_PRE_KERNEL_2_start = .
 *(SORT_BY_NAME(SORT_BY_ALIGNMENT(.z_init_PRE_KERNEL_2[0-9]_*)))
 .z_init_PRE_KERNEL_20_
                0x00008b80        0x8 zephyr/libzephyr.a(sys_clock_init.c.obj)
 *(SORT_BY_NAME(SORT_BY_ALIGNMENT(.z_init_PRE_KERNEL_2[1-9][0-9]_*)))
                0x00008b88                __init_POST_KERNEL_start = .
 *(SORT_BY_NAME(SORT_BY_ALIGNMENT(.z_init_POST_KERNEL[0-9]_*)))
 *(SORT_BY_NAME(SORT_BY_ALIGNMENT(.z_init_POST_KERNEL[1-9][0-9]_*)))
 .z_init_POST_KERNEL40_
                0x00008b88        0x8 modules/nrf/drivers/hw_cc310/lib..__nrf__drivers__hw_cc310.a(hw_cc310.c.obj)
 .z_init_POST_KERNEL50_
                0x00008b90        0x8 zephyr/boards/boards/arm/nrf5340dk_nrf5340_cpuapp/libboards__arm__nrf5340dk_nrf5340.a(nrf5340_cpunet_reset.c.obj)
 .z_init_POST_KERNEL90_
                0x00008b98        0x8 modules/nrf/subsys/fw_info/lib..__nrf__subsys__fw_info.a(fw_info.c.obj)
                0x00008ba0                __init_APPLICATION_start = .
 *(SORT_BY_NAME(SORT_BY_ALIGNMENT(.z_init_APPLICATION[0-9]_*)))
 *(SORT_BY_NAME(SORT_BY_ALIGNMENT(.z_init_APPLICATION[1-9][0-9]_*)))
                0x00008ba0                __init_SMP_start = .
 *(SORT_BY_NAME(SORT_BY_ALIGNMENT(.z_init_SMP[0-9]_*)))
 *(SORT_BY_NAME(SORT_BY_ALIGNMENT(.z_init_SMP[1-9][0-9]_*)))
                0x00008ba0                __init_end = .

sw_isr_table    0x00008ba0      0x228
                0x00008ba0                . = ALIGN (0x0)
 *(SORT_BY_ALIGNMENT(.gnu.linkonce.sw_isr_table*))
 .gnu.linkonce.sw_isr_table
                0x00008ba0      0x228 zephyr/arch/common/libisr_tables.a(isr_tables.c.obj)
                0x00008ba0                _sw_isr_table

initlevel_error
                0x00008b48        0x0
 *(SORT_BY_NAME(SORT_BY_ALIGNMENT(.z_init_[_A-Z0-9]*)))
                0x00000001                ASSERT ((SIZEOF (initlevel_error) == 0x0), Undefined initialization levels used.)

app_shmem_regions
                0x00008dc8        0x0
                0x00008dc8                __app_shmem_regions_start = .
 *(SORT_BY_NAME(SORT_BY_ALIGNMENT(.app_regions.*)))
                0x00008dc8                __app_shmem_regions_end = .

bt_l2cap_fixed_chan_area
                0x00008dc8        0x0
                0x00008dc8                _bt_l2cap_fixed_chan_list_start = .
 *(SORT_BY_NAME(SORT_BY_ALIGNMENT(._bt_l2cap_fixed_chan.static.*)))
                0x00008dc8                _bt_l2cap_fixed_chan_list_end = .

bt_gatt_service_static_area
                0x00008dc8        0x0
                0x00008dc8                _bt_gatt_service_static_list_start = .
 *(SORT_BY_NAME(SORT_BY_ALIGNMENT(._bt_gatt_service_static.static.*)))
                0x00008dc8                _bt_gatt_service_static_list_end = .

k_p4wq_initparam_area
                0x00008dc8        0x0
                0x00008dc8                _k_p4wq_initparam_list_start = .
 *(SORT_BY_NAME(SORT_BY_ALIGNMENT(._k_p4wq_initparam.static.*)))
                0x00008dc8                _k_p4wq_initparam_list_end = .

log_strings_sections
                0x00008dc8        0x0
                0x00008dc8                __log_strings_start = .
 *(SORT_BY_NAME(SORT_BY_ALIGNMENT(.log_strings*)))
                0x00008dc8                __log_strings_end = .

log_const_sections
                0x00008dc8       0x40
                0x00008dc8                __log_const_start = .
 *(SORT_BY_NAME(SORT_BY_ALIGNMENT(.log_const_*)))
 .log_const_clock_control
                0x00008dc8        0x8 zephyr/libzephyr.a(clock_control_nrf.c.obj)
                0x00008dc8                log_const_clock_control
 .log_const_fatal_error
                0x00008dd0        0x8 modules/nrf/lib/fatal_error/lib..__nrf__lib__fatal_error.a(fatal_error.c.obj)
                0x00008dd0                log_const_fatal_error
 .log_const_mpu
                0x00008dd8        0x8 zephyr/arch/arch/arm/core/aarch32/mpu/libarch__arm__core__aarch32__mpu.a(arm_core_mpu.c.obj)
                0x00008dd8                log_const_mpu
 .log_const_nrf5340dk_nrf5340_cpuapp
                0x00008de0        0x8 zephyr/boards/boards/arm/nrf5340dk_nrf5340_cpuapp/libboards__arm__nrf5340dk_nrf5340.a(nrf5340_cpunet_reset.c.obj)
                0x00008de0                log_const_nrf5340dk_nrf5340_cpuapp
 .log_const_os  0x00008de8        0x8 zephyr/kernel/libkernel.a(init.c.obj)
                0x00008de8                log_const_os
 .log_const_power
                0x00008df0        0x8 zephyr/libzephyr.a(power.c.obj)
                0x00008df0                log_const_power
 .log_const_soc
                0x00008df8        0x8 zephyr/libzephyr.a(soc.c.obj)
                0x00008df8                log_const_soc
 .log_const_uart_nrfx_uarte
                0x00008e00        0x8 zephyr/drivers/serial/libdrivers__serial.a(uart_nrfx_uarte.c.obj)
                0x00008e00                log_const_uart_nrfx_uarte
                0x00008e08                __log_const_end = .

log_backends_sections
                0x00008e08        0x0
                0x00008e08                __log_backends_start = .
 *(SORT_BY_ALIGNMENT(._log_backend.*))
                0x00008e08                __log_backends_end = .

shell_area      0x00008e08        0x0
                0x00008e08                _shell_list_start = .
 *(SORT_BY_NAME(SORT_BY_ALIGNMENT(._shell.static.*)))
                0x00008e08                _shell_list_end = .

shell_root_cmds_sections
                0x00008e08        0x0
                0x00008e08                __shell_root_cmds_start = .
 *(SORT_BY_NAME(SORT_BY_ALIGNMENT(.shell_root_cmd_*)))
                0x00008e08                __shell_root_cmds_end = .

font_entry_sections
                0x00008e08        0x0
                0x00008e08                __font_entry_start = .
 *(SORT_BY_NAME(SORT_BY_ALIGNMENT(._cfb_font.*)))
                0x00008e08                __font_entry_end = .

tracing_backend_area
                0x00008e08        0x0
                0x00008e08                _tracing_backend_list_start = .
 *(SORT_BY_NAME(SORT_BY_ALIGNMENT(._tracing_backend.static.*)))
                0x00008e08                _tracing_backend_list_end = .

zephyr_dbg_info
 *(SORT_BY_ALIGNMENT(.dbg_thread_info))

device_handles  0x00008e08       0x22
                0x00008e08                __device_handles_start = .
 *(SORT_BY_NAME(SORT_BY_ALIGNMENT(.__device_handles_pass1*)))
 .__device_handles_pass1
                0x00008e08        0xa zephyr/libzephyr.a(clock_control_nrf.c.obj)
                0x00008e08                __devicehdl_DT_N_S_soc_S_peripheral_50000000_S_clock_5000
 .__device_handles_pass1
                0x00008e12        0x6 zephyr/libzephyr.a(sys_clock_init.c.obj)
                0x00008e12                __devicehdl_sys_init_sys_clock_driver_init0
 .__device_handles_pass1
                0x00008e18        0xa zephyr/drivers/serial/libdrivers__serial.a(uart_nrfx_uarte.c.obj)
                0x00008e18                __devicehdl_DT_N_S_soc_S_peripheral_50000000_S_uart_8000
 .__device_handles_pass1
                0x00008e22        0x8 zephyr/drivers/entropy/libdrivers__entropy.a(entropy_cc310.c.obj)
                0x00008e22                __devicehdl_DT_N_S_soc_S_crypto_50844000
                0x00008e2a                __device_handles_end = .

rodata          0x00008e30     0x142c
 *(SORT_BY_ALIGNMENT(.rodata))
 .rodata        0x00008e30        0xc zephyr/libzephyr.a(secure_services.c.obj)
 .rodata        0x00008e3c       0x18 modules/nrf/subsys/fw_info/lib..__nrf__subsys__fw_info.a(fw_info.c.obj)
 *(SORT_BY_ALIGNMENT(.rodata.*))
 *fill*         0x00008e54        0xc 
 .rodata.delay_machine_code.9518
                0x00008e60        0x6 zephyr/libzephyr.a(soc.c.obj)
 *fill*         0x00008e66        0x2 
 .rodata.clock_control_api
                0x00008e68       0x14 zephyr/libzephyr.a(clock_control_nrf.c.obj)
 .rodata.config
                0x00008e7c       0x30 zephyr/libzephyr.a(clock_control_nrf.c.obj)
 .rodata.transitions.12244
                0x00008eac        0xc zephyr/libzephyr.a(clock_control_nrf.c.obj)
 .rodata.periph.12807
                0x00008eb8      0x168 zephyr/libzephyr.a(spm.c.obj)
 .rodata.fw_info_allowed_offsets
                0x00009020       0x14 zephyr/libzephyr.a(secure_services.c.obj)
 .rodata.apis   0x00009034        0x8 zephyr/libzephyr.a(nrf_cc3xx_platform_abort_zephyr.c.obj)
 .rodata.mutex_apis
                0x0000903c       0x10 zephyr/libzephyr.a(nrf_cc3xx_platform_mutex_zephyr.c.obj)
 .rodata.mutexes
                0x0000904c       0x14 zephyr/libzephyr.a(nrf_cc3xx_platform_mutex_zephyr.c.obj)
 .rodata.static_regions
                0x00009060        0xc zephyr/arch/arch/arm/core/aarch32/mpu/libarch__arm__core__aarch32__mpu.a(arm_core_mpu.c.obj)
 .rodata.mpu_config
                0x0000906c        0x8 zephyr/soc/arm/common/cortex_m/libsoc__arm__common__cortex_m.a(arm_mpu_regions.c.obj)
                0x0000906c                mpu_config
 .rodata.mpu_regions
                0x00009074       0x20 zephyr/soc/arm/common/cortex_m/libsoc__arm__common__cortex_m.a(arm_mpu_regions.c.obj)
 .rodata.uart_nrfx_uarte_driver_api
                0x00009094       0x14 zephyr/drivers/serial/libdrivers__serial.a(uart_nrfx_uarte.c.obj)
 .rodata.uarte_0z_config
                0x000090a8        0x8 zephyr/drivers/serial/libdrivers__serial.a(uart_nrfx_uarte.c.obj)
 .rodata.entropy_cc3xx_rng_api
                0x000090b0        0x8 zephyr/drivers/entropy/libdrivers__entropy.a(entropy_cc310.c.obj)
 .rodata.levels.9827
                0x000090b8       0x14 zephyr/kernel/libkernel.a(device.c.obj)
 .rodata._k_neg_eagain
                0x000090cc        0x4 zephyr/kernel/libkernel.a(errno.c.obj)
                0x000090cc                _k_neg_eagain
 .rodata.CSWTCH.417
                0x000090d0       0x14 zephyr/kernel/libkernel.a(fatal.c.obj)
 .rodata.CSWTCH.8
                0x000090e4       0x20 C:/nordicsemi/v1.6.1/nrfxlib/crypto/nrf_cc312_platform/lib/cortex-m33/soft-float/no-interrupts/libnrf_cc312_platform_0.9.10.a(nrf_cc3xx_platform.c.obj)
 .rodata.mutex_free.str1.4
                0x00009104       0x26 C:/nordicsemi/v1.6.1/nrfxlib/crypto/nrf_cc312_platform/lib/cortex-m33/soft-float/no-interrupts/libnrf_cc312_platform_0.9.10.a(nrf_cc3xx_platform_mutex.c.obj)
 *fill*         0x0000912a        0x2 
 .rodata.mutex_init.str1.4
                0x0000912c       0x23 C:/nordicsemi/v1.6.1/nrfxlib/crypto/nrf_cc312_platform/lib/cortex-m33/soft-float/no-interrupts/libnrf_cc312_platform_0.9.10.a(nrf_cc3xx_platform_mutex.c.obj)
 *fill*         0x0000914f        0x1 
 .rodata.RndStartupTest.constprop.0.str1.4
                0x00009150       0x6f C:/nordicsemi/v1.6.1/nrfxlib/crypto/nrf_cc312_platform/lib/cortex-m33/soft-float/no-interrupts/libnrf_cc312_platform_0.9.10.a(cc_lib.c.obj)
 *fill*         0x000091bf        0x1 
 .rodata.CC_PalPowerSaveModeInit.str1.4
                0x000091c0       0x20 C:/nordicsemi/v1.6.1/nrfxlib/crypto/nrf_cc312_platform/lib/cortex-m33/soft-float/no-interrupts/libnrf_cc312_platform_0.9.10.a(cc_pal_pm.c.obj)
 .rodata.mbedtls_hardware_poll.str1.4
                0x000091e0       0x16 C:/nordicsemi/v1.6.1/nrfxlib/crypto/nrf_cc312_platform/lib/cortex-m33/soft-float/no-interrupts/libnrf_cc312_platform_0.9.10.a(trng_api.c.obj)
                                 0x6e (size before relaxing)
 *fill*         0x000091f6        0x2 
 .rodata.cc_mbedtls_sha256_init.str1.4
                0x000091f8        0xe C:/nordicsemi/v1.6.1/nrfxlib/crypto/nrf_cc312_platform/lib/cortex-m33/soft-float/no-interrupts/libnrf_cc312_platform_0.9.10.a(sha256_alt.c.obj)
 .rodata.ProcessHashDrv.str1.4
                0x00009206       0x6f C:/nordicsemi/v1.6.1/nrfxlib/crypto/nrf_cc312_platform/lib/cortex-m33/soft-float/no-interrupts/libnrf_cc312_platform_0.9.10.a(hash_driver.c.obj)
 *fill*         0x00009206        0x2 
 .rodata.HASH_LARVAL_SHA1
                0x00009208       0x14 C:/nordicsemi/v1.6.1/nrfxlib/crypto/nrf_cc312_platform/lib/cortex-m33/soft-float/no-interrupts/libnrf_cc312_platform_0.9.10.a(hash_driver.c.obj)
 .rodata.HASH_LARVAL_SHA224
                0x0000921c       0x20 C:/nordicsemi/v1.6.1/nrfxlib/crypto/nrf_cc312_platform/lib/cortex-m33/soft-float/no-interrupts/libnrf_cc312_platform_0.9.10.a(hash_driver.c.obj)
 .rodata.HASH_LARVAL_SHA256
                0x0000923c       0x20 C:/nordicsemi/v1.6.1/nrfxlib/crypto/nrf_cc312_platform/lib/cortex-m33/soft-float/no-interrupts/libnrf_cc312_platform_0.9.10.a(hash_driver.c.obj)
 .rodata.cc_mbedtls_aes_init.str1.4
                0x0000925c       0x13 C:/nordicsemi/v1.6.1/nrfxlib/crypto/nrf_cc312_platform/lib/cortex-m33/soft-float/no-interrupts/libnrf_cc312_platform_0.9.10.a(aes_alt.c.obj)
 .rodata.ProcessAesDrv.str1.4
                0x0000926f       0x6f C:/nordicsemi/v1.6.1/nrfxlib/crypto/nrf_cc312_platform/lib/cortex-m33/soft-float/no-interrupts/libnrf_cc312_platform_0.9.10.a(aes_driver.c.obj)
 .rodata.sys_notify_finalize.str1.1
                0x0000926f       0x3b zephyr/libzephyr.a(notify.c.obj)
 .rodata.process_event.str1.1
                0x000092aa       0x48 zephyr/libzephyr.a(onoff.c.obj)
                                 0x60 (size before relaxing)
 .rodata.cbvprintf.str1.1
                0x000092f2        0x6 zephyr/libzephyr.a(cbprintf_complete.c.obj)
 .rodata.sys_reboot.str1.1
                0x000092f8       0x29 zephyr/libzephyr.a(reboot.c.obj)
 .rodata.nrf_gpio_pin_port_decode.str1.1
                0x00009321       0x33 zephyr/libzephyr.a(soc.c.obj)
                                 0x4b (size before relaxing)
 .rodata.str1.1
                0x00009354        0x4 zephyr/libzephyr.a(soc.c.obj)
 .rodata.pm_state_notify.str1.1
                0x00009358       0x3e zephyr/libzephyr.a(power.c.obj)
 .rodata.pm_power_state_force.str1.1
                0x00009358       0x25 zephyr/libzephyr.a(power.c.obj)
 .rodata.str1.1
                0x0000937d        0x6 zephyr/libzephyr.a(power.c.obj)
 .rodata.uart_console_init.str1.1
                0x00009383        0x7 zephyr/libzephyr.a(uart_console.c.obj)
 .rodata.get_status.str1.1
                0x0000938a       0x3d zephyr/libzephyr.a(clock_control_nrf.c.obj)
                                 0x55 (size before relaxing)
 .rodata.str1.1
                0x000093c7       0x2f zephyr/libzephyr.a(clock_control_nrf.c.obj)
                                 0x35 (size before relaxing)
 .rodata.sys_clock_isr.str1.1
                0x000093f6       0x32 zephyr/libzephyr.a(sys_clock_init.c.obj)
                                 0x4a (size before relaxing)
 .rodata.str1.1
                0x00009428        0xa zephyr/libzephyr.a(sys_clock_init.c.obj)
 .rodata.config_regions.str1.1
                0x00009432       0x32 zephyr/libzephyr.a(spm.c.obj)
                                 0x37 (size before relaxing)
 .rodata.spm_jump.str1.1
                0x00009464       0x75 zephyr/libzephyr.a(spm.c.obj)
 .rodata.spm_config.str1.1
                0x000094d9      0x14f zephyr/libzephyr.a(spm.c.obj)
                                0x16f (size before relaxing)
 .rodata.str1.1
                0x00009628      0x1b5 zephyr/libzephyr.a(spm.c.obj)
 .rodata.mutex_free_platform.str1.1
                0x000097dd       0x26 zephyr/libzephyr.a(nrf_cc3xx_platform_mutex_zephyr.c.obj)
 .rodata.mutex_init_platform.str1.1
                0x00009803       0x2d zephyr/libzephyr.a(nrf_cc3xx_platform_mutex_zephyr.c.obj)
 .rodata.z_arm_irq_priority_set.str1.1
                0x00009830       0x36 zephyr/arch/arch/arm/core/aarch32/libarch__arm__core__aarch32.a(irq_manage.c.obj)
                                 0x4e (size before relaxing)
 .rodata.z_arm_fatal_error.str1.1
                0x00009866       0xaf zephyr/arch/arch/arm/core/aarch32/libarch__arm__core__aarch32.a(fatal.c.obj)
 .rodata.mem_manage_fault.isra.0.str1.1
                0x00009915      0x135 zephyr/arch/arch/arm/core/aarch32/cortex_m/libarch__arm__core__aarch32__cortex_m.a(fault.c.obj)
                                0x14d (size before relaxing)
 .rodata.bus_fault.isra.0.str1.1
                0x00009a4a       0xa6 zephyr/arch/arch/arm/core/aarch32/cortex_m/libarch__arm__core__aarch32__cortex_m.a(fault.c.obj)
 .rodata.usage_fault.isra.0.str1.1
                0x00009af0      0x11f zephyr/arch/arch/arm/core/aarch32/cortex_m/libarch__arm__core__aarch32__cortex_m.a(fault.c.obj)
 .rodata.secure_fault.isra.0.str1.1
                0x00009c0f      0x104 zephyr/arch/arch/arm/core/aarch32/cortex_m/libarch__arm__core__aarch32__cortex_m.a(fault.c.obj)
 .rodata.z_arm_fault.str1.1
                0x00009d13       0xf9 zephyr/arch/arch/arm/core/aarch32/cortex_m/libarch__arm__core__aarch32__cortex_m.a(fault.c.obj)
 .rodata.str1.1
                0x00009e0c        0x4 zephyr/arch/arch/arm/core/aarch32/mpu/libarch__arm__core__aarch32__mpu.a(arm_core_mpu.c.obj)
 .rodata.mpu_configure_region.str1.1
                0x00009e10       0x2b zephyr/arch/arch/arm/core/aarch32/mpu/libarch__arm__core__aarch32__mpu.a(arm_mpu.c.obj)
 .rodata.mpu_configure_regions_and_partition.constprop.0.str1.1
                0x00009e3b       0x50 zephyr/arch/arch/arm/core/aarch32/mpu/libarch__arm__core__aarch32__mpu.a(arm_mpu.c.obj)
 .rodata.arm_core_mpu_configure_static_mpu_regions.str1.1
                0x00009e8b       0x37 zephyr/arch/arch/arm/core/aarch32/mpu/libarch__arm__core__aarch32__mpu.a(arm_mpu.c.obj)
                                 0x4f (size before relaxing)
 .rodata.str1.1
                0x00009ec2        0xf zephyr/soc/arm/common/cortex_m/libsoc__arm__common__cortex_m.a(arm_mpu_regions.c.obj)
 .rodata.str1.1
                0x00009ed1       0x19 zephyr/boards/boards/arm/nrf5340dk_nrf5340_cpuapp/libboards__arm__nrf5340dk_nrf5340.a(nrf5340_cpunet_reset.c.obj)
 .rodata.nrf_gpio_pin_port_decode.str1.1
                0x00009eea       0x4b zephyr/drivers/serial/libdrivers__serial.a(uart_nrfx_uarte.c.obj)
 .rodata.str1.1
                0x00009eea       0x10 zephyr/drivers/serial/libdrivers__serial.a(uart_nrfx_uarte.c.obj)
                                 0x17 (size before relaxing)
 .rodata.entropy_cc3xx_rng_get_entropy.str1.1
                0x00009efa       0x30 zephyr/drivers/entropy/libdrivers__entropy.a(entropy_cc310.c.obj)
                                 0x48 (size before relaxing)
 .rodata.str1.1
                0x00009f2a        0xb zephyr/drivers/entropy/libdrivers__entropy.a(entropy_cc310.c.obj)
 .rodata.k_sys_fatal_error_handler.str1.1
                0x00009f35       0x16 modules/nrf/lib/fatal_error/lib..__nrf__lib__fatal_error.a(fatal_error.c.obj)
 .rodata.str1.1
                0x00009f4b        0xc modules/nrf/lib/fatal_error/lib..__nrf__lib__fatal_error.a(fatal_error.c.obj)
 .rodata.check_ext_api_requests.str1.1
                0x00009f57       0x5c modules/nrf/subsys/fw_info/lib..__nrf__subsys__fw_info.a(fw_info.c.obj)
 .rodata.CSWTCH.1
                0x00009fb3        0x4 modules/hal_nordic/nrfx/libmodules__hal_nordic__nrfx.a(system_nrf5340_application.c.obj)
 .rodata.CSWTCH.3
                0x00009fb7        0x4 modules/hal_nordic/nrfx/libmodules__hal_nordic__nrfx.a(system_nrf5340_application.c.obj)
 .rodata.nrfx_clock_init.str1.1
                0x00009fbb       0x3d modules/hal_nordic/nrfx/libmodules__hal_nordic__nrfx.a(nrfx_clock.c.obj)
                                 0x55 (size before relaxing)
 .rodata.nrfx_clock_stop.str1.1
                0x00009ff8       0x34 modules/hal_nordic/nrfx/libmodules__hal_nordic__nrfx.a(nrfx_clock.c.obj)
 .rodata.z_fatal_error.str1.1
                0x0000a02c       0xa8 zephyr/kernel/libkernel.a(fatal.c.obj)
                                 0xc0 (size before relaxing)
 .rodata.str1.1
                0x0000a0d4       0x4a zephyr/kernel/libkernel.a(fatal.c.obj)
 .rodata.z_cstart.str1.1
                0x0000a11e        0x5 zephyr/kernel/libkernel.a(init.c.obj)
 .rodata.str1.1
                0x0000a123        0x3 zephyr/kernel/libkernel.a(init.c.obj)
 .rodata.init_mem_slab_module.str1.1
                0x0000a126       0x25 zephyr/kernel/libkernel.a(mem_slab.c.obj)
                                 0x3d (size before relaxing)
 .rodata.k_mem_slab_alloc.str1.1
                0x0000a14b       0x26 zephyr/kernel/libkernel.a(mem_slab.c.obj)
 .rodata.z_setup_new_thread.str1.1
                0x0000a14b       0x23 zephyr/kernel/libkernel.a(thread.c.obj)
                                 0x3b (size before relaxing)
 .rodata.z_impl_k_mutex_lock.str1.1
                0x0000a16e       0x22 zephyr/kernel/libkernel.a(mutex.c.obj)
                                 0x60 (size before relaxing)
 .rodata.z_impl_k_mutex_unlock.str1.1
                0x0000a190       0x2b zephyr/kernel/libkernel.a(mutex.c.obj)
 .rodata.z_impl_k_sem_give.str1.1
                0x0000a1bb       0x3e zephyr/kernel/libkernel.a(sem.c.obj)
 .rodata.z_impl_k_sem_take.str1.1
                0x0000a1bb       0x20 zephyr/kernel/libkernel.a(sem.c.obj)
 .rodata.k_sched_time_slice_set.str1.1
                0x0000a1db       0x3e zephyr/kernel/libkernel.a(sched.c.obj)
 .rodata.k_sched_lock.str1.1
                0x0000a1db       0x2b zephyr/kernel/libkernel.a(sched.c.obj)
 .rodata.z_priq_dumb_add.str1.1
                0x0000a1db       0x22 zephyr/kernel/libkernel.a(sched.c.obj)
 .rodata.z_add_timeout.str1.1
                0x0000a1fd       0x24 zephyr/kernel/libkernel.a(timeout.c.obj)
                                 0x62 (size before relaxing)
 .rodata.boot_banner.str1.1
                0x0000a221       0x37 zephyr/kernel/libkernel.a(banner.c.obj)
                                 0x38 (size before relaxing)
 *(SORT_BY_ALIGNMENT(.gnu.linkonce.r.*))
                0x0000a258                . = ALIGN (0x4)
                0x0000a258                _fw_info_images_start = .
 *(SORT_BY_ALIGNMENT(.fw_info_images))
 .fw_info_images
                0x0000a258        0x4 modules/nrf/subsys/fw_info/lib..__nrf__subsys__fw_info.a(fw_info.c.obj)
                0x0000a258                self_image
                0x00000001                _fw_info_images_size = ABSOLUTE (((. - _fw_info_images_start) / 0x4))
                0x0000a25c                _ext_apis_start = .
 *(SORT_BY_ALIGNMENT(.ext_apis))
                0x00000000                _ext_apis_size = ABSOLUTE ((. - _ext_apis_start))
                0x0000a25c                _ext_apis_req_start = .
 *(SORT_BY_ALIGNMENT(.ext_apis_req))
                0x00000000                _ext_apis_req_size = ABSOLUTE ((. - _ext_apis_req_start))
                0x0000a25c                . = ALIGN (0x4)
                0x0000a25c                _image_rodata_end = .
                0x0000a260                . = ALIGN (_region_min_align)
                0x0000a260                _image_rom_end = .
                0x20000000                . = 0x20000000
                0x20000000                . = ALIGN (_region_min_align)
                0x20000000                _image_ram_start = .

.ramfunc        0x20000000        0x0 load address 0x0000a25c
                0x20000000                . = ALIGN (_region_min_align)
                0x20000000                _ramfunc_ram_start = .
 *(SORT_BY_ALIGNMENT(.ramfunc))
 *(SORT_BY_ALIGNMENT(.ramfunc.*))
                0x20000000                . = ALIGN (_region_min_align)
                0x20000000                _ramfunc_ram_end = .
                0x00000000                _ramfunc_ram_size = (_ramfunc_ram_end - _ramfunc_ram_start)
                0x0000a25c                _ramfunc_rom_start = LOADADDR (.ramfunc)

datas           0x20000000       0xbc load address 0x0000a25c
                0x20000000                __data_ram_start = .
 *(SORT_BY_ALIGNMENT(.data))
 *(SORT_BY_ALIGNMENT(.data.*))
 .data._char_out
                0x20000000        0x4 zephyr/libzephyr.a(printk.c.obj)
                0x20000000                _char_out
 .data.post_ops_done
                0x20000004        0x4 zephyr/libzephyr.a(power.c.obj)
 .data.asym_mutex
                0x20000008        0x8 zephyr/libzephyr.a(nrf_cc3xx_platform_mutex_zephyr.c.obj)
 .data.power_mutex
                0x20000010        0x8 zephyr/libzephyr.a(nrf_cc3xx_platform_mutex_zephyr.c.obj)
 .data.rng_mutex
                0x20000018        0x8 zephyr/libzephyr.a(nrf_cc3xx_platform_mutex_zephyr.c.obj)
 .data.sym_mutex
                0x20000020        0x8 zephyr/libzephyr.a(nrf_cc3xx_platform_mutex_zephyr.c.obj)
 .data._stdout_hook
                0x20000028        0x4 zephyr/lib/libc/minimal/liblib__libc__minimal.a(stdout_console.c.obj)
 .data.uarte_0_data
                0x2000002c       0x14 zephyr/drivers/serial/libdrivers__serial.a(uart_nrfx_uarte.c.obj)
 .data.SystemCoreClock
                0x20000040        0x4 modules/hal_nordic/nrfx/libmodules__hal_nordic__nrfx.a(system_nrf5340_application.c.obj)
                0x20000040                SystemCoreClock
 .data.timeout_list
                0x20000044        0x8 zephyr/kernel/libkernel.a(timeout.c.obj)
 .data.platform_abort_apis
                0x2000004c        0x8 C:/nordicsemi/v1.6.1/nrfxlib/crypto/nrf_cc312_platform/lib/cortex-m33/soft-float/no-interrupts/libnrf_cc312_platform_0.9.10.a(nrf_cc3xx_platform_abort.c.obj)
                0x2000004c                platform_abort_apis
 .data.asym_mutex
                0x20000054        0x8 C:/nordicsemi/v1.6.1/nrfxlib/crypto/nrf_cc312_platform/lib/cortex-m33/soft-float/no-interrupts/libnrf_cc312_platform_0.9.10.a(nrf_cc3xx_platform_mutex.c.obj)
 .data.platform_mutex_apis
                0x2000005c       0x10 C:/nordicsemi/v1.6.1/nrfxlib/crypto/nrf_cc312_platform/lib/cortex-m33/soft-float/no-interrupts/libnrf_cc312_platform_0.9.10.a(nrf_cc3xx_platform_mutex.c.obj)
                0x2000005c                platform_mutex_apis
 .data.platform_mutexes
                0x2000006c       0x14 C:/nordicsemi/v1.6.1/nrfxlib/crypto/nrf_cc312_platform/lib/cortex-m33/soft-float/no-interrupts/libnrf_cc312_platform_0.9.10.a(nrf_cc3xx_platform_mutex.c.obj)
                0x2000006c                platform_mutexes
 .data.power_mutex
                0x20000080        0x8 C:/nordicsemi/v1.6.1/nrfxlib/crypto/nrf_cc312_platform/lib/cortex-m33/soft-float/no-interrupts/libnrf_cc312_platform_0.9.10.a(nrf_cc3xx_platform_mutex.c.obj)
 .data.rng_mutex
                0x20000088        0x8 C:/nordicsemi/v1.6.1/nrfxlib/crypto/nrf_cc312_platform/lib/cortex-m33/soft-float/no-interrupts/libnrf_cc312_platform_0.9.10.a(nrf_cc3xx_platform_mutex.c.obj)
 .data.sym_mutex
                0x20000090        0x8 C:/nordicsemi/v1.6.1/nrfxlib/crypto/nrf_cc312_platform/lib/cortex-m33/soft-float/no-interrupts/libnrf_cc312_platform_0.9.10.a(nrf_cc3xx_platform_mutex.c.obj)
 .data.invalid_aes_256_bit_key
                0x20000098        0x4 C:/nordicsemi/v1.6.1/nrfxlib/crypto/nrf_cc312_platform/lib/cortex-m33/soft-float/no-interrupts/libnrf_cc312_platform_0.9.10.a(cc_lib.c.obj)
                0x20000098                invalid_aes_256_bit_key
 .data.CCAsymCryptoMutex
                0x2000009c        0x4 C:/nordicsemi/v1.6.1/nrfxlib/crypto/nrf_cc312_platform/lib/cortex-m33/soft-float/no-interrupts/libnrf_cc312_platform_0.9.10.a(cc_pal.c.obj)
                0x2000009c                CCAsymCryptoMutex
 .data.CCPowerMutex
                0x200000a0        0x4 C:/nordicsemi/v1.6.1/nrfxlib/crypto/nrf_cc312_platform/lib/cortex-m33/soft-float/no-interrupts/libnrf_cc312_platform_0.9.10.a(cc_pal.c.obj)
                0x200000a0                CCPowerMutex
 .data.CCRndCryptoMutex
                0x200000a4        0x4 C:/nordicsemi/v1.6.1/nrfxlib/crypto/nrf_cc312_platform/lib/cortex-m33/soft-float/no-interrupts/libnrf_cc312_platform_0.9.10.a(cc_pal.c.obj)
                0x200000a4                CCRndCryptoMutex
 .data.CCSymCryptoMutex
                0x200000a8        0x4 C:/nordicsemi/v1.6.1/nrfxlib/crypto/nrf_cc312_platform/lib/cortex-m33/soft-float/no-interrupts/libnrf_cc312_platform_0.9.10.a(cc_pal.c.obj)
                0x200000a8                CCSymCryptoMutex
 .data.pCCRndCryptoMutex
                0x200000ac        0x4 C:/nordicsemi/v1.6.1/nrfxlib/crypto/nrf_cc312_platform/lib/cortex-m33/soft-float/no-interrupts/libnrf_cc312_platform_0.9.10.a(cc_pal.c.obj)
                0x200000ac                pCCRndCryptoMutex
 .data.mbedtls_mutex_init